\BOOKMARK [1][-]{section.1}{Introduction}{}% 1
\BOOKMARK [2][-]{subsection.1.1}{Motivation}{section.1}% 2
\BOOKMARK [2][-]{subsection.1.2}{Key Innovations}{section.1}% 3
\BOOKMARK [2][-]{subsection.1.3}{Document Structure}{section.1}% 4
\BOOKMARK [1][-]{section.2}{Theoretical Foundations}{}% 5
\BOOKMARK [2][-]{subsection.2.1}{Quantum Computing Threat Model}{section.2}% 6
\BOOKMARK [2][-]{subsection.2.2}{Verifiable Delay Functions}{section.2}% 7
\BOOKMARK [2][-]{subsection.2.3}{Post-Quantum Cryptography}{section.2}% 8
\BOOKMARK [1][-]{section.3}{DAG-Knight VDF Algorithm}{}% 9
\BOOKMARK [2][-]{subsection.3.1}{Algorithm Overview}{section.3}% 10
\BOOKMARK [2][-]{subsection.3.2}{Quantum Enhancement}{section.3}% 11
\BOOKMARK [2][-]{subsection.3.3}{Security Properties}{section.3}% 12
\BOOKMARK [1][-]{section.4}{System Architecture}{}% 13
\BOOKMARK [2][-]{subsection.4.1}{Component Overview}{section.4}% 14
\BOOKMARK [2][-]{subsection.4.2}{Mining Engine}{section.4}% 15
\BOOKMARK [2][-]{subsection.4.3}{Hardware Abstraction Layer}{section.4}% 16
\BOOKMARK [1][-]{section.5}{Implementation Details}{}% 17
\BOOKMARK [2][-]{subsection.5.1}{CPU Mining Optimization}{section.5}% 18
\BOOKMARK [2][-]{subsection.5.2}{GPU Kernel Optimization}{section.5}% 19
\BOOKMARK [2][-]{subsection.5.3}{Network Protocol}{section.5}% 20
\BOOKMARK [1][-]{section.6}{Performance Analysis}{}% 21
\BOOKMARK [2][-]{subsection.6.1}{Benchmarking Methodology}{section.6}% 22
\BOOKMARK [2][-]{subsection.6.2}{Hash Rate Performance}{section.6}% 23
\BOOKMARK [2][-]{subsection.6.3}{Power Efficiency}{section.6}% 24
\BOOKMARK [2][-]{subsection.6.4}{Scalability Analysis}{section.6}% 25
\BOOKMARK [1][-]{section.7}{Security Considerations}{}% 26
\BOOKMARK [2][-]{subsection.7.1}{Threat Analysis}{section.7}% 27
\BOOKMARK [2][-]{subsection.7.2}{Anonymity Guarantees}{section.7}% 28
\BOOKMARK [2][-]{subsection.7.3}{Cryptographic Security}{section.7}% 29
\BOOKMARK [1][-]{section.8}{Economic Model}{}% 30
\BOOKMARK [2][-]{subsection.8.1}{Mining Rewards}{section.8}% 31
\BOOKMARK [2][-]{subsection.8.2}{Difficulty Adjustment}{section.8}% 32
\BOOKMARK [2][-]{subsection.8.3}{Revenue Projections}{section.8}% 33
\BOOKMARK [1][-]{section.9}{Deployment and Distribution}{}% 34
\BOOKMARK [2][-]{subsection.9.1}{Platform Support}{section.9}% 35
\BOOKMARK [2][-]{subsection.9.2}{Installation Process}{section.9}% 36
\BOOKMARK [2][-]{subsection.9.3}{Configuration Management}{section.9}% 37
\BOOKMARK [1][-]{section.10}{Future Development}{}% 38
\BOOKMARK [2][-]{subsection.10.1}{Roadmap}{section.10}% 39
\BOOKMARK [2][-]{subsection.10.2}{Research Directions}{section.10}% 40
\BOOKMARK [2][-]{subsection.10.3}{Community Development}{section.10}% 41
\BOOKMARK [1][-]{section.11}{Conclusion}{}% 42
\BOOKMARK [1][-]{appendix.A}{Technical Specifications}{}% 43
\BOOKMARK [2][-]{subsection.A.1}{Algorithm Parameters}{appendix.A}% 44
\BOOKMARK [2][-]{subsection.A.2}{Network Protocol}{appendix.A}% 45
\BOOKMARK [2][-]{subsection.A.3}{Error Codes}{appendix.A}% 46
\BOOKMARK [1][-]{appendix.B}{Installation Guide}{}% 47
\BOOKMARK [2][-]{subsection.B.1}{System Requirements}{appendix.B}% 48
\BOOKMARK [2][-]{subsection.B.2}{Quick Start Guide}{appendix.B}% 49
\BOOKMARK [2][-]{subsection.B.3}{Troubleshooting}{appendix.B}% 50
\BOOKMARK [1][-]{appendix.C}{Glossary}{}% 51
