[2m2025-09-03T07:28:37.564715Z[0m [32m INFO[0m [2mq_api_server[0m[2m:[0m Starting Q-NarwhalKnight API Server on port 8099
[2m2025-09-03T07:28:37.564854Z[0m [32m INFO[0m [2mq_api_server[0m[2m:[0m 🆔 Generated new node ID: a5709fda3f755f4921167b6091fa2a40d176124ed0af7ea090449f488407e6a9
[2m2025-09-03T07:28:37.564861Z[0m [32m INFO[0m [2mq_api_server[0m[2m:[0m 🚀 Initializing Q-NarwhalKnight Triple-Layer Anonymity Network
[2m2025-09-03T07:28:37.564866Z[0m [32m INFO[0m [2mq_api_server[0m[2m:[0m 📡 Node ID: a5709fda3f755f4921167b6091fa2a40d176124ed0af7ea090449f488407e6a9
[2m2025-09-03T07:28:37.564872Z[0m [32m INFO[0m [2mq_api_server[0m[2m:[0m 🧅 Starting Tor client...
[2m2025-09-03T07:28:38.049557Z[0m [32m INFO[0m [2mq_api_server[0m[2m:[0m ✅ Tor client initialized successfully
[2m2025-09-03T07:28:38.049615Z[0m [32m INFO[0m [2mq_api_server[0m[2m:[0m ₿ 🧅 Initializing Bitcoin-Tor Bridge...
[2m2025-09-03T07:28:38.049623Z[0m [32m INFO[0m [2mq_api_server[0m[2m:[0m 🔗 Using custom Bitcoin RPC URL from environment
[2m2025-09-03T07:28:38.385989Z[0m [32m INFO[0m [2mq_api_server[0m[2m:[0m ✅ Bitcoin-Tor Bridge initialized
[2m2025-09-03T07:28:38.386044Z[0m [32m INFO[0m [2mq_api_server[0m[2m:[0m 🌐 Onion address: a5709fda3f755f4921167b6091fa2a40.onion
[2m2025-09-03T07:28:38.386108Z[0m [32m INFO[0m [2mq_api_server[0m[2m:[0m 🚀 Bitcoin-Tor Bridge started successfully
[2m2025-09-03T07:28:38.386115Z[0m [32m INFO[0m [2mq_api_server[0m[2m:[0m 📡 Starting peer discovery through Bitcoin network...
[2m2025-09-03T07:28:38.386119Z[0m [32m INFO[0m [2mq_api_server[0m[2m:[0m 🌐 👻 Initializing DNS-Phantom Network...
[2m2025-09-03T07:28:38.814253Z[0m [32m INFO[0m [2mq_api_server[0m[2m:[0m ✅ DNS-Phantom Network initialized
[2m2025-09-03T07:28:38.814359Z[0m [32m INFO[0m [2mq_api_server[0m[2m:[0m 🔮 Steganographic communication ready
[2m2025-09-03T07:28:38.814363Z[0m [32m INFO[0m [2mq_api_server[0m[2m:[0m 🌍 Using DNS providers: Cloudflare, Google, Quad9, OpenDNS
[2m2025-09-03T07:28:38.814401Z[0m [32m INFO[0m [2mq_api_server[0m[2m:[0m 🚀 DNS-Phantom Network started successfully
[2m2025-09-03T07:28:38.814405Z[0m [32m INFO[0m [2mq_api_server[0m[2m:[0m 👻 Invisible internet within the internet is now active
[2m2025-09-03T07:28:38.816526Z[0m [32m INFO[0m [2mq_api_server[0m[2m:[0m 🌟 ================================
[2m2025-09-03T07:28:38.816575Z[0m [32m INFO[0m [2mq_api_server[0m[2m:[0m 🌟   Q-NARWHALKNIGHT ACTIVATED   
[2m2025-09-03T07:28:38.816580Z[0m [32m INFO[0m [2mq_api_server[0m[2m:[0m 🌟 ================================
[2m2025-09-03T07:28:38.816587Z[0m [32m INFO[0m [2mq_api_server[0m[2m:[0m 🆔 Node ID: a5709fda3f755f4921167b6091fa2a40d176124ed0af7ea090449f488407e6a9
[2m2025-09-03T07:28:38.816592Z[0m [32m INFO[0m [2mq_api_server[0m[2m:[0m 🧅 Tor Integration: ✅ Active
[2m2025-09-03T07:28:38.816596Z[0m [32m INFO[0m [2mq_api_server[0m[2m:[0m ₿  Bitcoin Discovery: ✅ Active
[2m2025-09-03T07:28:38.816600Z[0m [32m INFO[0m [2mq_api_server[0m[2m:[0m 👻 DNS-Phantom Network: ✅ Active
[2m2025-09-03T07:28:38.816604Z[0m [32m INFO[0m [2mq_api_server[0m[2m:[0m 🌟 ================================
[2m2025-09-03T07:28:38.816987Z[0m [32m INFO[0m [2mq_api_server[0m[2m:[0m API server listening on 0.0.0.0:8099
[2m2025-09-03T07:28:38.817356Z[0m [32m INFO[0m [2mq_api_server[0m[2m:[0m 🔍 Starting automatic peer discovery through Bitcoin network...
[2m2025-09-03T07:28:38.817438Z[0m [32m INFO[0m [2mq_api_server[0m[2m:[0m 👻 Starting DNS-Phantom network monitoring...
[2m2025-09-03T07:28:53.655858Z[0m [34mDEBUG[0m [1mrequest[0m[1m{[0m[3mmethod[0m[2m=[0mGET [3muri[0m[2m=[0m/health [3mversion[0m[2m=[0mHTTP/1.1[1m}[0m[2m:[0m [2mtower_http::trace::on_request[0m[2m:[0m started processing request
[2m2025-09-03T07:28:53.656061Z[0m [34mDEBUG[0m [1mrequest[0m[1m{[0m[3mmethod[0m[2m=[0mGET [3muri[0m[2m=[0m/health [3mversion[0m[2m=[0mHTTP/1.1[1m}[0m[2m:[0m [2mtower_http::trace::on_response[0m[2m:[0m finished processing request [3mlatency[0m[2m=[0m0 ms [3mstatus[0m[2m=[0m200
[2m2025-09-03T07:29:41.243411Z[0m [34mDEBUG[0m [1mrequest[0m[1m{[0m[3mmethod[0m[2m=[0mGET [3muri[0m[2m=[0m/health [3mversion[0m[2m=[0mHTTP/1.1[1m}[0m[2m:[0m [2mtower_http::trace::on_request[0m[2m:[0m started processing request
[2m2025-09-03T07:29:41.243518Z[0m [34mDEBUG[0m [1mrequest[0m[1m{[0m[3mmethod[0m[2m=[0mGET [3muri[0m[2m=[0m/health [3mversion[0m[2m=[0mHTTP/1.1[1m}[0m[2m:[0m [2mtower_http::trace::on_response[0m[2m:[0m finished processing request [3mlatency[0m[2m=[0m0 ms [3mstatus[0m[2m=[0m200
[2m2025-09-03T07:29:41.257060Z[0m [34mDEBUG[0m [1mrequest[0m[1m{[0m[3mmethod[0m[2m=[0mGET [3muri[0m[2m=[0m/api/v1/node/status [3mversion[0m[2m=[0mHTTP/1.1[1m}[0m[2m:[0m [2mtower_http::trace::on_request[0m[2m:[0m started processing request
[2m2025-09-03T07:29:41.257148Z[0m [34mDEBUG[0m [1mrequest[0m[1m{[0m[3mmethod[0m[2m=[0mGET [3muri[0m[2m=[0m/api/v1/node/status [3mversion[0m[2m=[0mHTTP/1.1[1m}[0m[2m:[0m [2mtower_http::trace::on_response[0m[2m:[0m finished processing request [3mlatency[0m[2m=[0m0 ms [3mstatus[0m[2m=[0m200
[2m2025-09-03T07:29:41.297609Z[0m [34mDEBUG[0m [1mrequest[0m[1m{[0m[3mmethod[0m[2m=[0mGET [3muri[0m[2m=[0m/api/v1/node/status [3mversion[0m[2m=[0mHTTP/1.1[1m}[0m[2m:[0m [2mtower_http::trace::on_request[0m[2m:[0m started processing request
[2m2025-09-03T07:29:41.297707Z[0m [34mDEBUG[0m [1mrequest[0m[1m{[0m[3mmethod[0m[2m=[0mGET [3muri[0m[2m=[0m/api/v1/node/status [3mversion[0m[2m=[0mHTTP/1.1[1m}[0m[2m:[0m [2mtower_http::trace::on_response[0m[2m:[0m finished processing request [3mlatency[0m[2m=[0m0 ms [3mstatus[0m[2m=[0m200
[2m2025-09-03T07:30:06.059963Z[0m [34mDEBUG[0m [1mrequest[0m[1m{[0m[3mmethod[0m[2m=[0mGET [3muri[0m[2m=[0m/health [3mversion[0m[2m=[0mHTTP/1.1[1m}[0m[2m:[0m [2mtower_http::trace::on_request[0m[2m:[0m started processing request
[2m2025-09-03T07:30:06.060072Z[0m [34mDEBUG[0m [1mrequest[0m[1m{[0m[3mmethod[0m[2m=[0mGET [3muri[0m[2m=[0m/health [3mversion[0m[2m=[0mHTTP/1.1[1m}[0m[2m:[0m [2mtower_http::trace::on_response[0m[2m:[0m finished processing request [3mlatency[0m[2m=[0m0 ms [3mstatus[0m[2m=[0m200
[2m2025-09-03T07:30:06.174544Z[0m [34mDEBUG[0m [1mrequest[0m[1m{[0m[3mmethod[0m[2m=[0mGET [3muri[0m[2m=[0m/api/v1/node/status [3mversion[0m[2m=[0mHTTP/1.1[1m}[0m[2m:[0m [2mtower_http::trace::on_request[0m[2m:[0m started processing request
[2m2025-09-03T07:30:06.174727Z[0m [34mDEBUG[0m [1mrequest[0m[1m{[0m[3mmethod[0m[2m=[0mGET [3muri[0m[2m=[0m/api/v1/node/status [3mversion[0m[2m=[0mHTTP/1.1[1m}[0m[2m:[0m [2mtower_http::trace::on_response[0m[2m:[0m finished processing request [3mlatency[0m[2m=[0m0 ms [3mstatus[0m[2m=[0m200
[2m2025-09-03T07:30:22.839222Z[0m [34mDEBUG[0m [1mrequest[0m[1m{[0m[3mmethod[0m[2m=[0mGET [3muri[0m[2m=[0m/health [3mversion[0m[2m=[0mHTTP/1.1[1m}[0m[2m:[0m [2mtower_http::trace::on_request[0m[2m:[0m started processing request
[2m2025-09-03T07:30:22.839295Z[0m [34mDEBUG[0m [1mrequest[0m[1m{[0m[3mmethod[0m[2m=[0mGET [3muri[0m[2m=[0m/health [3mversion[0m[2m=[0mHTTP/1.1[1m}[0m[2m:[0m [2mtower_http::trace::on_response[0m[2m:[0m finished processing request [3mlatency[0m[2m=[0m0 ms [3mstatus[0m[2m=[0m200
[2m2025-09-03T07:30:22.863050Z[0m [34mDEBUG[0m [1mrequest[0m[1m{[0m[3mmethod[0m[2m=[0mGET [3muri[0m[2m=[0m/api/v1/node/status [3mversion[0m[2m=[0mHTTP/1.1[1m}[0m[2m:[0m [2mtower_http::trace::on_request[0m[2m:[0m started processing request
[2m2025-09-03T07:30:22.863173Z[0m [34mDEBUG[0m [1mrequest[0m[1m{[0m[3mmethod[0m[2m=[0mGET [3muri[0m[2m=[0m/api/v1/node/status [3mversion[0m[2m=[0mHTTP/1.1[1m}[0m[2m:[0m [2mtower_http::trace::on_response[0m[2m:[0m finished processing request [3mlatency[0m[2m=[0m0 ms [3mstatus[0m[2m=[0m200
[2m2025-09-03T07:30:39.631135Z[0m [34mDEBUG[0m [1mrequest[0m[1m{[0m[3mmethod[0m[2m=[0mGET [3muri[0m[2m=[0m/health [3mversion[0m[2m=[0mHTTP/1.1[1m}[0m[2m:[0m [2mtower_http::trace::on_request[0m[2m:[0m started processing request
[2m2025-09-03T07:30:39.631234Z[0m [34mDEBUG[0m [1mrequest[0m[1m{[0m[3mmethod[0m[2m=[0mGET [3muri[0m[2m=[0m/health [3mversion[0m[2m=[0mHTTP/1.1[1m}[0m[2m:[0m [2mtower_http::trace::on_response[0m[2m:[0m finished processing request [3mlatency[0m[2m=[0m0 ms [3mstatus[0m[2m=[0m200
[2m2025-09-03T07:30:39.672139Z[0m [34mDEBUG[0m [1mrequest[0m[1m{[0m[3mmethod[0m[2m=[0mGET [3muri[0m[2m=[0m/api/v1/node/status [3mversion[0m[2m=[0mHTTP/1.1[1m}[0m[2m:[0m [2mtower_http::trace::on_request[0m[2m:[0m started processing request
[2m2025-09-03T07:30:39.672222Z[0m [34mDEBUG[0m [1mrequest[0m[1m{[0m[3mmethod[0m[2m=[0mGET [3muri[0m[2m=[0m/api/v1/node/status [3mversion[0m[2m=[0mHTTP/1.1[1m}[0m[2m:[0m [2mtower_http::trace::on_response[0m[2m:[0m finished processing request [3mlatency[0m[2m=[0m0 ms [3mstatus[0m[2m=[0m200
[2m2025-09-03T07:30:41.770992Z[0m [34mDEBUG[0m [1mrequest[0m[1m{[0m[3mmethod[0m[2m=[0mGET [3muri[0m[2m=[0m/health [3mversion[0m[2m=[0mHTTP/1.1[1m}[0m[2m:[0m [2mtower_http::trace::on_request[0m[2m:[0m started processing request
[2m2025-09-03T07:30:41.771710Z[0m [34mDEBUG[0m [1mrequest[0m[1m{[0m[3mmethod[0m[2m=[0mGET [3muri[0m[2m=[0m/health [3mversion[0m[2m=[0mHTTP/1.1[1m}[0m[2m:[0m [2mtower_http::trace::on_response[0m[2m:[0m finished processing request [3mlatency[0m[2m=[0m0 ms [3mstatus[0m[2m=[0m200
[2m2025-09-03T07:30:41.802116Z[0m [34mDEBUG[0m [1mrequest[0m[1m{[0m[3mmethod[0m[2m=[0mGET [3muri[0m[2m=[0m/api/v1/node/status [3mversion[0m[2m=[0mHTTP/1.1[1m}[0m[2m:[0m [2mtower_http::trace::on_request[0m[2m:[0m started processing request
[2m2025-09-03T07:30:41.802224Z[0m [34mDEBUG[0m [1mrequest[0m[1m{[0m[3mmethod[0m[2m=[0mGET [3muri[0m[2m=[0m/api/v1/node/status [3mversion[0m[2m=[0mHTTP/1.1[1m}[0m[2m:[0m [2mtower_http::trace::on_response[0m[2m:[0m finished processing request [3mlatency[0m[2m=[0m0 ms [3mstatus[0m[2m=[0m200
[2m2025-09-03T07:34:24.008284Z[0m [34mDEBUG[0m [1mrequest[0m[1m{[0m[3mmethod[0m[2m=[0mGET [3muri[0m[2m=[0m/api/v1/node/status [3mversion[0m[2m=[0mHTTP/1.1[1m}[0m[2m:[0m [2mtower_http::trace::on_request[0m[2m:[0m started processing request
[2m2025-09-03T07:34:24.010598Z[0m [34mDEBUG[0m [1mrequest[0m[1m{[0m[3mmethod[0m[2m=[0mGET [3muri[0m[2m=[0m/api/v1/node/status [3mversion[0m[2m=[0mHTTP/1.1[1m}[0m[2m:[0m [2mtower_http::trace::on_response[0m[2m:[0m finished processing request [3mlatency[0m[2m=[0m2 ms [3mstatus[0m[2m=[0m200
[2m2025-09-03T07:34:24.551271Z[0m [34mDEBUG[0m [1mrequest[0m[1m{[0m[3mmethod[0m[2m=[0mGET [3muri[0m[2m=[0m/api/v1/wallets [3mversion[0m[2m=[0mHTTP/1.1[1m}[0m[2m:[0m [2mtower_http::trace::on_request[0m[2m:[0m started processing request
[2m2025-09-03T07:34:24.551410Z[0m [34mDEBUG[0m [1mrequest[0m[1m{[0m[3mmethod[0m[2m=[0mGET [3muri[0m[2m=[0m/api/v1/wallets [3mversion[0m[2m=[0mHTTP/1.1[1m}[0m[2m:[0m [2mq_api_server::handlers[0m[2m:[0m Listing all wallets
[2m2025-09-03T07:34:24.551458Z[0m [34mDEBUG[0m [1mrequest[0m[1m{[0m[3mmethod[0m[2m=[0mGET [3muri[0m[2m=[0m/api/v1/wallets [3mversion[0m[2m=[0mHTTP/1.1[1m}[0m[2m:[0m [2mtower_http::trace::on_response[0m[2m:[0m finished processing request [3mlatency[0m[2m=[0m0 ms [3mstatus[0m[2m=[0m200
[2m2025-09-03T07:34:30.520672Z[0m [34mDEBUG[0m [1mrequest[0m[1m{[0m[3mmethod[0m[2m=[0mGET [3muri[0m[2m=[0m/api/v1/node/status [3mversion[0m[2m=[0mHTTP/1.1[1m}[0m[2m:[0m [2mtower_http::trace::on_request[0m[2m:[0m started processing request
[2m2025-09-03T07:34:30.520801Z[0m [34mDEBUG[0m [1mrequest[0m[1m{[0m[3mmethod[0m[2m=[0mGET [3muri[0m[2m=[0m/api/v1/node/status [3mversion[0m[2m=[0mHTTP/1.1[1m}[0m[2m:[0m [2mtower_http::trace::on_response[0m[2m:[0m finished processing request [3mlatency[0m[2m=[0m0 ms [3mstatus[0m[2m=[0m200
[2m2025-09-03T07:34:33.661612Z[0m [34mDEBUG[0m [1mrequest[0m[1m{[0m[3mmethod[0m[2m=[0mGET [3muri[0m[2m=[0m/api/v1/node/status [3mversion[0m[2m=[0mHTTP/1.1[1m}[0m[2m:[0m [2mtower_http::trace::on_request[0m[2m:[0m started processing request
[2m2025-09-03T07:34:33.661714Z[0m [34mDEBUG[0m [1mrequest[0m[1m{[0m[3mmethod[0m[2m=[0mGET [3muri[0m[2m=[0m/api/v1/node/status [3mversion[0m[2m=[0mHTTP/1.1[1m}[0m[2m:[0m [2mtower_http::trace::on_response[0m[2m:[0m finished processing request [3mlatency[0m[2m=[0m0 ms [3mstatus[0m[2m=[0m200
[2m2025-09-03T08:34:38.819718Z[0m [33m WARN[0m [2mq_api_server[0m[2m:[0m 🚨 DNS Cache anomaly detected: delayed_phantom_query on Cloudflare (risk: 0.50)
[2m2025-09-03T08:36:38.819248Z[0m [33m WARN[0m [2mq_api_server[0m[2m:[0m 🚨 DNS Cache anomaly detected: delayed_phantom_query on Cloudflare (risk: 0.50)
[2m2025-09-03T08:38:38.819235Z[0m [33m WARN[0m [2mq_api_server[0m[2m:[0m 🚨 DNS Cache anomaly detected: delayed_phantom_query on Cloudflare (risk: 0.50)
[2m2025-09-03T08:40:38.819666Z[0m [33m WARN[0m [2mq_api_server[0m[2m:[0m 🚨 DNS Cache anomaly detected: delayed_phantom_query on Cloudflare (risk: 0.50)
[2m2025-09-03T08:42:38.819084Z[0m [33m WARN[0m [2mq_api_server[0m[2m:[0m 🚨 DNS Cache anomaly detected: delayed_phantom_query on Cloudflare (risk: 0.50)
[2m2025-09-03T08:44:38.818511Z[0m [33m WARN[0m [2mq_api_server[0m[2m:[0m 🚨 DNS Cache anomaly detected: delayed_phantom_query on Cloudflare (risk: 0.50)
[2m2025-09-03T08:46:38.825789Z[0m [33m WARN[0m [2mq_api_server[0m[2m:[0m 🚨 DNS Cache anomaly detected: delayed_phantom_query on Cloudflare (risk: 0.50)
[2m2025-09-03T08:48:38.821558Z[0m [33m WARN[0m [2mq_api_server[0m[2m:[0m 🚨 DNS Cache anomaly detected: delayed_phantom_query on Cloudflare (risk: 0.50)
[2m2025-09-03T08:50:38.833020Z[0m [33m WARN[0m [2mq_api_server[0m[2m:[0m 🚨 DNS Cache anomaly detected: delayed_phantom_query on Cloudflare (risk: 0.50)
[2m2025-09-03T08:52:38.818984Z[0m [33m WARN[0m [2mq_api_server[0m[2m:[0m 🚨 DNS Cache anomaly detected: delayed_phantom_query on Cloudflare (risk: 0.50)
[2m2025-09-03T08:54:38.822558Z[0m [33m WARN[0m [2mq_api_server[0m[2m:[0m 🚨 DNS Cache anomaly detected: delayed_phantom_query on Cloudflare (risk: 0.50)
[2m2025-09-03T08:56:38.818587Z[0m [33m WARN[0m [2mq_api_server[0m[2m:[0m 🚨 DNS Cache anomaly detected: delayed_phantom_query on Cloudflare (risk: 0.50)
[2m2025-09-03T08:58:38.819697Z[0m [33m WARN[0m [2mq_api_server[0m[2m:[0m 🚨 DNS Cache anomaly detected: delayed_phantom_query on Cloudflare (risk: 0.50)
[2m2025-09-03T09:00:38.818956Z[0m [33m WARN[0m [2mq_api_server[0m[2m:[0m 🚨 DNS Cache anomaly detected: delayed_phantom_query on Cloudflare (risk: 0.50)
[2m2025-09-03T09:02:38.834283Z[0m [33m WARN[0m [2mq_api_server[0m[2m:[0m 🚨 DNS Cache anomaly detected: delayed_phantom_query on Cloudflare (risk: 0.50)
[2m2025-09-03T09:04:38.848599Z[0m [33m WARN[0m [2mq_api_server[0m[2m:[0m 🚨 DNS Cache anomaly detected: delayed_phantom_query on Cloudflare (risk: 0.50)
[2m2025-09-03T09:06:38.819142Z[0m [33m WARN[0m [2mq_api_server[0m[2m:[0m 🚨 DNS Cache anomaly detected: delayed_phantom_query on Cloudflare (risk: 0.50)
