[2m2025-09-03T07:28:15.489520Z[0m [32m INFO[0m [2mq_api_server[0m[2m:[0m Starting Q-NarwhalKnight API Server on port 8088
[2m2025-09-03T07:28:15.489638Z[0m [32m INFO[0m [2mq_api_server[0m[2m:[0m 🆔 Generated new node ID: 10d414a86c0f6de5d78432f3b2ed6fc26f071e40958676a33c3663342ff432bb
[2m2025-09-03T07:28:15.489649Z[0m [32m INFO[0m [2mq_api_server[0m[2m:[0m 🚀 Initializing Q-NarwhalKnight Triple-Layer Anonymity Network
[2m2025-09-03T07:28:15.489655Z[0m [32m INFO[0m [2mq_api_server[0m[2m:[0m 📡 Node ID: 10d414a86c0f6de5d78432f3b2ed6fc26f071e40958676a33c3663342ff432bb
[2m2025-09-03T07:28:15.489659Z[0m [32m INFO[0m [2mq_api_server[0m[2m:[0m 🧅 Starting Tor client...
[2m2025-09-03T07:28:16.087096Z[0m [32m INFO[0m [2mq_api_server[0m[2m:[0m ✅ Tor client initialized successfully
[2m2025-09-03T07:28:16.092064Z[0m [32m INFO[0m [2mq_api_server[0m[2m:[0m ₿ 🧅 Initializing Bitcoin-Tor Bridge...
[2m2025-09-03T07:28:16.092080Z[0m [32m INFO[0m [2mq_api_server[0m[2m:[0m 🔗 Using custom Bitcoin RPC URL from environment
[2m2025-09-03T07:28:16.950629Z[0m [32m INFO[0m [2mq_api_server[0m[2m:[0m ✅ Bitcoin-Tor Bridge initialized
[2m2025-09-03T07:28:16.950703Z[0m [32m INFO[0m [2mq_api_server[0m[2m:[0m 🌐 Onion address: 10d414a86c0f6de5d78432f3b2ed6fc2.onion
[2m2025-09-03T07:28:16.950758Z[0m [32m INFO[0m [2mq_api_server[0m[2m:[0m 🚀 Bitcoin-Tor Bridge started successfully
[2m2025-09-03T07:28:16.950764Z[0m [32m INFO[0m [2mq_api_server[0m[2m:[0m 📡 Starting peer discovery through Bitcoin network...
[2m2025-09-03T07:28:16.950768Z[0m [32m INFO[0m [2mq_api_server[0m[2m:[0m 🌐 👻 Initializing DNS-Phantom Network...
[2m2025-09-03T07:28:17.429157Z[0m [32m INFO[0m [2mq_api_server[0m[2m:[0m ✅ DNS-Phantom Network initialized
[2m2025-09-03T07:28:17.429213Z[0m [32m INFO[0m [2mq_api_server[0m[2m:[0m 🔮 Steganographic communication ready
[2m2025-09-03T07:28:17.429218Z[0m [32m INFO[0m [2mq_api_server[0m[2m:[0m 🌍 Using DNS providers: Cloudflare, Google, Quad9, OpenDNS
[2m2025-09-03T07:28:17.433494Z[0m [32m INFO[0m [2mq_api_server[0m[2m:[0m 🚀 DNS-Phantom Network started successfully
[2m2025-09-03T07:28:17.433551Z[0m [32m INFO[0m [2mq_api_server[0m[2m:[0m 👻 Invisible internet within the internet is now active
[2m2025-09-03T07:28:17.440148Z[0m [32m INFO[0m [2mq_api_server[0m[2m:[0m 🌟 ================================
[2m2025-09-03T07:28:17.440206Z[0m [32m INFO[0m [2mq_api_server[0m[2m:[0m 🌟   Q-NARWHALKNIGHT ACTIVATED   
[2m2025-09-03T07:28:17.440212Z[0m [32m INFO[0m [2mq_api_server[0m[2m:[0m 🌟 ================================
[2m2025-09-03T07:28:17.440219Z[0m [32m INFO[0m [2mq_api_server[0m[2m:[0m 🆔 Node ID: 10d414a86c0f6de5d78432f3b2ed6fc26f071e40958676a33c3663342ff432bb
[2m2025-09-03T07:28:17.440225Z[0m [32m INFO[0m [2mq_api_server[0m[2m:[0m 🧅 Tor Integration: ✅ Active
[2m2025-09-03T07:28:17.440229Z[0m [32m INFO[0m [2mq_api_server[0m[2m:[0m ₿  Bitcoin Discovery: ✅ Active
[2m2025-09-03T07:28:17.440233Z[0m [32m INFO[0m [2mq_api_server[0m[2m:[0m 👻 DNS-Phantom Network: ✅ Active
[2m2025-09-03T07:28:17.440237Z[0m [32m INFO[0m [2mq_api_server[0m[2m:[0m 🌟 ================================
[2m2025-09-03T07:28:17.441278Z[0m [32m INFO[0m [2mq_api_server[0m[2m:[0m 🔍 Starting automatic peer discovery through Bitcoin network...
[2m2025-09-03T07:28:17.441313Z[0m [32m INFO[0m [2mq_api_server[0m[2m:[0m 👻 Starting DNS-Phantom network monitoring...
[2m2025-09-03T07:28:17.446812Z[0m [32m INFO[0m [2mq_api_server[0m[2m:[0m API server listening on 0.0.0.0:8088
[2m2025-09-03T07:28:53.362955Z[0m [34mDEBUG[0m [1mrequest[0m[1m{[0m[3mmethod[0m[2m=[0mGET [3muri[0m[2m=[0m/health [3mversion[0m[2m=[0mHTTP/1.1[1m}[0m[2m:[0m [2mtower_http::trace::on_request[0m[2m:[0m started processing request
[2m2025-09-03T07:28:53.363054Z[0m [34mDEBUG[0m [1mrequest[0m[1m{[0m[3mmethod[0m[2m=[0mGET [3muri[0m[2m=[0m/health [3mversion[0m[2m=[0mHTTP/1.1[1m}[0m[2m:[0m [2mtower_http::trace::on_response[0m[2m:[0m finished processing request [3mlatency[0m[2m=[0m0 ms [3mstatus[0m[2m=[0m200
[2m2025-09-03T07:29:39.887246Z[0m [34mDEBUG[0m [1mrequest[0m[1m{[0m[3mmethod[0m[2m=[0mGET [3muri[0m[2m=[0m/health [3mversion[0m[2m=[0mHTTP/1.1[1m}[0m[2m:[0m [2mtower_http::trace::on_request[0m[2m:[0m started processing request
[2m2025-09-03T07:29:39.887334Z[0m [34mDEBUG[0m [1mrequest[0m[1m{[0m[3mmethod[0m[2m=[0mGET [3muri[0m[2m=[0m/health [3mversion[0m[2m=[0mHTTP/1.1[1m}[0m[2m:[0m [2mtower_http::trace::on_response[0m[2m:[0m finished processing request [3mlatency[0m[2m=[0m0 ms [3mstatus[0m[2m=[0m200
[2m2025-09-03T07:29:39.903719Z[0m [34mDEBUG[0m [1mrequest[0m[1m{[0m[3mmethod[0m[2m=[0mGET [3muri[0m[2m=[0m/api/v1/node/status [3mversion[0m[2m=[0mHTTP/1.1[1m}[0m[2m:[0m [2mtower_http::trace::on_request[0m[2m:[0m started processing request
[2m2025-09-03T07:29:39.904171Z[0m [34mDEBUG[0m [1mrequest[0m[1m{[0m[3mmethod[0m[2m=[0mGET [3muri[0m[2m=[0m/api/v1/node/status [3mversion[0m[2m=[0mHTTP/1.1[1m}[0m[2m:[0m [2mtower_http::trace::on_response[0m[2m:[0m finished processing request [3mlatency[0m[2m=[0m0 ms [3mstatus[0m[2m=[0m200
[2m2025-09-03T07:29:39.945583Z[0m [34mDEBUG[0m [1mrequest[0m[1m{[0m[3mmethod[0m[2m=[0mGET [3muri[0m[2m=[0m/api/v1/node/status [3mversion[0m[2m=[0mHTTP/1.1[1m}[0m[2m:[0m [2mtower_http::trace::on_request[0m[2m:[0m started processing request
[2m2025-09-03T07:29:39.945822Z[0m [34mDEBUG[0m [1mrequest[0m[1m{[0m[3mmethod[0m[2m=[0mGET [3muri[0m[2m=[0m/api/v1/node/status [3mversion[0m[2m=[0mHTTP/1.1[1m}[0m[2m:[0m [2mtower_http::trace::on_response[0m[2m:[0m finished processing request [3mlatency[0m[2m=[0m0 ms [3mstatus[0m[2m=[0m200
[2m2025-09-03T07:29:59.843307Z[0m [34mDEBUG[0m [1mrequest[0m[1m{[0m[3mmethod[0m[2m=[0mGET [3muri[0m[2m=[0m/health [3mversion[0m[2m=[0mHTTP/1.1[1m}[0m[2m:[0m [2mtower_http::trace::on_request[0m[2m:[0m started processing request
[2m2025-09-03T07:29:59.843412Z[0m [34mDEBUG[0m [1mrequest[0m[1m{[0m[3mmethod[0m[2m=[0mGET [3muri[0m[2m=[0m/health [3mversion[0m[2m=[0mHTTP/1.1[1m}[0m[2m:[0m [2mtower_http::trace::on_response[0m[2m:[0m finished processing request [3mlatency[0m[2m=[0m0 ms [3mstatus[0m[2m=[0m200
[2m2025-09-03T07:29:59.857421Z[0m [34mDEBUG[0m [1mrequest[0m[1m{[0m[3mmethod[0m[2m=[0mGET [3muri[0m[2m=[0m/api/v1/node/status [3mversion[0m[2m=[0mHTTP/1.1[1m}[0m[2m:[0m [2mtower_http::trace::on_request[0m[2m:[0m started processing request
[2m2025-09-03T07:29:59.857528Z[0m [34mDEBUG[0m [1mrequest[0m[1m{[0m[3mmethod[0m[2m=[0mGET [3muri[0m[2m=[0m/api/v1/node/status [3mversion[0m[2m=[0mHTTP/1.1[1m}[0m[2m:[0m [2mtower_http::trace::on_response[0m[2m:[0m finished processing request [3mlatency[0m[2m=[0m0 ms [3mstatus[0m[2m=[0m200
[2m2025-09-03T07:30:19.339864Z[0m [34mDEBUG[0m [1mrequest[0m[1m{[0m[3mmethod[0m[2m=[0mGET [3muri[0m[2m=[0m/health [3mversion[0m[2m=[0mHTTP/1.1[1m}[0m[2m:[0m [2mtower_http::trace::on_request[0m[2m:[0m started processing request
[2m2025-09-03T07:30:19.339951Z[0m [34mDEBUG[0m [1mrequest[0m[1m{[0m[3mmethod[0m[2m=[0mGET [3muri[0m[2m=[0m/health [3mversion[0m[2m=[0mHTTP/1.1[1m}[0m[2m:[0m [2mtower_http::trace::on_response[0m[2m:[0m finished processing request [3mlatency[0m[2m=[0m0 ms [3mstatus[0m[2m=[0m200
[2m2025-09-03T07:30:19.355749Z[0m [34mDEBUG[0m [1mrequest[0m[1m{[0m[3mmethod[0m[2m=[0mGET [3muri[0m[2m=[0m/api/v1/node/status [3mversion[0m[2m=[0mHTTP/1.1[1m}[0m[2m:[0m [2mtower_http::trace::on_request[0m[2m:[0m started processing request
[2m2025-09-03T07:30:19.355862Z[0m [34mDEBUG[0m [1mrequest[0m[1m{[0m[3mmethod[0m[2m=[0mGET [3muri[0m[2m=[0m/api/v1/node/status [3mversion[0m[2m=[0mHTTP/1.1[1m}[0m[2m:[0m [2mtower_http::trace::on_response[0m[2m:[0m finished processing request [3mlatency[0m[2m=[0m0 ms [3mstatus[0m[2m=[0m200
[2m2025-09-03T07:30:36.113730Z[0m [34mDEBUG[0m [1mrequest[0m[1m{[0m[3mmethod[0m[2m=[0mGET [3muri[0m[2m=[0m/health [3mversion[0m[2m=[0mHTTP/1.1[1m}[0m[2m:[0m [2mtower_http::trace::on_request[0m[2m:[0m started processing request
[2m2025-09-03T07:30:36.113813Z[0m [34mDEBUG[0m [1mrequest[0m[1m{[0m[3mmethod[0m[2m=[0mGET [3muri[0m[2m=[0m/health [3mversion[0m[2m=[0mHTTP/1.1[1m}[0m[2m:[0m [2mtower_http::trace::on_response[0m[2m:[0m finished processing request [3mlatency[0m[2m=[0m0 ms [3mstatus[0m[2m=[0m200
[2m2025-09-03T07:30:36.141736Z[0m [34mDEBUG[0m [1mrequest[0m[1m{[0m[3mmethod[0m[2m=[0mGET [3muri[0m[2m=[0m/api/v1/node/status [3mversion[0m[2m=[0mHTTP/1.1[1m}[0m[2m:[0m [2mtower_http::trace::on_request[0m[2m:[0m started processing request
[2m2025-09-03T07:30:36.141854Z[0m [34mDEBUG[0m [1mrequest[0m[1m{[0m[3mmethod[0m[2m=[0mGET [3muri[0m[2m=[0m/api/v1/node/status [3mversion[0m[2m=[0mHTTP/1.1[1m}[0m[2m:[0m [2mtower_http::trace::on_response[0m[2m:[0m finished processing request [3mlatency[0m[2m=[0m0 ms [3mstatus[0m[2m=[0m200
[2m2025-09-03T07:30:40.768238Z[0m [34mDEBUG[0m [1mrequest[0m[1m{[0m[3mmethod[0m[2m=[0mGET [3muri[0m[2m=[0m/health [3mversion[0m[2m=[0mHTTP/1.1[1m}[0m[2m:[0m [2mtower_http::trace::on_request[0m[2m:[0m started processing request
[2m2025-09-03T07:30:40.768337Z[0m [34mDEBUG[0m [1mrequest[0m[1m{[0m[3mmethod[0m[2m=[0mGET [3muri[0m[2m=[0m/health [3mversion[0m[2m=[0mHTTP/1.1[1m}[0m[2m:[0m [2mtower_http::trace::on_response[0m[2m:[0m finished processing request [3mlatency[0m[2m=[0m0 ms [3mstatus[0m[2m=[0m200
[2m2025-09-03T07:30:40.820306Z[0m [34mDEBUG[0m [1mrequest[0m[1m{[0m[3mmethod[0m[2m=[0mGET [3muri[0m[2m=[0m/api/v1/node/status [3mversion[0m[2m=[0mHTTP/1.1[1m}[0m[2m:[0m [2mtower_http::trace::on_request[0m[2m:[0m started processing request
[2m2025-09-03T07:30:40.820415Z[0m [34mDEBUG[0m [1mrequest[0m[1m{[0m[3mmethod[0m[2m=[0mGET [3muri[0m[2m=[0m/api/v1/node/status [3mversion[0m[2m=[0mHTTP/1.1[1m}[0m[2m:[0m [2mtower_http::trace::on_response[0m[2m:[0m finished processing request [3mlatency[0m[2m=[0m0 ms [3mstatus[0m[2m=[0m200
[2m2025-09-03T07:32:02.859651Z[0m [34mDEBUG[0m [1mrequest[0m[1m{[0m[3mmethod[0m[2m=[0mGET [3muri[0m[2m=[0m/api/v1/node/status [3mversion[0m[2m=[0mHTTP/1.1[1m}[0m[2m:[0m [2mtower_http::trace::on_request[0m[2m:[0m started processing request
[2m2025-09-03T07:32:02.859765Z[0m [34mDEBUG[0m [1mrequest[0m[1m{[0m[3mmethod[0m[2m=[0mGET [3muri[0m[2m=[0m/api/v1/node/status [3mversion[0m[2m=[0mHTTP/1.1[1m}[0m[2m:[0m [2mtower_http::trace::on_response[0m[2m:[0m finished processing request [3mlatency[0m[2m=[0m0 ms [3mstatus[0m[2m=[0m200
[2m2025-09-03T07:33:21.195165Z[0m [34mDEBUG[0m [1mrequest[0m[1m{[0m[3mmethod[0m[2m=[0mGET [3muri[0m[2m=[0mhttp://ip-api.com/json/ [3mversion[0m[2m=[0mHTTP/1.1[1m}[0m[2m:[0m [2mtower_http::trace::on_request[0m[2m:[0m started processing request
[2m2025-09-03T07:33:21.201901Z[0m [34mDEBUG[0m [1mrequest[0m[1m{[0m[3mmethod[0m[2m=[0mGET [3muri[0m[2m=[0mhttp://ip-api.com/json/ [3mversion[0m[2m=[0mHTTP/1.1[1m}[0m[2m:[0m [2mtower_http::trace::on_response[0m[2m:[0m finished processing request [3mlatency[0m[2m=[0m6 ms [3mstatus[0m[2m=[0m404
[2m2025-09-03T07:34:12.231996Z[0m [34mDEBUG[0m [1mrequest[0m[1m{[0m[3mmethod[0m[2m=[0mGET [3muri[0m[2m=[0m/api/v1/node/status [3mversion[0m[2m=[0mHTTP/1.1[1m}[0m[2m:[0m [2mtower_http::trace::on_request[0m[2m:[0m started processing request
[2m2025-09-03T07:34:12.232118Z[0m [34mDEBUG[0m [1mrequest[0m[1m{[0m[3mmethod[0m[2m=[0mGET [3muri[0m[2m=[0m/api/v1/node/status [3mversion[0m[2m=[0mHTTP/1.1[1m}[0m[2m:[0m [2mtower_http::trace::on_response[0m[2m:[0m finished processing request [3mlatency[0m[2m=[0m0 ms [3mstatus[0m[2m=[0m200
[2m2025-09-03T07:34:12.664594Z[0m [34mDEBUG[0m [1mrequest[0m[1m{[0m[3mmethod[0m[2m=[0mGET [3muri[0m[2m=[0m/api/v1/wallets [3mversion[0m[2m=[0mHTTP/1.1[1m}[0m[2m:[0m [2mtower_http::trace::on_request[0m[2m:[0m started processing request
[2m2025-09-03T07:34:12.664654Z[0m [34mDEBUG[0m [1mrequest[0m[1m{[0m[3mmethod[0m[2m=[0mGET [3muri[0m[2m=[0m/api/v1/wallets [3mversion[0m[2m=[0mHTTP/1.1[1m}[0m[2m:[0m [2mq_api_server::handlers[0m[2m:[0m Listing all wallets
[2m2025-09-03T07:34:12.664699Z[0m [34mDEBUG[0m [1mrequest[0m[1m{[0m[3mmethod[0m[2m=[0mGET [3muri[0m[2m=[0m/api/v1/wallets [3mversion[0m[2m=[0mHTTP/1.1[1m}[0m[2m:[0m [2mtower_http::trace::on_response[0m[2m:[0m finished processing request [3mlatency[0m[2m=[0m0 ms [3mstatus[0m[2m=[0m200
[2m2025-09-03T07:34:28.030434Z[0m [34mDEBUG[0m [1mrequest[0m[1m{[0m[3mmethod[0m[2m=[0mGET [3muri[0m[2m=[0m/api/v1/node/status [3mversion[0m[2m=[0mHTTP/1.1[1m}[0m[2m:[0m [2mtower_http::trace::on_request[0m[2m:[0m started processing request
[2m2025-09-03T07:34:28.030561Z[0m [34mDEBUG[0m [1mrequest[0m[1m{[0m[3mmethod[0m[2m=[0mGET [3muri[0m[2m=[0m/api/v1/node/status [3mversion[0m[2m=[0mHTTP/1.1[1m}[0m[2m:[0m [2mtower_http::trace::on_response[0m[2m:[0m finished processing request [3mlatency[0m[2m=[0m0 ms [3mstatus[0m[2m=[0m200
[2m2025-09-03T07:34:32.069364Z[0m [34mDEBUG[0m [1mrequest[0m[1m{[0m[3mmethod[0m[2m=[0mGET [3muri[0m[2m=[0m/api/v1/node/status [3mversion[0m[2m=[0mHTTP/1.1[1m}[0m[2m:[0m [2mtower_http::trace::on_request[0m[2m:[0m started processing request
[2m2025-09-03T07:34:32.069499Z[0m [34mDEBUG[0m [1mrequest[0m[1m{[0m[3mmethod[0m[2m=[0mGET [3muri[0m[2m=[0m/api/v1/node/status [3mversion[0m[2m=[0mHTTP/1.1[1m}[0m[2m:[0m [2mtower_http::trace::on_response[0m[2m:[0m finished processing request [3mlatency[0m[2m=[0m0 ms [3mstatus[0m[2m=[0m200
[2m2025-09-03T08:40:17.444028Z[0m [33m WARN[0m [2mq_api_server[0m[2m:[0m 🚨 DNS Cache anomaly detected: delayed_phantom_query on Cloudflare (risk: 0.50)
[2m2025-09-03T08:42:17.443909Z[0m [33m WARN[0m [2mq_api_server[0m[2m:[0m 🚨 DNS Cache anomaly detected: delayed_phantom_query on Cloudflare (risk: 0.50)
[2m2025-09-03T08:44:17.441008Z[0m [33m WARN[0m [2mq_api_server[0m[2m:[0m 🚨 DNS Cache anomaly detected: delayed_phantom_query on Cloudflare (risk: 0.50)
[2m2025-09-03T08:46:17.438970Z[0m [33m WARN[0m [2mq_api_server[0m[2m:[0m 🚨 DNS Cache anomaly detected: delayed_phantom_query on Cloudflare (risk: 0.50)
[2m2025-09-03T08:48:17.440040Z[0m [33m WARN[0m [2mq_api_server[0m[2m:[0m 🚨 DNS Cache anomaly detected: delayed_phantom_query on Cloudflare (risk: 0.50)
[2m2025-09-03T08:50:17.440432Z[0m [33m WARN[0m [2mq_api_server[0m[2m:[0m 🚨 DNS Cache anomaly detected: delayed_phantom_query on Cloudflare (risk: 0.50)
[2m2025-09-03T08:52:17.439443Z[0m [33m WARN[0m [2mq_api_server[0m[2m:[0m 🚨 DNS Cache anomaly detected: delayed_phantom_query on Cloudflare (risk: 0.50)
[2m2025-09-03T08:54:17.439873Z[0m [33m WARN[0m [2mq_api_server[0m[2m:[0m 🚨 DNS Cache anomaly detected: delayed_phantom_query on Cloudflare (risk: 0.50)
[2m2025-09-03T08:56:17.439213Z[0m [33m WARN[0m [2mq_api_server[0m[2m:[0m 🚨 DNS Cache anomaly detected: delayed_phantom_query on Cloudflare (risk: 0.50)
[2m2025-09-03T08:58:17.441086Z[0m [33m WARN[0m [2mq_api_server[0m[2m:[0m 🚨 DNS Cache anomaly detected: delayed_phantom_query on Cloudflare (risk: 0.50)
[2m2025-09-03T09:00:17.473935Z[0m [33m WARN[0m [2mq_api_server[0m[2m:[0m 🚨 DNS Cache anomaly detected: delayed_phantom_query on Cloudflare (risk: 0.50)
[2m2025-09-03T09:02:17.439720Z[0m [33m WARN[0m [2mq_api_server[0m[2m:[0m 🚨 DNS Cache anomaly detected: delayed_phantom_query on Cloudflare (risk: 0.50)
[2m2025-09-03T09:04:17.440601Z[0m [33m WARN[0m [2mq_api_server[0m[2m:[0m 🚨 DNS Cache anomaly detected: delayed_phantom_query on Cloudflare (risk: 0.50)
[2m2025-09-03T09:06:17.439971Z[0m [33m WARN[0m [2mq_api_server[0m[2m:[0m 🚨 DNS Cache anomaly detected: delayed_phantom_query on Cloudflare (risk: 0.50)
