[2m2025-09-03T07:28:21.507379Z[0m [32m INFO[0m [2mq_api_server[0m[2m:[0m Starting Q-NarwhalKnight API Server on port 8091
[2m2025-09-03T07:28:21.507489Z[0m [32m INFO[0m [2mq_api_server[0m[2m:[0m 🆔 Generated new node ID: f54459d2bd708865481a1b186b0293de267dd0fe48b5a6fc77502ec9b1baee79
[2m2025-09-03T07:28:21.507499Z[0m [32m INFO[0m [2mq_api_server[0m[2m:[0m 🚀 Initializing Q-NarwhalKnight Triple-Layer Anonymity Network
[2m2025-09-03T07:28:21.507505Z[0m [32m INFO[0m [2mq_api_server[0m[2m:[0m 📡 Node ID: f54459d2bd708865481a1b186b0293de267dd0fe48b5a6fc77502ec9b1baee79
[2m2025-09-03T07:28:21.507509Z[0m [32m INFO[0m [2mq_api_server[0m[2m:[0m 🧅 Starting Tor client...
[2m2025-09-03T07:28:22.041652Z[0m [32m INFO[0m [2mq_api_server[0m[2m:[0m ✅ Tor client initialized successfully
[2m2025-09-03T07:28:22.041698Z[0m [32m INFO[0m [2mq_api_server[0m[2m:[0m ₿ 🧅 Initializing Bitcoin-Tor Bridge...
[2m2025-09-03T07:28:22.041709Z[0m [32m INFO[0m [2mq_api_server[0m[2m:[0m 🔗 Using custom Bitcoin RPC URL from environment
[2m2025-09-03T07:28:22.925566Z[0m [32m INFO[0m [2mq_api_server[0m[2m:[0m ✅ Bitcoin-Tor Bridge initialized
[2m2025-09-03T07:28:22.925606Z[0m [32m INFO[0m [2mq_api_server[0m[2m:[0m 🌐 Onion address: f54459d2bd708865481a1b186b0293de.onion
[2m2025-09-03T07:28:22.925668Z[0m [32m INFO[0m [2mq_api_server[0m[2m:[0m 🚀 Bitcoin-Tor Bridge started successfully
[2m2025-09-03T07:28:22.925676Z[0m [32m INFO[0m [2mq_api_server[0m[2m:[0m 📡 Starting peer discovery through Bitcoin network...
[2m2025-09-03T07:28:22.925681Z[0m [32m INFO[0m [2mq_api_server[0m[2m:[0m 🌐 👻 Initializing DNS-Phantom Network...
[2m2025-09-03T07:28:23.383002Z[0m [32m INFO[0m [2mq_api_server[0m[2m:[0m ✅ DNS-Phantom Network initialized
[2m2025-09-03T07:28:23.383081Z[0m [32m INFO[0m [2mq_api_server[0m[2m:[0m 🔮 Steganographic communication ready
[2m2025-09-03T07:28:23.383086Z[0m [32m INFO[0m [2mq_api_server[0m[2m:[0m 🌍 Using DNS providers: Cloudflare, Google, Quad9, OpenDNS
[2m2025-09-03T07:28:23.383126Z[0m [32m INFO[0m [2mq_api_server[0m[2m:[0m 🚀 DNS-Phantom Network started successfully
[2m2025-09-03T07:28:23.383131Z[0m [32m INFO[0m [2mq_api_server[0m[2m:[0m 👻 Invisible internet within the internet is now active
[2m2025-09-03T07:28:23.384634Z[0m [32m INFO[0m [2mq_api_server[0m[2m:[0m 🌟 ================================
[2m2025-09-03T07:28:23.384667Z[0m [32m INFO[0m [2mq_api_server[0m[2m:[0m 🌟   Q-NARWHALKNIGHT ACTIVATED   
[2m2025-09-03T07:28:23.384672Z[0m [32m INFO[0m [2mq_api_server[0m[2m:[0m 🌟 ================================
[2m2025-09-03T07:28:23.384677Z[0m [32m INFO[0m [2mq_api_server[0m[2m:[0m 🆔 Node ID: f54459d2bd708865481a1b186b0293de267dd0fe48b5a6fc77502ec9b1baee79
[2m2025-09-03T07:28:23.384682Z[0m [32m INFO[0m [2mq_api_server[0m[2m:[0m 🧅 Tor Integration: ✅ Active
[2m2025-09-03T07:28:23.384685Z[0m [32m INFO[0m [2mq_api_server[0m[2m:[0m ₿  Bitcoin Discovery: ✅ Active
[2m2025-09-03T07:28:23.384688Z[0m [32m INFO[0m [2mq_api_server[0m[2m:[0m 👻 DNS-Phantom Network: ✅ Active
[2m2025-09-03T07:28:23.384691Z[0m [32m INFO[0m [2mq_api_server[0m[2m:[0m 🌟 ================================
[2m2025-09-03T07:28:23.385209Z[0m [32m INFO[0m [2mq_api_server[0m[2m:[0m 🔍 Starting automatic peer discovery through Bitcoin network...
[2m2025-09-03T07:28:23.385498Z[0m [32m INFO[0m [2mq_api_server[0m[2m:[0m API server listening on 0.0.0.0:8091
[2m2025-09-03T07:28:23.385292Z[0m [32m INFO[0m [2mq_api_server[0m[2m:[0m 👻 Starting DNS-Phantom network monitoring...
[2m2025-09-03T07:28:53.453898Z[0m [34mDEBUG[0m [1mrequest[0m[1m{[0m[3mmethod[0m[2m=[0mGET [3muri[0m[2m=[0m/health [3mversion[0m[2m=[0mHTTP/1.1[1m}[0m[2m:[0m [2mtower_http::trace::on_request[0m[2m:[0m started processing request
[2m2025-09-03T07:28:53.453987Z[0m [34mDEBUG[0m [1mrequest[0m[1m{[0m[3mmethod[0m[2m=[0mGET [3muri[0m[2m=[0m/health [3mversion[0m[2m=[0mHTTP/1.1[1m}[0m[2m:[0m [2mtower_http::trace::on_response[0m[2m:[0m finished processing request [3mlatency[0m[2m=[0m0 ms [3mstatus[0m[2m=[0m200
[2m2025-09-03T07:29:40.205632Z[0m [34mDEBUG[0m [1mrequest[0m[1m{[0m[3mmethod[0m[2m=[0mGET [3muri[0m[2m=[0m/health [3mversion[0m[2m=[0mHTTP/1.1[1m}[0m[2m:[0m [2mtower_http::trace::on_request[0m[2m:[0m started processing request
[2m2025-09-03T07:29:40.205762Z[0m [34mDEBUG[0m [1mrequest[0m[1m{[0m[3mmethod[0m[2m=[0mGET [3muri[0m[2m=[0m/health [3mversion[0m[2m=[0mHTTP/1.1[1m}[0m[2m:[0m [2mtower_http::trace::on_response[0m[2m:[0m finished processing request [3mlatency[0m[2m=[0m0 ms [3mstatus[0m[2m=[0m200
[2m2025-09-03T07:29:40.229510Z[0m [34mDEBUG[0m [1mrequest[0m[1m{[0m[3mmethod[0m[2m=[0mGET [3muri[0m[2m=[0m/api/v1/node/status [3mversion[0m[2m=[0mHTTP/1.1[1m}[0m[2m:[0m [2mtower_http::trace::on_request[0m[2m:[0m started processing request
[2m2025-09-03T07:29:40.229628Z[0m [34mDEBUG[0m [1mrequest[0m[1m{[0m[3mmethod[0m[2m=[0mGET [3muri[0m[2m=[0m/api/v1/node/status [3mversion[0m[2m=[0mHTTP/1.1[1m}[0m[2m:[0m [2mtower_http::trace::on_response[0m[2m:[0m finished processing request [3mlatency[0m[2m=[0m0 ms [3mstatus[0m[2m=[0m200
[2m2025-09-03T07:29:40.268620Z[0m [34mDEBUG[0m [1mrequest[0m[1m{[0m[3mmethod[0m[2m=[0mGET [3muri[0m[2m=[0m/api/v1/node/status [3mversion[0m[2m=[0mHTTP/1.1[1m}[0m[2m:[0m [2mtower_http::trace::on_request[0m[2m:[0m started processing request
[2m2025-09-03T07:29:40.268737Z[0m [34mDEBUG[0m [1mrequest[0m[1m{[0m[3mmethod[0m[2m=[0mGET [3muri[0m[2m=[0m/api/v1/node/status [3mversion[0m[2m=[0mHTTP/1.1[1m}[0m[2m:[0m [2mtower_http::trace::on_response[0m[2m:[0m finished processing request [3mlatency[0m[2m=[0m0 ms [3mstatus[0m[2m=[0m200
[2m2025-09-03T07:30:00.584821Z[0m [34mDEBUG[0m [1mrequest[0m[1m{[0m[3mmethod[0m[2m=[0mGET [3muri[0m[2m=[0m/health [3mversion[0m[2m=[0mHTTP/1.1[1m}[0m[2m:[0m [2mtower_http::trace::on_request[0m[2m:[0m started processing request
[2m2025-09-03T07:30:00.584917Z[0m [34mDEBUG[0m [1mrequest[0m[1m{[0m[3mmethod[0m[2m=[0mGET [3muri[0m[2m=[0m/health [3mversion[0m[2m=[0mHTTP/1.1[1m}[0m[2m:[0m [2mtower_http::trace::on_response[0m[2m:[0m finished processing request [3mlatency[0m[2m=[0m0 ms [3mstatus[0m[2m=[0m200
[2m2025-09-03T07:30:00.610801Z[0m [34mDEBUG[0m [1mrequest[0m[1m{[0m[3mmethod[0m[2m=[0mGET [3muri[0m[2m=[0m/api/v1/node/status [3mversion[0m[2m=[0mHTTP/1.1[1m}[0m[2m:[0m [2mtower_http::trace::on_request[0m[2m:[0m started processing request
[2m2025-09-03T07:30:00.610926Z[0m [34mDEBUG[0m [1mrequest[0m[1m{[0m[3mmethod[0m[2m=[0mGET [3muri[0m[2m=[0m/api/v1/node/status [3mversion[0m[2m=[0mHTTP/1.1[1m}[0m[2m:[0m [2mtower_http::trace::on_response[0m[2m:[0m finished processing request [3mlatency[0m[2m=[0m0 ms [3mstatus[0m[2m=[0m200
[2m2025-09-03T07:30:20.330614Z[0m [34mDEBUG[0m [1mrequest[0m[1m{[0m[3mmethod[0m[2m=[0mGET [3muri[0m[2m=[0m/health [3mversion[0m[2m=[0mHTTP/1.1[1m}[0m[2m:[0m [2mtower_http::trace::on_request[0m[2m:[0m started processing request
[2m2025-09-03T07:30:20.330702Z[0m [34mDEBUG[0m [1mrequest[0m[1m{[0m[3mmethod[0m[2m=[0mGET [3muri[0m[2m=[0m/health [3mversion[0m[2m=[0mHTTP/1.1[1m}[0m[2m:[0m [2mtower_http::trace::on_response[0m[2m:[0m finished processing request [3mlatency[0m[2m=[0m0 ms [3mstatus[0m[2m=[0m200
[2m2025-09-03T07:30:20.356833Z[0m [34mDEBUG[0m [1mrequest[0m[1m{[0m[3mmethod[0m[2m=[0mGET [3muri[0m[2m=[0m/api/v1/node/status [3mversion[0m[2m=[0mHTTP/1.1[1m}[0m[2m:[0m [2mtower_http::trace::on_request[0m[2m:[0m started processing request
[2m2025-09-03T07:30:20.356955Z[0m [34mDEBUG[0m [1mrequest[0m[1m{[0m[3mmethod[0m[2m=[0mGET [3muri[0m[2m=[0m/api/v1/node/status [3mversion[0m[2m=[0mHTTP/1.1[1m}[0m[2m:[0m [2mtower_http::trace::on_response[0m[2m:[0m finished processing request [3mlatency[0m[2m=[0m0 ms [3mstatus[0m[2m=[0m200
[2m2025-09-03T07:30:23.385810Z[0m [33m WARN[0m [2mq_api_server[0m[2m:[0m 🚨 DNS Cache anomaly detected: delayed_phantom_query on OpenDNS (risk: 0.50)
[2m2025-09-03T07:30:36.979041Z[0m [34mDEBUG[0m [1mrequest[0m[1m{[0m[3mmethod[0m[2m=[0mGET [3muri[0m[2m=[0m/health [3mversion[0m[2m=[0mHTTP/1.1[1m}[0m[2m:[0m [2mtower_http::trace::on_request[0m[2m:[0m started processing request
[2m2025-09-03T07:30:36.979153Z[0m [34mDEBUG[0m [1mrequest[0m[1m{[0m[3mmethod[0m[2m=[0mGET [3muri[0m[2m=[0m/health [3mversion[0m[2m=[0mHTTP/1.1[1m}[0m[2m:[0m [2mtower_http::trace::on_response[0m[2m:[0m finished processing request [3mlatency[0m[2m=[0m0 ms [3mstatus[0m[2m=[0m200
[2m2025-09-03T07:30:37.018044Z[0m [34mDEBUG[0m [1mrequest[0m[1m{[0m[3mmethod[0m[2m=[0mGET [3muri[0m[2m=[0m/api/v1/node/status [3mversion[0m[2m=[0mHTTP/1.1[1m}[0m[2m:[0m [2mtower_http::trace::on_request[0m[2m:[0m started processing request
[2m2025-09-03T07:30:37.018171Z[0m [34mDEBUG[0m [1mrequest[0m[1m{[0m[3mmethod[0m[2m=[0mGET [3muri[0m[2m=[0m/api/v1/node/status [3mversion[0m[2m=[0mHTTP/1.1[1m}[0m[2m:[0m [2mtower_http::trace::on_response[0m[2m:[0m finished processing request [3mlatency[0m[2m=[0m0 ms [3mstatus[0m[2m=[0m200
[2m2025-09-03T07:30:41.171753Z[0m [34mDEBUG[0m [1mrequest[0m[1m{[0m[3mmethod[0m[2m=[0mGET [3muri[0m[2m=[0m/health [3mversion[0m[2m=[0mHTTP/1.1[1m}[0m[2m:[0m [2mtower_http::trace::on_request[0m[2m:[0m started processing request
[2m2025-09-03T07:30:41.171831Z[0m [34mDEBUG[0m [1mrequest[0m[1m{[0m[3mmethod[0m[2m=[0mGET [3muri[0m[2m=[0m/health [3mversion[0m[2m=[0mHTTP/1.1[1m}[0m[2m:[0m [2mtower_http::trace::on_response[0m[2m:[0m finished processing request [3mlatency[0m[2m=[0m0 ms [3mstatus[0m[2m=[0m200
[2m2025-09-03T07:30:41.193071Z[0m [34mDEBUG[0m [1mrequest[0m[1m{[0m[3mmethod[0m[2m=[0mGET [3muri[0m[2m=[0m/api/v1/node/status [3mversion[0m[2m=[0mHTTP/1.1[1m}[0m[2m:[0m [2mtower_http::trace::on_request[0m[2m:[0m started processing request
[2m2025-09-03T07:30:41.193198Z[0m [34mDEBUG[0m [1mrequest[0m[1m{[0m[3mmethod[0m[2m=[0mGET [3muri[0m[2m=[0m/api/v1/node/status [3mversion[0m[2m=[0mHTTP/1.1[1m}[0m[2m:[0m [2mtower_http::trace::on_response[0m[2m:[0m finished processing request [3mlatency[0m[2m=[0m0 ms [3mstatus[0m[2m=[0m200
[2m2025-09-03T07:32:23.385241Z[0m [33m WARN[0m [2mq_api_server[0m[2m:[0m 🚨 DNS Cache anomaly detected: delayed_phantom_query on OpenDNS (risk: 0.50)
[2m2025-09-03T07:34:13.772998Z[0m [34mDEBUG[0m [1mrequest[0m[1m{[0m[3mmethod[0m[2m=[0mGET [3muri[0m[2m=[0m/api/v1/node/status [3mversion[0m[2m=[0mHTTP/1.1[1m}[0m[2m:[0m [2mtower_http::trace::on_request[0m[2m:[0m started processing request
[2m2025-09-03T07:34:13.775760Z[0m [34mDEBUG[0m [1mrequest[0m[1m{[0m[3mmethod[0m[2m=[0mGET [3muri[0m[2m=[0m/api/v1/node/status [3mversion[0m[2m=[0mHTTP/1.1[1m}[0m[2m:[0m [2mtower_http::trace::on_response[0m[2m:[0m finished processing request [3mlatency[0m[2m=[0m2 ms [3mstatus[0m[2m=[0m200
[2m2025-09-03T07:34:14.476662Z[0m [34mDEBUG[0m [1mrequest[0m[1m{[0m[3mmethod[0m[2m=[0mGET [3muri[0m[2m=[0m/api/v1/wallets [3mversion[0m[2m=[0mHTTP/1.1[1m}[0m[2m:[0m [2mtower_http::trace::on_request[0m[2m:[0m started processing request
[2m2025-09-03T07:34:14.476739Z[0m [34mDEBUG[0m [1mrequest[0m[1m{[0m[3mmethod[0m[2m=[0mGET [3muri[0m[2m=[0m/api/v1/wallets [3mversion[0m[2m=[0mHTTP/1.1[1m}[0m[2m:[0m [2mq_api_server::handlers[0m[2m:[0m Listing all wallets
[2m2025-09-03T07:34:14.476793Z[0m [34mDEBUG[0m [1mrequest[0m[1m{[0m[3mmethod[0m[2m=[0mGET [3muri[0m[2m=[0m/api/v1/wallets [3mversion[0m[2m=[0mHTTP/1.1[1m}[0m[2m:[0m [2mtower_http::trace::on_response[0m[2m:[0m finished processing request [3mlatency[0m[2m=[0m0 ms [3mstatus[0m[2m=[0m200
[2m2025-09-03T07:34:24.074119Z[0m [33m WARN[0m [2mq_api_server[0m[2m:[0m 🚨 DNS Cache anomaly detected: delayed_phantom_query on OpenDNS (risk: 0.50)
[2m2025-09-03T07:34:28.432037Z[0m [34mDEBUG[0m [1mrequest[0m[1m{[0m[3mmethod[0m[2m=[0mGET [3muri[0m[2m=[0m/api/v1/node/status [3mversion[0m[2m=[0mHTTP/1.1[1m}[0m[2m:[0m [2mtower_http::trace::on_request[0m[2m:[0m started processing request
[2m2025-09-03T07:34:28.432171Z[0m [34mDEBUG[0m [1mrequest[0m[1m{[0m[3mmethod[0m[2m=[0mGET [3muri[0m[2m=[0m/api/v1/node/status [3mversion[0m[2m=[0mHTTP/1.1[1m}[0m[2m:[0m [2mtower_http::trace::on_response[0m[2m:[0m finished processing request [3mlatency[0m[2m=[0m0 ms [3mstatus[0m[2m=[0m200
[2m2025-09-03T07:34:32.396683Z[0m [34mDEBUG[0m [1mrequest[0m[1m{[0m[3mmethod[0m[2m=[0mGET [3muri[0m[2m=[0m/api/v1/node/status [3mversion[0m[2m=[0mHTTP/1.1[1m}[0m[2m:[0m [2mtower_http::trace::on_request[0m[2m:[0m started processing request
[2m2025-09-03T07:34:32.396856Z[0m [34mDEBUG[0m [1mrequest[0m[1m{[0m[3mmethod[0m[2m=[0mGET [3muri[0m[2m=[0m/api/v1/node/status [3mversion[0m[2m=[0mHTTP/1.1[1m}[0m[2m:[0m [2mtower_http::trace::on_response[0m[2m:[0m finished processing request [3mlatency[0m[2m=[0m0 ms [3mstatus[0m[2m=[0m200
[2m2025-09-03T07:36:24.549856Z[0m [33m WARN[0m [2mq_api_server[0m[2m:[0m 🚨 DNS Cache anomaly detected: delayed_phantom_query on OpenDNS (risk: 0.50)
[2m2025-09-03T07:37:16.904755Z[0m [34mDEBUG[0m [1mrequest[0m[1m{[0m[3mmethod[0m[2m=[0mGET [3muri[0m[2m=[0m/health [3mversion[0m[2m=[0mHTTP/1.1[1m}[0m[2m:[0m [2mtower_http::trace::on_request[0m[2m:[0m started processing request
[2m2025-09-03T07:37:16.904856Z[0m [34mDEBUG[0m [1mrequest[0m[1m{[0m[3mmethod[0m[2m=[0mGET [3muri[0m[2m=[0m/health [3mversion[0m[2m=[0mHTTP/1.1[1m}[0m[2m:[0m [2mtower_http::trace::on_response[0m[2m:[0m finished processing request [3mlatency[0m[2m=[0m0 ms [3mstatus[0m[2m=[0m200
[2m2025-09-03T07:38:23.385974Z[0m [33m WARN[0m [2mq_api_server[0m[2m:[0m 🚨 DNS Cache anomaly detected: delayed_phantom_query on OpenDNS (risk: 0.50)
[2m2025-09-03T07:40:23.385772Z[0m [33m WARN[0m [2mq_api_server[0m[2m:[0m 🚨 DNS Cache anomaly detected: delayed_phantom_query on OpenDNS (risk: 0.50)
[2m2025-09-03T07:42:23.385118Z[0m [33m WARN[0m [2mq_api_server[0m[2m:[0m 🚨 DNS Cache anomaly detected: delayed_phantom_query on OpenDNS (risk: 0.50)
[2m2025-09-03T07:44:23.393334Z[0m [33m WARN[0m [2mq_api_server[0m[2m:[0m 🚨 DNS Cache anomaly detected: delayed_phantom_query on OpenDNS (risk: 0.50)
[2m2025-09-03T07:46:23.399269Z[0m [33m WARN[0m [2mq_api_server[0m[2m:[0m 🚨 DNS Cache anomaly detected: delayed_phantom_query on OpenDNS (risk: 0.50)
[2m2025-09-03T07:48:23.385588Z[0m [33m WARN[0m [2mq_api_server[0m[2m:[0m 🚨 DNS Cache anomaly detected: delayed_phantom_query on OpenDNS (risk: 0.50)
[2m2025-09-03T07:50:23.385221Z[0m [33m WARN[0m [2mq_api_server[0m[2m:[0m 🚨 DNS Cache anomaly detected: delayed_phantom_query on OpenDNS (risk: 0.50)
[2m2025-09-03T07:52:24.377491Z[0m [33m WARN[0m [2mq_api_server[0m[2m:[0m 🚨 DNS Cache anomaly detected: delayed_phantom_query on OpenDNS (risk: 0.50)
[2m2025-09-03T07:54:23.386357Z[0m [33m WARN[0m [2mq_api_server[0m[2m:[0m 🚨 DNS Cache anomaly detected: delayed_phantom_query on OpenDNS (risk: 0.50)
[2m2025-09-03T07:56:23.384980Z[0m [33m WARN[0m [2mq_api_server[0m[2m:[0m 🚨 DNS Cache anomaly detected: delayed_phantom_query on OpenDNS (risk: 0.50)
[2m2025-09-03T07:58:23.385734Z[0m [33m WARN[0m [2mq_api_server[0m[2m:[0m 🚨 DNS Cache anomaly detected: delayed_phantom_query on OpenDNS (risk: 0.50)
[2m2025-09-03T08:00:23.385053Z[0m [33m WARN[0m [2mq_api_server[0m[2m:[0m 🚨 DNS Cache anomaly detected: delayed_phantom_query on OpenDNS (risk: 0.50)
[2m2025-09-03T08:02:23.385758Z[0m [33m WARN[0m [2mq_api_server[0m[2m:[0m 🚨 DNS Cache anomaly detected: delayed_phantom_query on OpenDNS (risk: 0.50)
[2m2025-09-03T08:04:23.385442Z[0m [33m WARN[0m [2mq_api_server[0m[2m:[0m 🚨 DNS Cache anomaly detected: delayed_phantom_query on OpenDNS (risk: 0.50)
[2m2025-09-03T08:06:23.385674Z[0m [33m WARN[0m [2mq_api_server[0m[2m:[0m 🚨 DNS Cache anomaly detected: delayed_phantom_query on OpenDNS (risk: 0.50)
[2m2025-09-03T08:08:23.386398Z[0m [33m WARN[0m [2mq_api_server[0m[2m:[0m 🚨 DNS Cache anomaly detected: delayed_phantom_query on OpenDNS (risk: 0.50)
[2m2025-09-03T08:10:23.392557Z[0m [33m WARN[0m [2mq_api_server[0m[2m:[0m 🚨 DNS Cache anomaly detected: delayed_phantom_query on OpenDNS (risk: 0.50)
[2m2025-09-03T08:12:23.386335Z[0m [33m WARN[0m [2mq_api_server[0m[2m:[0m 🚨 DNS Cache anomaly detected: delayed_phantom_query on OpenDNS (risk: 0.50)
[2m2025-09-03T08:14:23.385511Z[0m [33m WARN[0m [2mq_api_server[0m[2m:[0m 🚨 DNS Cache anomaly detected: delayed_phantom_query on OpenDNS (risk: 0.50)
[2m2025-09-03T08:16:23.385538Z[0m [33m WARN[0m [2mq_api_server[0m[2m:[0m 🚨 DNS Cache anomaly detected: delayed_phantom_query on OpenDNS (risk: 0.50)
[2m2025-09-03T08:18:23.386088Z[0m [33m WARN[0m [2mq_api_server[0m[2m:[0m 🚨 DNS Cache anomaly detected: delayed_phantom_query on OpenDNS (risk: 0.50)
[2m2025-09-03T08:20:23.385869Z[0m [33m WARN[0m [2mq_api_server[0m[2m:[0m 🚨 DNS Cache anomaly detected: delayed_phantom_query on OpenDNS (risk: 0.50)
[2m2025-09-03T08:22:23.386076Z[0m [33m WARN[0m [2mq_api_server[0m[2m:[0m 🚨 DNS Cache anomaly detected: delayed_phantom_query on OpenDNS (risk: 0.50)
[2m2025-09-03T08:24:23.385386Z[0m [33m WARN[0m [2mq_api_server[0m[2m:[0m 🚨 DNS Cache anomaly detected: delayed_phantom_query on OpenDNS (risk: 0.50)
[2m2025-09-03T08:26:23.385412Z[0m [33m WARN[0m [2mq_api_server[0m[2m:[0m 🚨 DNS Cache anomaly detected: delayed_phantom_query on OpenDNS (risk: 0.50)
[2m2025-09-03T08:28:23.386535Z[0m [33m WARN[0m [2mq_api_server[0m[2m:[0m 🚨 DNS Cache anomaly detected: delayed_phantom_query on OpenDNS (risk: 0.50)
[2m2025-09-03T08:30:25.050082Z[0m [33m WARN[0m [2mq_api_server[0m[2m:[0m 🚨 DNS Cache anomaly detected: delayed_phantom_query on OpenDNS (risk: 0.50)
[2m2025-09-03T08:32:23.458917Z[0m [33m WARN[0m [2mq_api_server[0m[2m:[0m 🚨 DNS Cache anomaly detected: delayed_phantom_query on OpenDNS (risk: 0.50)
[2m2025-09-03T08:34:23.393093Z[0m [33m WARN[0m [2mq_api_server[0m[2m:[0m 🚨 DNS Cache anomaly detected: delayed_phantom_query on Cloudflare (risk: 0.50)
[2m2025-09-03T08:34:23.397068Z[0m [33m WARN[0m [2mq_api_server[0m[2m:[0m 🚨 DNS Cache anomaly detected: delayed_phantom_query on OpenDNS (risk: 0.50)
[2m2025-09-03T08:36:23.385481Z[0m [33m WARN[0m [2mq_api_server[0m[2m:[0m 🚨 DNS Cache anomaly detected: delayed_phantom_query on Cloudflare (risk: 0.50)
[2m2025-09-03T08:36:23.385574Z[0m [33m WARN[0m [2mq_api_server[0m[2m:[0m 🚨 DNS Cache anomaly detected: delayed_phantom_query on OpenDNS (risk: 0.50)
[2m2025-09-03T08:38:23.386473Z[0m [33m WARN[0m [2mq_api_server[0m[2m:[0m 🚨 DNS Cache anomaly detected: delayed_phantom_query on Cloudflare (risk: 0.50)
[2m2025-09-03T08:38:23.386681Z[0m [33m WARN[0m [2mq_api_server[0m[2m:[0m 🚨 DNS Cache anomaly detected: delayed_phantom_query on OpenDNS (risk: 0.50)
[2m2025-09-03T08:40:23.385086Z[0m [33m WARN[0m [2mq_api_server[0m[2m:[0m 🚨 DNS Cache anomaly detected: delayed_phantom_query on Cloudflare (risk: 0.50)
[2m2025-09-03T08:40:23.385154Z[0m [33m WARN[0m [2mq_api_server[0m[2m:[0m 🚨 DNS Cache anomaly detected: delayed_phantom_query on Google (risk: 0.50)
[2m2025-09-03T08:40:23.385163Z[0m [33m WARN[0m [2mq_api_server[0m[2m:[0m 🚨 DNS Cache anomaly detected: delayed_phantom_query on OpenDNS (risk: 0.50)
[2m2025-09-03T08:42:23.385316Z[0m [33m WARN[0m [2mq_api_server[0m[2m:[0m 🚨 DNS Cache anomaly detected: delayed_phantom_query on Cloudflare (risk: 0.50)
[2m2025-09-03T08:42:23.385456Z[0m [33m WARN[0m [2mq_api_server[0m[2m:[0m 🚨 DNS Cache anomaly detected: delayed_phantom_query on Google (risk: 0.50)
[2m2025-09-03T08:42:23.385464Z[0m [33m WARN[0m [2mq_api_server[0m[2m:[0m 🚨 DNS Cache anomaly detected: delayed_phantom_query on OpenDNS (risk: 0.50)
[2m2025-09-03T08:44:23.385784Z[0m [33m WARN[0m [2mq_api_server[0m[2m:[0m 🚨 DNS Cache anomaly detected: delayed_phantom_query on Cloudflare (risk: 0.50)
[2m2025-09-03T08:44:23.385879Z[0m [33m WARN[0m [2mq_api_server[0m[2m:[0m 🚨 DNS Cache anomaly detected: delayed_phantom_query on Google (risk: 0.50)
[2m2025-09-03T08:44:23.385888Z[0m [33m WARN[0m [2mq_api_server[0m[2m:[0m 🚨 DNS Cache anomaly detected: delayed_phantom_query on OpenDNS (risk: 0.50)
[2m2025-09-03T08:46:23.385244Z[0m [33m WARN[0m [2mq_api_server[0m[2m:[0m 🚨 DNS Cache anomaly detected: delayed_phantom_query on Cloudflare (risk: 0.50)
[2m2025-09-03T08:46:23.385319Z[0m [33m WARN[0m [2mq_api_server[0m[2m:[0m 🚨 DNS Cache anomaly detected: delayed_phantom_query on Google (risk: 0.50)
[2m2025-09-03T08:46:23.385327Z[0m [33m WARN[0m [2mq_api_server[0m[2m:[0m 🚨 DNS Cache anomaly detected: delayed_phantom_query on OpenDNS (risk: 0.50)
[2m2025-09-03T08:48:23.385703Z[0m [33m WARN[0m [2mq_api_server[0m[2m:[0m 🚨 DNS Cache anomaly detected: delayed_phantom_query on Cloudflare (risk: 0.50)
[2m2025-09-03T08:48:23.385788Z[0m [33m WARN[0m [2mq_api_server[0m[2m:[0m 🚨 DNS Cache anomaly detected: delayed_phantom_query on Google (risk: 0.50)
[2m2025-09-03T08:48:23.385793Z[0m [33m WARN[0m [2mq_api_server[0m[2m:[0m 🚨 DNS Cache anomaly detected: delayed_phantom_query on OpenDNS (risk: 0.50)
[2m2025-09-03T08:50:23.385901Z[0m [33m WARN[0m [2mq_api_server[0m[2m:[0m 🚨 DNS Cache anomaly detected: delayed_phantom_query on Cloudflare (risk: 0.50)
[2m2025-09-03T08:50:23.385987Z[0m [33m WARN[0m [2mq_api_server[0m[2m:[0m 🚨 DNS Cache anomaly detected: delayed_phantom_query on Google (risk: 0.50)
[2m2025-09-03T08:50:23.385995Z[0m [33m WARN[0m [2mq_api_server[0m[2m:[0m 🚨 DNS Cache anomaly detected: delayed_phantom_query on OpenDNS (risk: 0.50)
[2m2025-09-03T08:52:23.412638Z[0m [33m WARN[0m [2mq_api_server[0m[2m:[0m 🚨 DNS Cache anomaly detected: delayed_phantom_query on Cloudflare (risk: 0.50)
[2m2025-09-03T08:52:23.412722Z[0m [33m WARN[0m [2mq_api_server[0m[2m:[0m 🚨 DNS Cache anomaly detected: delayed_phantom_query on Google (risk: 0.50)
[2m2025-09-03T08:52:23.412730Z[0m [33m WARN[0m [2mq_api_server[0m[2m:[0m 🚨 DNS Cache anomaly detected: delayed_phantom_query on OpenDNS (risk: 0.50)
[2m2025-09-03T08:54:23.387013Z[0m [33m WARN[0m [2mq_api_server[0m[2m:[0m 🚨 DNS Cache anomaly detected: delayed_phantom_query on Cloudflare (risk: 0.50)
[2m2025-09-03T08:54:23.387134Z[0m [33m WARN[0m [2mq_api_server[0m[2m:[0m 🚨 DNS Cache anomaly detected: delayed_phantom_query on Google (risk: 0.50)
[2m2025-09-03T08:54:23.387142Z[0m [33m WARN[0m [2mq_api_server[0m[2m:[0m 🚨 DNS Cache anomaly detected: delayed_phantom_query on OpenDNS (risk: 0.50)
[2m2025-09-03T08:56:23.386586Z[0m [33m WARN[0m [2mq_api_server[0m[2m:[0m 🚨 DNS Cache anomaly detected: delayed_phantom_query on Cloudflare (risk: 0.50)
[2m2025-09-03T08:56:23.386892Z[0m [33m WARN[0m [2mq_api_server[0m[2m:[0m 🚨 DNS Cache anomaly detected: delayed_phantom_query on Google (risk: 0.50)
[2m2025-09-03T08:56:23.386903Z[0m [33m WARN[0m [2mq_api_server[0m[2m:[0m 🚨 DNS Cache anomaly detected: delayed_phantom_query on OpenDNS (risk: 0.50)
[2m2025-09-03T08:58:23.400780Z[0m [33m WARN[0m [2mq_api_server[0m[2m:[0m 🚨 DNS Cache anomaly detected: delayed_phantom_query on Cloudflare (risk: 0.50)
[2m2025-09-03T08:58:23.400847Z[0m [33m WARN[0m [2mq_api_server[0m[2m:[0m 🚨 DNS Cache anomaly detected: delayed_phantom_query on Google (risk: 0.50)
[2m2025-09-03T08:58:23.400882Z[0m [33m WARN[0m [2mq_api_server[0m[2m:[0m 🚨 DNS Cache anomaly detected: delayed_phantom_query on OpenDNS (risk: 0.50)
[2m2025-09-03T09:00:23.387497Z[0m [33m WARN[0m [2mq_api_server[0m[2m:[0m 🚨 DNS Cache anomaly detected: delayed_phantom_query on Cloudflare (risk: 0.50)
[2m2025-09-03T09:00:23.387589Z[0m [33m WARN[0m [2mq_api_server[0m[2m:[0m 🚨 DNS Cache anomaly detected: delayed_phantom_query on Google (risk: 0.50)
[2m2025-09-03T09:00:23.387596Z[0m [33m WARN[0m [2mq_api_server[0m[2m:[0m 🚨 DNS Cache anomaly detected: delayed_phantom_query on OpenDNS (risk: 0.50)
[2m2025-09-03T09:02:24.303304Z[0m [33m WARN[0m [2mq_api_server[0m[2m:[0m 🚨 DNS Cache anomaly detected: delayed_phantom_query on Cloudflare (risk: 0.50)
[2m2025-09-03T09:02:24.303466Z[0m [33m WARN[0m [2mq_api_server[0m[2m:[0m 🚨 DNS Cache anomaly detected: delayed_phantom_query on Google (risk: 0.50)
[2m2025-09-03T09:02:24.303476Z[0m [33m WARN[0m [2mq_api_server[0m[2m:[0m 🚨 DNS Cache anomaly detected: delayed_phantom_query on OpenDNS (risk: 0.50)
[2m2025-09-03T09:04:23.385063Z[0m [33m WARN[0m [2mq_api_server[0m[2m:[0m 🚨 DNS Cache anomaly detected: delayed_phantom_query on Cloudflare (risk: 0.50)
[2m2025-09-03T09:04:23.385180Z[0m [33m WARN[0m [2mq_api_server[0m[2m:[0m 🚨 DNS Cache anomaly detected: delayed_phantom_query on Google (risk: 0.50)
[2m2025-09-03T09:04:23.385188Z[0m [33m WARN[0m [2mq_api_server[0m[2m:[0m 🚨 DNS Cache anomaly detected: delayed_phantom_query on OpenDNS (risk: 0.50)
[2m2025-09-03T09:06:27.141727Z[0m [33m WARN[0m [2mq_api_server[0m[2m:[0m 🚨 DNS Cache anomaly detected: delayed_phantom_query on Cloudflare (risk: 0.50)
[2m2025-09-03T09:06:27.141812Z[0m [33m WARN[0m [2mq_api_server[0m[2m:[0m 🚨 DNS Cache anomaly detected: delayed_phantom_query on Google (risk: 0.50)
[2m2025-09-03T09:06:27.141818Z[0m [33m WARN[0m [2mq_api_server[0m[2m:[0m 🚨 DNS Cache anomaly detected: delayed_phantom_query on OpenDNS (risk: 0.50)
