[2m2025-09-03T07:28:01.279641Z[0m [32m INFO[0m [2mq_api_server[0m[2m:[0m Starting Q-NarwhalKnight API Server on port 8081
[2m2025-09-03T07:28:01.281764Z[0m [32m INFO[0m [2mq_api_server[0m[2m:[0m 🆔 Generated new node ID: 8fe7fad643e44138465385f15fd802b203890ebc263af2079d3349f5c6be9b46
[2m2025-09-03T07:28:01.281788Z[0m [32m INFO[0m [2mq_api_server[0m[2m:[0m 🚀 Initializing Q-NarwhalKnight Triple-Layer Anonymity Network
[2m2025-09-03T07:28:01.281801Z[0m [32m INFO[0m [2mq_api_server[0m[2m:[0m 📡 Node ID: 8fe7fad643e44138465385f15fd802b203890ebc263af2079d3349f5c6be9b46
[2m2025-09-03T07:28:01.281806Z[0m [32m INFO[0m [2mq_api_server[0m[2m:[0m 🧅 Starting Tor client...
[2m2025-09-03T07:28:02.679337Z[0m [32m INFO[0m [2mq_api_server[0m[2m:[0m ✅ Tor client initialized successfully
[2m2025-09-03T07:28:02.679395Z[0m [32m INFO[0m [2mq_api_server[0m[2m:[0m ₿ 🧅 Initializing Bitcoin-Tor Bridge...
[2m2025-09-03T07:28:02.679406Z[0m [32m INFO[0m [2mq_api_server[0m[2m:[0m 🔗 Using custom Bitcoin RPC URL from environment
[2m2025-09-03T07:28:04.190579Z[0m [32m INFO[0m [2mq_api_server[0m[2m:[0m ✅ Bitcoin-Tor Bridge initialized
[2m2025-09-03T07:28:04.190639Z[0m [32m INFO[0m [2mq_api_server[0m[2m:[0m 🌐 Onion address: 8fe7fad643e44138465385f15fd802b2.onion
[2m2025-09-03T07:28:04.190727Z[0m [32m INFO[0m [2mq_api_server[0m[2m:[0m 🚀 Bitcoin-Tor Bridge started successfully
[2m2025-09-03T07:28:04.190732Z[0m [32m INFO[0m [2mq_api_server[0m[2m:[0m 📡 Starting peer discovery through Bitcoin network...
[2m2025-09-03T07:28:04.190742Z[0m [32m INFO[0m [2mq_api_server[0m[2m:[0m 🌐 👻 Initializing DNS-Phantom Network...
[2m2025-09-03T07:28:04.835376Z[0m [32m INFO[0m [2mq_api_server[0m[2m:[0m ✅ DNS-Phantom Network initialized
[2m2025-09-03T07:28:04.835427Z[0m [32m INFO[0m [2mq_api_server[0m[2m:[0m 🔮 Steganographic communication ready
[2m2025-09-03T07:28:04.835433Z[0m [32m INFO[0m [2mq_api_server[0m[2m:[0m 🌍 Using DNS providers: Cloudflare, Google, Quad9, OpenDNS
[2m2025-09-03T07:28:04.835491Z[0m [32m INFO[0m [2mq_api_server[0m[2m:[0m 🚀 DNS-Phantom Network started successfully
[2m2025-09-03T07:28:04.835498Z[0m [32m INFO[0m [2mq_api_server[0m[2m:[0m 👻 Invisible internet within the internet is now active
[2m2025-09-03T07:28:04.837135Z[0m [32m INFO[0m [2mq_api_server[0m[2m:[0m 🌟 ================================
[2m2025-09-03T07:28:04.837161Z[0m [32m INFO[0m [2mq_api_server[0m[2m:[0m 🌟   Q-NARWHALKNIGHT ACTIVATED   
[2m2025-09-03T07:28:04.837169Z[0m [32m INFO[0m [2mq_api_server[0m[2m:[0m 🌟 ================================
[2m2025-09-03T07:28:04.837187Z[0m [32m INFO[0m [2mq_api_server[0m[2m:[0m 🆔 Node ID: 8fe7fad643e44138465385f15fd802b203890ebc263af2079d3349f5c6be9b46
[2m2025-09-03T07:28:04.837208Z[0m [32m INFO[0m [2mq_api_server[0m[2m:[0m 🧅 Tor Integration: ✅ Active
[2m2025-09-03T07:28:04.837212Z[0m [32m INFO[0m [2mq_api_server[0m[2m:[0m ₿  Bitcoin Discovery: ✅ Active
[2m2025-09-03T07:28:04.837216Z[0m [32m INFO[0m [2mq_api_server[0m[2m:[0m 👻 DNS-Phantom Network: ✅ Active
[2m2025-09-03T07:28:04.837229Z[0m [32m INFO[0m [2mq_api_server[0m[2m:[0m 🌟 ================================
[2m2025-09-03T07:28:04.837266Z[0m [32m INFO[0m [2mq_api_server[0m[2m:[0m 🔍 Starting automatic peer discovery through Bitcoin network...
[2m2025-09-03T07:28:04.837302Z[0m [32m INFO[0m [2mq_api_server[0m[2m:[0m 👻 Starting DNS-Phantom network monitoring...
[2m2025-09-03T07:28:04.837809Z[0m [32m INFO[0m [2mq_api_server[0m[2m:[0m API server listening on 0.0.0.0:8081
[2m2025-09-03T07:28:51.583120Z[0m [34mDEBUG[0m [1mrequest[0m[1m{[0m[3mmethod[0m[2m=[0mGET [3muri[0m[2m=[0m/health [3mversion[0m[2m=[0mHTTP/1.1[1m}[0m[2m:[0m [2mtower_http::trace::on_request[0m[2m:[0m started processing request
[2m2025-09-03T07:28:51.583370Z[0m [34mDEBUG[0m [1mrequest[0m[1m{[0m[3mmethod[0m[2m=[0mGET [3muri[0m[2m=[0m/health [3mversion[0m[2m=[0mHTTP/1.1[1m}[0m[2m:[0m [2mtower_http::trace::on_response[0m[2m:[0m finished processing request [3mlatency[0m[2m=[0m0 ms [3mstatus[0m[2m=[0m200
[2m2025-09-03T07:29:39.072544Z[0m [34mDEBUG[0m [1mrequest[0m[1m{[0m[3mmethod[0m[2m=[0mGET [3muri[0m[2m=[0m/health [3mversion[0m[2m=[0mHTTP/1.1[1m}[0m[2m:[0m [2mtower_http::trace::on_request[0m[2m:[0m started processing request
[2m2025-09-03T07:29:39.072688Z[0m [34mDEBUG[0m [1mrequest[0m[1m{[0m[3mmethod[0m[2m=[0mGET [3muri[0m[2m=[0m/health [3mversion[0m[2m=[0mHTTP/1.1[1m}[0m[2m:[0m [2mtower_http::trace::on_response[0m[2m:[0m finished processing request [3mlatency[0m[2m=[0m0 ms [3mstatus[0m[2m=[0m200
[2m2025-09-03T07:29:39.089229Z[0m [34mDEBUG[0m [1mrequest[0m[1m{[0m[3mmethod[0m[2m=[0mGET [3muri[0m[2m=[0m/api/v1/node/status [3mversion[0m[2m=[0mHTTP/1.1[1m}[0m[2m:[0m [2mtower_http::trace::on_request[0m[2m:[0m started processing request
[2m2025-09-03T07:29:39.089428Z[0m [34mDEBUG[0m [1mrequest[0m[1m{[0m[3mmethod[0m[2m=[0mGET [3muri[0m[2m=[0m/api/v1/node/status [3mversion[0m[2m=[0mHTTP/1.1[1m}[0m[2m:[0m [2mtower_http::trace::on_response[0m[2m:[0m finished processing request [3mlatency[0m[2m=[0m0 ms [3mstatus[0m[2m=[0m200
[2m2025-09-03T07:29:39.145213Z[0m [34mDEBUG[0m [1mrequest[0m[1m{[0m[3mmethod[0m[2m=[0mGET [3muri[0m[2m=[0m/api/v1/node/status [3mversion[0m[2m=[0mHTTP/1.1[1m}[0m[2m:[0m [2mtower_http::trace::on_request[0m[2m:[0m started processing request
[2m2025-09-03T07:29:39.145327Z[0m [34mDEBUG[0m [1mrequest[0m[1m{[0m[3mmethod[0m[2m=[0mGET [3muri[0m[2m=[0m/api/v1/node/status [3mversion[0m[2m=[0mHTTP/1.1[1m}[0m[2m:[0m [2mtower_http::trace::on_response[0m[2m:[0m finished processing request [3mlatency[0m[2m=[0m0 ms [3mstatus[0m[2m=[0m200
[2m2025-09-03T07:29:41.482420Z[0m [34mDEBUG[0m [1mrequest[0m[1m{[0m[3mmethod[0m[2m=[0mPOST [3muri[0m[2m=[0m/api/v1/wallets [3mversion[0m[2m=[0mHTTP/1.1[1m}[0m[2m:[0m [2mtower_http::trace::on_request[0m[2m:[0m started processing request
[2m2025-09-03T07:29:41.482596Z[0m [34mDEBUG[0m [1mrequest[0m[1m{[0m[3mmethod[0m[2m=[0mPOST [3muri[0m[2m=[0m/api/v1/wallets [3mversion[0m[2m=[0mHTTP/1.1[1m}[0m[2m:[0m [2mq_api_server::handlers[0m[2m:[0m Creating new wallet
[2m2025-09-03T07:29:41.482618Z[0m [32m INFO[0m [1mrequest[0m[1m{[0m[3mmethod[0m[2m=[0mPOST [3muri[0m[2m=[0m/api/v1/wallets [3mversion[0m[2m=[0mHTTP/1.1[1m}[0m[2m:[0m [2mq_api_server::handlers[0m[2m:[0m Created wallet with ID: wallet-id-placeholder
[2m2025-09-03T07:29:41.482669Z[0m [34mDEBUG[0m [1mrequest[0m[1m{[0m[3mmethod[0m[2m=[0mPOST [3muri[0m[2m=[0m/api/v1/wallets [3mversion[0m[2m=[0mHTTP/1.1[1m}[0m[2m:[0m [2mtower_http::trace::on_response[0m[2m:[0m finished processing request [3mlatency[0m[2m=[0m0 ms [3mstatus[0m[2m=[0m200
[2m2025-09-03T07:29:47.342334Z[0m [34mDEBUG[0m [1mrequest[0m[1m{[0m[3mmethod[0m[2m=[0mPOST [3muri[0m[2m=[0m/api/v1/faucet [3mversion[0m[2m=[0mHTTP/1.1[1m}[0m[2m:[0m [2mtower_http::trace::on_request[0m[2m:[0m started processing request
[2m2025-09-03T07:29:47.342842Z[0m [34mDEBUG[0m [1mrequest[0m[1m{[0m[3mmethod[0m[2m=[0mPOST [3muri[0m[2m=[0m/api/v1/faucet [3mversion[0m[2m=[0mHTTP/1.1[1m}[0m[2m:[0m [2mq_api_server::handlers[0m[2m:[0m Processing faucet request
[2m2025-09-03T07:29:47.342874Z[0m [32m INFO[0m [1mrequest[0m[1m{[0m[3mmethod[0m[2m=[0mPOST [3muri[0m[2m=[0m/api/v1/faucet [3mversion[0m[2m=[0mHTTP/1.1[1m}[0m[2m:[0m [2mq_api_server::handlers[0m[2m:[0m Faucet dispensed 10 QNK to wallet 8fe7fad643e44138465385f15fd802b203890ebc263af2079d3349f5c6be9b46
[2m2025-09-03T07:29:47.342934Z[0m [34mDEBUG[0m [1mrequest[0m[1m{[0m[3mmethod[0m[2m=[0mPOST [3muri[0m[2m=[0m/api/v1/faucet [3mversion[0m[2m=[0mHTTP/1.1[1m}[0m[2m:[0m [2mtower_http::trace::on_response[0m[2m:[0m finished processing request [3mlatency[0m[2m=[0m0 ms [3mstatus[0m[2m=[0m200
[2m2025-09-03T07:29:57.856258Z[0m [34mDEBUG[0m [1mrequest[0m[1m{[0m[3mmethod[0m[2m=[0mGET [3muri[0m[2m=[0m/health [3mversion[0m[2m=[0mHTTP/1.1[1m}[0m[2m:[0m [2mtower_http::trace::on_request[0m[2m:[0m started processing request
[2m2025-09-03T07:29:57.856339Z[0m [34mDEBUG[0m [1mrequest[0m[1m{[0m[3mmethod[0m[2m=[0mGET [3muri[0m[2m=[0m/health [3mversion[0m[2m=[0mHTTP/1.1[1m}[0m[2m:[0m [2mtower_http::trace::on_response[0m[2m:[0m finished processing request [3mlatency[0m[2m=[0m0 ms [3mstatus[0m[2m=[0m200
[2m2025-09-03T07:29:57.870893Z[0m [34mDEBUG[0m [1mrequest[0m[1m{[0m[3mmethod[0m[2m=[0mGET [3muri[0m[2m=[0m/api/v1/node/status [3mversion[0m[2m=[0mHTTP/1.1[1m}[0m[2m:[0m [2mtower_http::trace::on_request[0m[2m:[0m started processing request
[2m2025-09-03T07:29:57.871176Z[0m [34mDEBUG[0m [1mrequest[0m[1m{[0m[3mmethod[0m[2m=[0mGET [3muri[0m[2m=[0m/api/v1/node/status [3mversion[0m[2m=[0mHTTP/1.1[1m}[0m[2m:[0m [2mtower_http::trace::on_response[0m[2m:[0m finished processing request [3mlatency[0m[2m=[0m0 ms [3mstatus[0m[2m=[0m200
[2m2025-09-03T07:30:17.169031Z[0m [34mDEBUG[0m [1mrequest[0m[1m{[0m[3mmethod[0m[2m=[0mGET [3muri[0m[2m=[0m/health [3mversion[0m[2m=[0mHTTP/1.1[1m}[0m[2m:[0m [2mtower_http::trace::on_request[0m[2m:[0m started processing request
[2m2025-09-03T07:30:17.169112Z[0m [34mDEBUG[0m [1mrequest[0m[1m{[0m[3mmethod[0m[2m=[0mGET [3muri[0m[2m=[0m/health [3mversion[0m[2m=[0mHTTP/1.1[1m}[0m[2m:[0m [2mtower_http::trace::on_response[0m[2m:[0m finished processing request [3mlatency[0m[2m=[0m0 ms [3mstatus[0m[2m=[0m200
[2m2025-09-03T07:30:17.195165Z[0m [34mDEBUG[0m [1mrequest[0m[1m{[0m[3mmethod[0m[2m=[0mGET [3muri[0m[2m=[0m/api/v1/node/status [3mversion[0m[2m=[0mHTTP/1.1[1m}[0m[2m:[0m [2mtower_http::trace::on_request[0m[2m:[0m started processing request
[2m2025-09-03T07:30:17.195276Z[0m [34mDEBUG[0m [1mrequest[0m[1m{[0m[3mmethod[0m[2m=[0mGET [3muri[0m[2m=[0m/api/v1/node/status [3mversion[0m[2m=[0mHTTP/1.1[1m}[0m[2m:[0m [2mtower_http::trace::on_response[0m[2m:[0m finished processing request [3mlatency[0m[2m=[0m0 ms [3mstatus[0m[2m=[0m200
[2m2025-09-03T07:30:33.421987Z[0m [34mDEBUG[0m [1mrequest[0m[1m{[0m[3mmethod[0m[2m=[0mGET [3muri[0m[2m=[0m/health [3mversion[0m[2m=[0mHTTP/1.1[1m}[0m[2m:[0m [2mtower_http::trace::on_request[0m[2m:[0m started processing request
[2m2025-09-03T07:30:33.422084Z[0m [34mDEBUG[0m [1mrequest[0m[1m{[0m[3mmethod[0m[2m=[0mGET [3muri[0m[2m=[0m/health [3mversion[0m[2m=[0mHTTP/1.1[1m}[0m[2m:[0m [2mtower_http::trace::on_response[0m[2m:[0m finished processing request [3mlatency[0m[2m=[0m0 ms [3mstatus[0m[2m=[0m200
[2m2025-09-03T07:30:33.439327Z[0m [34mDEBUG[0m [1mrequest[0m[1m{[0m[3mmethod[0m[2m=[0mGET [3muri[0m[2m=[0m/api/v1/node/status [3mversion[0m[2m=[0mHTTP/1.1[1m}[0m[2m:[0m [2mtower_http::trace::on_request[0m[2m:[0m started processing request
[2m2025-09-03T07:30:33.439441Z[0m [34mDEBUG[0m [1mrequest[0m[1m{[0m[3mmethod[0m[2m=[0mGET [3muri[0m[2m=[0m/api/v1/node/status [3mversion[0m[2m=[0mHTTP/1.1[1m}[0m[2m:[0m [2mtower_http::trace::on_response[0m[2m:[0m finished processing request [3mlatency[0m[2m=[0m0 ms [3mstatus[0m[2m=[0m200
[2m2025-09-03T07:30:40.227153Z[0m [34mDEBUG[0m [1mrequest[0m[1m{[0m[3mmethod[0m[2m=[0mGET [3muri[0m[2m=[0m/health [3mversion[0m[2m=[0mHTTP/1.1[1m}[0m[2m:[0m [2mtower_http::trace::on_request[0m[2m:[0m started processing request
[2m2025-09-03T07:30:40.227236Z[0m [34mDEBUG[0m [1mrequest[0m[1m{[0m[3mmethod[0m[2m=[0mGET [3muri[0m[2m=[0m/health [3mversion[0m[2m=[0mHTTP/1.1[1m}[0m[2m:[0m [2mtower_http::trace::on_response[0m[2m:[0m finished processing request [3mlatency[0m[2m=[0m0 ms [3mstatus[0m[2m=[0m200
[2m2025-09-03T07:30:40.252381Z[0m [34mDEBUG[0m [1mrequest[0m[1m{[0m[3mmethod[0m[2m=[0mGET [3muri[0m[2m=[0m/api/v1/node/status [3mversion[0m[2m=[0mHTTP/1.1[1m}[0m[2m:[0m [2mtower_http::trace::on_request[0m[2m:[0m started processing request
[2m2025-09-03T07:30:40.252499Z[0m [34mDEBUG[0m [1mrequest[0m[1m{[0m[3mmethod[0m[2m=[0mGET [3muri[0m[2m=[0m/api/v1/node/status [3mversion[0m[2m=[0mHTTP/1.1[1m}[0m[2m:[0m [2mtower_http::trace::on_response[0m[2m:[0m finished processing request [3mlatency[0m[2m=[0m0 ms [3mstatus[0m[2m=[0m200
[2m2025-09-03T07:31:57.632103Z[0m [34mDEBUG[0m [1mrequest[0m[1m{[0m[3mmethod[0m[2m=[0mGET [3muri[0m[2m=[0m/api/v1/wallets [3mversion[0m[2m=[0mHTTP/1.1[1m}[0m[2m:[0m [2mtower_http::trace::on_request[0m[2m:[0m started processing request
[2m2025-09-03T07:31:57.632254Z[0m [34mDEBUG[0m [1mrequest[0m[1m{[0m[3mmethod[0m[2m=[0mGET [3muri[0m[2m=[0m/api/v1/wallets [3mversion[0m[2m=[0mHTTP/1.1[1m}[0m[2m:[0m [2mq_api_server::handlers[0m[2m:[0m Listing all wallets
[2m2025-09-03T07:31:57.632364Z[0m [34mDEBUG[0m [1mrequest[0m[1m{[0m[3mmethod[0m[2m=[0mGET [3muri[0m[2m=[0m/api/v1/wallets [3mversion[0m[2m=[0mHTTP/1.1[1m}[0m[2m:[0m [2mtower_http::trace::on_response[0m[2m:[0m finished processing request [3mlatency[0m[2m=[0m0 ms [3mstatus[0m[2m=[0m200
[2m2025-09-03T07:34:08.513259Z[0m [34mDEBUG[0m [1mrequest[0m[1m{[0m[3mmethod[0m[2m=[0mGET [3muri[0m[2m=[0m/api/v1/node/status [3mversion[0m[2m=[0mHTTP/1.1[1m}[0m[2m:[0m [2mtower_http::trace::on_request[0m[2m:[0m started processing request
[2m2025-09-03T07:34:08.514434Z[0m [34mDEBUG[0m [1mrequest[0m[1m{[0m[3mmethod[0m[2m=[0mGET [3muri[0m[2m=[0m/api/v1/node/status [3mversion[0m[2m=[0mHTTP/1.1[1m}[0m[2m:[0m [2mtower_http::trace::on_response[0m[2m:[0m finished processing request [3mlatency[0m[2m=[0m1 ms [3mstatus[0m[2m=[0m200
[2m2025-09-03T07:34:09.224423Z[0m [34mDEBUG[0m [1mrequest[0m[1m{[0m[3mmethod[0m[2m=[0mGET [3muri[0m[2m=[0m/api/v1/wallets [3mversion[0m[2m=[0mHTTP/1.1[1m}[0m[2m:[0m [2mtower_http::trace::on_request[0m[2m:[0m started processing request
[2m2025-09-03T07:34:09.224493Z[0m [34mDEBUG[0m [1mrequest[0m[1m{[0m[3mmethod[0m[2m=[0mGET [3muri[0m[2m=[0m/api/v1/wallets [3mversion[0m[2m=[0mHTTP/1.1[1m}[0m[2m:[0m [2mq_api_server::handlers[0m[2m:[0m Listing all wallets
[2m2025-09-03T07:34:09.224533Z[0m [34mDEBUG[0m [1mrequest[0m[1m{[0m[3mmethod[0m[2m=[0mGET [3muri[0m[2m=[0m/api/v1/wallets [3mversion[0m[2m=[0mHTTP/1.1[1m}[0m[2m:[0m [2mtower_http::trace::on_response[0m[2m:[0m finished processing request [3mlatency[0m[2m=[0m0 ms [3mstatus[0m[2m=[0m200
[2m2025-09-03T07:34:25.265084Z[0m [34mDEBUG[0m [1mrequest[0m[1m{[0m[3mmethod[0m[2m=[0mGET [3muri[0m[2m=[0m/api/v1/node/status [3mversion[0m[2m=[0mHTTP/1.1[1m}[0m[2m:[0m [2mtower_http::trace::on_request[0m[2m:[0m started processing request
[2m2025-09-03T07:34:25.265207Z[0m [34mDEBUG[0m [1mrequest[0m[1m{[0m[3mmethod[0m[2m=[0mGET [3muri[0m[2m=[0m/api/v1/node/status [3mversion[0m[2m=[0mHTTP/1.1[1m}[0m[2m:[0m [2mtower_http::trace::on_response[0m[2m:[0m finished processing request [3mlatency[0m[2m=[0m0 ms [3mstatus[0m[2m=[0m200
[2m2025-09-03T07:34:30.797779Z[0m [34mDEBUG[0m [1mrequest[0m[1m{[0m[3mmethod[0m[2m=[0mGET [3muri[0m[2m=[0m/api/v1/node/status [3mversion[0m[2m=[0mHTTP/1.1[1m}[0m[2m:[0m [2mtower_http::trace::on_request[0m[2m:[0m started processing request
[2m2025-09-03T07:34:30.797870Z[0m [34mDEBUG[0m [1mrequest[0m[1m{[0m[3mmethod[0m[2m=[0mGET [3muri[0m[2m=[0m/api/v1/node/status [3mversion[0m[2m=[0mHTTP/1.1[1m}[0m[2m:[0m [2mtower_http::trace::on_response[0m[2m:[0m finished processing request [3mlatency[0m[2m=[0m0 ms [3mstatus[0m[2m=[0m200
