[2m2025-09-03T07:28:25.511416Z[0m [32m INFO[0m [2mq_api_server[0m[2m:[0m Starting Q-NarwhalKnight API Server on port 8093
[2m2025-09-03T07:28:25.511501Z[0m [32m INFO[0m [2mq_api_server[0m[2m:[0m 🆔 Generated new node ID: e9594e9fa51e629421b6ac9d0581c72bbfe005899bb1940faad0fb0419786dae
[2m2025-09-03T07:28:25.511508Z[0m [32m INFO[0m [2mq_api_server[0m[2m:[0m 🚀 Initializing Q-NarwhalKnight Triple-Layer Anonymity Network
[2m2025-09-03T07:28:25.511517Z[0m [32m INFO[0m [2mq_api_server[0m[2m:[0m 📡 Node ID: e9594e9fa51e629421b6ac9d0581c72bbfe005899bb1940faad0fb0419786dae
[2m2025-09-03T07:28:25.511524Z[0m [32m INFO[0m [2mq_api_server[0m[2m:[0m 🧅 Starting Tor client...
[2m2025-09-03T07:28:26.071585Z[0m [32m INFO[0m [2mq_api_server[0m[2m:[0m ✅ Tor client initialized successfully
[2m2025-09-03T07:28:26.071654Z[0m [32m INFO[0m [2mq_api_server[0m[2m:[0m ₿ 🧅 Initializing Bitcoin-Tor Bridge...
[2m2025-09-03T07:28:26.071664Z[0m [32m INFO[0m [2mq_api_server[0m[2m:[0m 🔗 Using custom Bitcoin RPC URL from environment
[2m2025-09-03T07:28:26.627707Z[0m [32m INFO[0m [2mq_api_server[0m[2m:[0m ✅ Bitcoin-Tor Bridge initialized
[2m2025-09-03T07:28:26.627762Z[0m [32m INFO[0m [2mq_api_server[0m[2m:[0m 🌐 Onion address: e9594e9fa51e629421b6ac9d0581c72b.onion
[2m2025-09-03T07:28:26.627835Z[0m [32m INFO[0m [2mq_api_server[0m[2m:[0m 🚀 Bitcoin-Tor Bridge started successfully
[2m2025-09-03T07:28:26.627841Z[0m [32m INFO[0m [2mq_api_server[0m[2m:[0m 📡 Starting peer discovery through Bitcoin network...
[2m2025-09-03T07:28:26.627845Z[0m [32m INFO[0m [2mq_api_server[0m[2m:[0m 🌐 👻 Initializing DNS-Phantom Network...
[2m2025-09-03T07:28:27.051981Z[0m [32m INFO[0m [2mq_api_server[0m[2m:[0m ✅ DNS-Phantom Network initialized
[2m2025-09-03T07:28:27.052069Z[0m [32m INFO[0m [2mq_api_server[0m[2m:[0m 🔮 Steganographic communication ready
[2m2025-09-03T07:28:27.052074Z[0m [32m INFO[0m [2mq_api_server[0m[2m:[0m 🌍 Using DNS providers: Cloudflare, Google, Quad9, OpenDNS
[2m2025-09-03T07:28:27.052113Z[0m [32m INFO[0m [2mq_api_server[0m[2m:[0m 🚀 DNS-Phantom Network started successfully
[2m2025-09-03T07:28:27.052118Z[0m [32m INFO[0m [2mq_api_server[0m[2m:[0m 👻 Invisible internet within the internet is now active
[2m2025-09-03T07:28:27.054365Z[0m [32m INFO[0m [2mq_api_server[0m[2m:[0m 🌟 ================================
[2m2025-09-03T07:28:27.054399Z[0m [32m INFO[0m [2mq_api_server[0m[2m:[0m 🌟   Q-NARWHALKNIGHT ACTIVATED   
[2m2025-09-03T07:28:27.054403Z[0m [32m INFO[0m [2mq_api_server[0m[2m:[0m 🌟 ================================
[2m2025-09-03T07:28:27.054408Z[0m [32m INFO[0m [2mq_api_server[0m[2m:[0m 🆔 Node ID: e9594e9fa51e629421b6ac9d0581c72bbfe005899bb1940faad0fb0419786dae
[2m2025-09-03T07:28:27.054414Z[0m [32m INFO[0m [2mq_api_server[0m[2m:[0m 🧅 Tor Integration: ✅ Active
[2m2025-09-03T07:28:27.054423Z[0m [32m INFO[0m [2mq_api_server[0m[2m:[0m ₿  Bitcoin Discovery: ✅ Active
[2m2025-09-03T07:28:27.054428Z[0m [32m INFO[0m [2mq_api_server[0m[2m:[0m 👻 DNS-Phantom Network: ✅ Active
[2m2025-09-03T07:28:27.054432Z[0m [32m INFO[0m [2mq_api_server[0m[2m:[0m 🌟 ================================
[2m2025-09-03T07:28:27.054708Z[0m [32m INFO[0m [2mq_api_server[0m[2m:[0m 🔍 Starting automatic peer discovery through Bitcoin network...
[2m2025-09-03T07:28:27.054731Z[0m [32m INFO[0m [2mq_api_server[0m[2m:[0m 👻 Starting DNS-Phantom network monitoring...
[2m2025-09-03T07:28:27.054836Z[0m [32m INFO[0m [2mq_api_server[0m[2m:[0m API server listening on 0.0.0.0:8093
[2m2025-09-03T07:28:53.484421Z[0m [34mDEBUG[0m [1mrequest[0m[1m{[0m[3mmethod[0m[2m=[0mGET [3muri[0m[2m=[0m/health [3mversion[0m[2m=[0mHTTP/1.1[1m}[0m[2m:[0m [2mtower_http::trace::on_request[0m[2m:[0m started processing request
[2m2025-09-03T07:28:53.484522Z[0m [34mDEBUG[0m [1mrequest[0m[1m{[0m[3mmethod[0m[2m=[0mGET [3muri[0m[2m=[0m/health [3mversion[0m[2m=[0mHTTP/1.1[1m}[0m[2m:[0m [2mtower_http::trace::on_response[0m[2m:[0m finished processing request [3mlatency[0m[2m=[0m0 ms [3mstatus[0m[2m=[0m200
[2m2025-09-03T07:29:40.453681Z[0m [34mDEBUG[0m [1mrequest[0m[1m{[0m[3mmethod[0m[2m=[0mGET [3muri[0m[2m=[0m/health [3mversion[0m[2m=[0mHTTP/1.1[1m}[0m[2m:[0m [2mtower_http::trace::on_request[0m[2m:[0m started processing request
[2m2025-09-03T07:29:40.464176Z[0m [34mDEBUG[0m [1mrequest[0m[1m{[0m[3mmethod[0m[2m=[0mGET [3muri[0m[2m=[0m/health [3mversion[0m[2m=[0mHTTP/1.1[1m}[0m[2m:[0m [2mtower_http::trace::on_response[0m[2m:[0m finished processing request [3mlatency[0m[2m=[0m10 ms [3mstatus[0m[2m=[0m200
[2m2025-09-03T07:29:40.484774Z[0m [34mDEBUG[0m [1mrequest[0m[1m{[0m[3mmethod[0m[2m=[0mGET [3muri[0m[2m=[0m/api/v1/node/status [3mversion[0m[2m=[0mHTTP/1.1[1m}[0m[2m:[0m [2mtower_http::trace::on_request[0m[2m:[0m started processing request
[2m2025-09-03T07:29:40.485047Z[0m [34mDEBUG[0m [1mrequest[0m[1m{[0m[3mmethod[0m[2m=[0mGET [3muri[0m[2m=[0m/api/v1/node/status [3mversion[0m[2m=[0mHTTP/1.1[1m}[0m[2m:[0m [2mtower_http::trace::on_response[0m[2m:[0m finished processing request [3mlatency[0m[2m=[0m0 ms [3mstatus[0m[2m=[0m200
[2m2025-09-03T07:29:40.540687Z[0m [34mDEBUG[0m [1mrequest[0m[1m{[0m[3mmethod[0m[2m=[0mGET [3muri[0m[2m=[0m/api/v1/node/status [3mversion[0m[2m=[0mHTTP/1.1[1m}[0m[2m:[0m [2mtower_http::trace::on_request[0m[2m:[0m started processing request
[2m2025-09-03T07:29:40.540778Z[0m [34mDEBUG[0m [1mrequest[0m[1m{[0m[3mmethod[0m[2m=[0mGET [3muri[0m[2m=[0m/api/v1/node/status [3mversion[0m[2m=[0mHTTP/1.1[1m}[0m[2m:[0m [2mtower_http::trace::on_response[0m[2m:[0m finished processing request [3mlatency[0m[2m=[0m0 ms [3mstatus[0m[2m=[0m200
[2m2025-09-03T07:30:01.555007Z[0m [34mDEBUG[0m [1mrequest[0m[1m{[0m[3mmethod[0m[2m=[0mGET [3muri[0m[2m=[0m/health [3mversion[0m[2m=[0mHTTP/1.1[1m}[0m[2m:[0m [2mtower_http::trace::on_request[0m[2m:[0m started processing request
[2m2025-09-03T07:30:01.555136Z[0m [34mDEBUG[0m [1mrequest[0m[1m{[0m[3mmethod[0m[2m=[0mGET [3muri[0m[2m=[0m/health [3mversion[0m[2m=[0mHTTP/1.1[1m}[0m[2m:[0m [2mtower_http::trace::on_response[0m[2m:[0m finished processing request [3mlatency[0m[2m=[0m0 ms [3mstatus[0m[2m=[0m200
[2m2025-09-03T07:30:01.610816Z[0m [34mDEBUG[0m [1mrequest[0m[1m{[0m[3mmethod[0m[2m=[0mGET [3muri[0m[2m=[0m/api/v1/node/status [3mversion[0m[2m=[0mHTTP/1.1[1m}[0m[2m:[0m [2mtower_http::trace::on_request[0m[2m:[0m started processing request
[2m2025-09-03T07:30:01.610914Z[0m [34mDEBUG[0m [1mrequest[0m[1m{[0m[3mmethod[0m[2m=[0mGET [3muri[0m[2m=[0m/api/v1/node/status [3mversion[0m[2m=[0mHTTP/1.1[1m}[0m[2m:[0m [2mtower_http::trace::on_response[0m[2m:[0m finished processing request [3mlatency[0m[2m=[0m0 ms [3mstatus[0m[2m=[0m200
[2m2025-09-03T07:30:20.937030Z[0m [34mDEBUG[0m [1mrequest[0m[1m{[0m[3mmethod[0m[2m=[0mGET [3muri[0m[2m=[0m/health [3mversion[0m[2m=[0mHTTP/1.1[1m}[0m[2m:[0m [2mtower_http::trace::on_request[0m[2m:[0m started processing request
[2m2025-09-03T07:30:20.937119Z[0m [34mDEBUG[0m [1mrequest[0m[1m{[0m[3mmethod[0m[2m=[0mGET [3muri[0m[2m=[0m/health [3mversion[0m[2m=[0mHTTP/1.1[1m}[0m[2m:[0m [2mtower_http::trace::on_response[0m[2m:[0m finished processing request [3mlatency[0m[2m=[0m0 ms [3mstatus[0m[2m=[0m200
[2m2025-09-03T07:30:20.954533Z[0m [34mDEBUG[0m [1mrequest[0m[1m{[0m[3mmethod[0m[2m=[0mGET [3muri[0m[2m=[0m/api/v1/node/status [3mversion[0m[2m=[0mHTTP/1.1[1m}[0m[2m:[0m [2mtower_http::trace::on_request[0m[2m:[0m started processing request
[2m2025-09-03T07:30:20.954646Z[0m [34mDEBUG[0m [1mrequest[0m[1m{[0m[3mmethod[0m[2m=[0mGET [3muri[0m[2m=[0m/api/v1/node/status [3mversion[0m[2m=[0mHTTP/1.1[1m}[0m[2m:[0m [2mtower_http::trace::on_response[0m[2m:[0m finished processing request [3mlatency[0m[2m=[0m0 ms [3mstatus[0m[2m=[0m200
[2m2025-09-03T07:30:37.610181Z[0m [34mDEBUG[0m [1mrequest[0m[1m{[0m[3mmethod[0m[2m=[0mGET [3muri[0m[2m=[0m/health [3mversion[0m[2m=[0mHTTP/1.1[1m}[0m[2m:[0m [2mtower_http::trace::on_request[0m[2m:[0m started processing request
[2m2025-09-03T07:30:37.616245Z[0m [34mDEBUG[0m [1mrequest[0m[1m{[0m[3mmethod[0m[2m=[0mGET [3muri[0m[2m=[0m/health [3mversion[0m[2m=[0mHTTP/1.1[1m}[0m[2m:[0m [2mtower_http::trace::on_response[0m[2m:[0m finished processing request [3mlatency[0m[2m=[0m6 ms [3mstatus[0m[2m=[0m200
[2m2025-09-03T07:30:37.636949Z[0m [34mDEBUG[0m [1mrequest[0m[1m{[0m[3mmethod[0m[2m=[0mGET [3muri[0m[2m=[0m/api/v1/node/status [3mversion[0m[2m=[0mHTTP/1.1[1m}[0m[2m:[0m [2mtower_http::trace::on_request[0m[2m:[0m started processing request
[2m2025-09-03T07:30:37.637024Z[0m [34mDEBUG[0m [1mrequest[0m[1m{[0m[3mmethod[0m[2m=[0mGET [3muri[0m[2m=[0m/api/v1/node/status [3mversion[0m[2m=[0mHTTP/1.1[1m}[0m[2m:[0m [2mtower_http::trace::on_response[0m[2m:[0m finished processing request [3mlatency[0m[2m=[0m0 ms [3mstatus[0m[2m=[0m200
[2m2025-09-03T07:30:41.328634Z[0m [34mDEBUG[0m [1mrequest[0m[1m{[0m[3mmethod[0m[2m=[0mGET [3muri[0m[2m=[0m/health [3mversion[0m[2m=[0mHTTP/1.1[1m}[0m[2m:[0m [2mtower_http::trace::on_request[0m[2m:[0m started processing request
[2m2025-09-03T07:30:41.328725Z[0m [34mDEBUG[0m [1mrequest[0m[1m{[0m[3mmethod[0m[2m=[0mGET [3muri[0m[2m=[0m/health [3mversion[0m[2m=[0mHTTP/1.1[1m}[0m[2m:[0m [2mtower_http::trace::on_response[0m[2m:[0m finished processing request [3mlatency[0m[2m=[0m0 ms [3mstatus[0m[2m=[0m200
[2m2025-09-03T07:30:41.351768Z[0m [34mDEBUG[0m [1mrequest[0m[1m{[0m[3mmethod[0m[2m=[0mGET [3muri[0m[2m=[0m/api/v1/node/status [3mversion[0m[2m=[0mHTTP/1.1[1m}[0m[2m:[0m [2mtower_http::trace::on_request[0m[2m:[0m started processing request
[2m2025-09-03T07:30:41.351860Z[0m [34mDEBUG[0m [1mrequest[0m[1m{[0m[3mmethod[0m[2m=[0mGET [3muri[0m[2m=[0m/api/v1/node/status [3mversion[0m[2m=[0mHTTP/1.1[1m}[0m[2m:[0m [2mtower_http::trace::on_response[0m[2m:[0m finished processing request [3mlatency[0m[2m=[0m0 ms [3mstatus[0m[2m=[0m200
[2m2025-09-03T07:34:15.581233Z[0m [34mDEBUG[0m [1mrequest[0m[1m{[0m[3mmethod[0m[2m=[0mGET [3muri[0m[2m=[0m/api/v1/node/status [3mversion[0m[2m=[0mHTTP/1.1[1m}[0m[2m:[0m [2mtower_http::trace::on_request[0m[2m:[0m started processing request
[2m2025-09-03T07:34:15.582090Z[0m [34mDEBUG[0m [1mrequest[0m[1m{[0m[3mmethod[0m[2m=[0mGET [3muri[0m[2m=[0m/api/v1/node/status [3mversion[0m[2m=[0mHTTP/1.1[1m}[0m[2m:[0m [2mtower_http::trace::on_response[0m[2m:[0m finished processing request [3mlatency[0m[2m=[0m1 ms [3mstatus[0m[2m=[0m200
[2m2025-09-03T07:34:16.135605Z[0m [34mDEBUG[0m [1mrequest[0m[1m{[0m[3mmethod[0m[2m=[0mGET [3muri[0m[2m=[0m/api/v1/wallets [3mversion[0m[2m=[0mHTTP/1.1[1m}[0m[2m:[0m [2mtower_http::trace::on_request[0m[2m:[0m started processing request
[2m2025-09-03T07:34:16.135673Z[0m [34mDEBUG[0m [1mrequest[0m[1m{[0m[3mmethod[0m[2m=[0mGET [3muri[0m[2m=[0m/api/v1/wallets [3mversion[0m[2m=[0mHTTP/1.1[1m}[0m[2m:[0m [2mq_api_server::handlers[0m[2m:[0m Listing all wallets
[2m2025-09-03T07:34:16.135720Z[0m [34mDEBUG[0m [1mrequest[0m[1m{[0m[3mmethod[0m[2m=[0mGET [3muri[0m[2m=[0m/api/v1/wallets [3mversion[0m[2m=[0mHTTP/1.1[1m}[0m[2m:[0m [2mtower_http::trace::on_response[0m[2m:[0m finished processing request [3mlatency[0m[2m=[0m0 ms [3mstatus[0m[2m=[0m200
[2m2025-09-03T07:34:28.698001Z[0m [34mDEBUG[0m [1mrequest[0m[1m{[0m[3mmethod[0m[2m=[0mGET [3muri[0m[2m=[0m/api/v1/node/status [3mversion[0m[2m=[0mHTTP/1.1[1m}[0m[2m:[0m [2mtower_http::trace::on_request[0m[2m:[0m started processing request
[2m2025-09-03T07:34:28.698126Z[0m [34mDEBUG[0m [1mrequest[0m[1m{[0m[3mmethod[0m[2m=[0mGET [3muri[0m[2m=[0m/api/v1/node/status [3mversion[0m[2m=[0mHTTP/1.1[1m}[0m[2m:[0m [2mtower_http::trace::on_response[0m[2m:[0m finished processing request [3mlatency[0m[2m=[0m0 ms [3mstatus[0m[2m=[0m200
[2m2025-09-03T07:34:32.832043Z[0m [34mDEBUG[0m [1mrequest[0m[1m{[0m[3mmethod[0m[2m=[0mGET [3muri[0m[2m=[0m/api/v1/node/status [3mversion[0m[2m=[0mHTTP/1.1[1m}[0m[2m:[0m [2mtower_http::trace::on_request[0m[2m:[0m started processing request
[2m2025-09-03T07:34:32.832198Z[0m [34mDEBUG[0m [1mrequest[0m[1m{[0m[3mmethod[0m[2m=[0mGET [3muri[0m[2m=[0m/api/v1/node/status [3mversion[0m[2m=[0mHTTP/1.1[1m}[0m[2m:[0m [2mtower_http::trace::on_response[0m[2m:[0m finished processing request [3mlatency[0m[2m=[0m0 ms [3mstatus[0m[2m=[0m200
