\BOOKMARK [1][-]{Doc-Start}{\376\377\000S\000y\000m\000b\000o\000l\000s\000,\000\040\000P\000a\000r\000a\000m\000e\000t\000e\000r\000s\000,\000\040\000a\000n\000d\000\040\000U\000n\000i\000t\000s}{}% 1
\BOOKMARK [1][-]{section.1}{\376\377\000I\000n\000t\000r\000o\000d\000u\000c\000t\000i\000o\000n}{}% 2
\BOOKMARK [2][-]{subsection.1.1}{\376\377\000H\000i\000s\000t\000o\000r\000i\000c\000a\000l\000\040\000C\000o\000n\000t\000e\000x\000t}{section.1}% 3
\BOOKMARK [2][-]{subsection.1.2}{\376\377\000M\000e\000t\000h\000o\000d\000o\000l\000o\000g\000i\000c\000a\000l\000\040\000I\000n\000n\000o\000v\000a\000t\000i\000o\000n}{section.1}% 4
\BOOKMARK [1][-]{section.2}{\376\377\000E\000x\000t\000e\000n\000d\000e\000d\000\040\000K\000-\000P\000a\000r\000a\000m\000e\000t\000e\000r\000\040\000T\000h\000e\000o\000r\000e\000t\000i\000c\000a\000l\000\040\000F\000r\000a\000m\000e\000w\000o\000r\000k}{}% 5
\BOOKMARK [2][-]{subsection.2.1}{\376\377\000O\000p\000e\000r\000a\000t\000i\000o\000n\000a\000l\000\040\000D\000e\000f\000i\000n\000i\000t\000i\000o\000n\000\040\000o\000f\000\040\000K\000-\000P\000a\000r\000a\000m\000e\000t\000e\000r\000\040\000M\000e\000a\000s\000u\000r\000e\000m\000e\000n\000t}{section.2}% 6
\BOOKMARK [2][-]{subsection.2.2}{\376\377\000G\000r\000a\000v\000i\000t\000a\000t\000i\000o\000n\000a\000l\000\040\000E\000n\000h\000a\000n\000c\000e\000m\000e\000n\000t}{section.2}% 7
\BOOKMARK [3][-]{subsubsection.2.2.1}{\376\377\000P\000a\000r\000a\000m\000e\000t\000e\000r\000\040\000A\000n\000a\000l\000y\000s\000i\000s\000\040\000a\000n\000d\000\040\000P\000h\000y\000s\000i\000c\000a\000l\000\040\000M\000e\000a\000n\000i\000n\000g}{subsection.2.2}% 8
\BOOKMARK [3][-]{subsubsection.2.2.2}{\376\377\000G\000e\000n\000e\000r\000a\000l\000\040\000R\000e\000l\000a\000t\000i\000v\000i\000s\000t\000i\000c\000\040\000C\000o\000r\000r\000e\000c\000t\000i\000o\000n\000s}{subsection.2.2}% 9
\BOOKMARK [3][-]{subsubsection.2.2.3}{\376\377\000Q\000u\000a\000n\000t\000u\000m\000\040\000G\000r\000a\000v\000i\000t\000a\000t\000i\000o\000n\000a\000l\000\040\000E\000f\000f\000e\000c\000t\000s}{subsection.2.2}% 10
\BOOKMARK [3][-]{subsubsection.2.2.4}{\376\377\000E\000x\000p\000e\000r\000i\000m\000e\000n\000t\000a\000l\000\040\000S\000i\000g\000n\000a\000t\000u\000r\000e\000s\000\040\000a\000n\000d\000\040\000A\000p\000p\000l\000i\000c\000a\000t\000i\000o\000n\000s}{subsection.2.2}% 11
\BOOKMARK [2][-]{subsection.2.3}{\376\377\000D\000a\000r\000k\000\040\000S\000e\000c\000t\000o\000r\000\040\000C\000o\000u\000p\000l\000i\000n\000g}{section.2}% 12
\BOOKMARK [3][-]{subsubsection.2.3.1}{\376\377\000D\000a\000r\000k\000\040\000M\000a\000t\000t\000e\000r\000\040\000I\000n\000t\000e\000r\000a\000c\000t\000i\000o\000n\000\040\000C\000r\000o\000s\000s\000-\000S\000e\000c\000t\000i\000o\000n\000\040\000\050\000D\000M\000\051}{subsection.2.3}% 13
\BOOKMARK [3][-]{subsubsection.2.3.2}{\376\377\000L\000o\000c\000a\000l\000\040\000D\000a\000r\000k\000\040\000M\000a\000t\000t\000e\000r\000\040\000D\000e\000n\000s\000i\000t\000y\000\040\000\050\000D\000M\000\051}{subsection.2.3}% 14
\BOOKMARK [3][-]{subsubsection.2.3.3}{\376\377\000D\000a\000r\000k\000\040\000E\000n\000e\000r\000g\000y\000\040\000C\000o\000u\000p\000l\000i\000n\000g\000\040\000S\000t\000r\000e\000n\000g\000t\000h\000\040\000\050\000D\000E\000\051}{subsection.2.3}% 15
\BOOKMARK [3][-]{subsubsection.2.3.4}{\376\377\000C\000o\000s\000m\000o\000l\000o\000g\000i\000c\000a\000l\000\040\000C\000o\000n\000s\000t\000a\000n\000t\000\040\000\050\000\051}{subsection.2.3}% 16
\BOOKMARK [3][-]{subsubsection.2.3.5}{\376\377\000T\000i\000m\000e\000\040\000E\000v\000o\000l\000u\000t\000i\000o\000n\000\040\000a\000n\000d\000\040\000M\000o\000d\000u\000l\000a\000t\000i\000o\000n\000\040\000S\000i\000g\000n\000a\000t\000u\000r\000e\000s}{subsection.2.3}% 17
\BOOKMARK [2][-]{subsection.2.4}{\376\377\000B\000i\000o\000l\000o\000g\000i\000c\000a\000l\000\040\000Q\000u\000a\000n\000t\000u\000m\000\040\000E\000n\000h\000a\000n\000c\000e\000m\000e\000n\000t}{section.2}% 18
\BOOKMARK [3][-]{subsubsection.2.4.1}{\376\377\000B\000i\000o\000l\000o\000g\000i\000c\000a\000l\000\040\000C\000o\000h\000e\000r\000e\000n\000c\000e\000\040\000F\000a\000c\000t\000o\000r\000\040\000\050\000b\000i\000o\000\051}{subsection.2.4}% 19
\BOOKMARK [3][-]{subsubsection.2.4.2}{\376\377\000E\000n\000v\000i\000r\000o\000n\000m\000e\000n\000t\000a\000l\000\040\000D\000e\000c\000o\000h\000e\000r\000e\000n\000c\000e\000\040\000R\000a\000t\000e\000\040\000\050\000d\000e\000p\000h\000a\000s\000i\000n\000g\000\051}{subsection.2.4}% 20
\BOOKMARK [3][-]{subsubsection.2.4.3}{\376\377\000T\000e\000m\000p\000e\000r\000a\000t\000u\000r\000e\000-\000D\000e\000p\000e\000n\000d\000e\000n\000t\000\040\000E\000f\000f\000i\000c\000i\000e\000n\000c\000y\000\040\000F\000u\000n\000c\000t\000i\000o\000n\000\040\000\050\000T\000f\000u\000n\000c\000\051}{subsection.2.4}% 21
\BOOKMARK [3][-]{subsubsection.2.4.4}{\376\377\000B\000i\000o\000l\000o\000g\000i\000c\000a\000l\000\040\000Q\000u\000a\000n\000t\000u\000m\000\040\000M\000e\000c\000h\000a\000n\000i\000s\000m\000s\000:\000\040\000P\000h\000o\000t\000o\000s\000y\000n\000t\000h\000e\000s\000i\000s}{subsection.2.4}% 22
\BOOKMARK [2][-]{subsection.2.5}{\376\377\000T\000o\000p\000o\000l\000o\000g\000i\000c\000a\000l\000\040\000Q\000u\000a\000n\000t\000u\000m\000\040\000S\000t\000a\000t\000e\000s}{section.2}% 23
\BOOKMARK [3][-]{subsubsection.2.5.1}{\376\377\000G\000o\000l\000d\000e\000n\000\040\000R\000a\000t\000i\000o\000\040\000S\000i\000g\000n\000i\000f\000i\000c\000a\000n\000c\000e\000\040\000\050\000\051}{subsection.2.5}% 24
\BOOKMARK [3][-]{subsubsection.2.5.2}{\376\377\000T\000o\000p\000o\000l\000o\000g\000i\000c\000a\000l\000\040\000C\000h\000a\000r\000g\000e\000\040\000\050\000\050\000C\000\051\000\051}{subsection.2.5}% 25
\BOOKMARK [3][-]{subsubsection.2.5.3}{\376\377\000B\000e\000r\000r\000y\000\040\000P\000h\000a\000s\000e\000\040\000\050\000B\000e\000r\000r\000y\000\051}{subsection.2.5}% 26
\BOOKMARK [1][-]{section.3}{\376\377\000Q\000u\000a\000n\000t\000u\000m\000\040\000G\000r\000a\000v\000i\000t\000y\000\040\000S\000i\000g\000n\000a\000t\000u\000r\000e\000s}{}% 27
\BOOKMARK [2][-]{subsection.3.1}{\376\377\000E\000x\000p\000e\000r\000i\000m\000e\000n\000t\000a\000l\000\040\000D\000e\000t\000e\000c\000t\000i\000o\000n\000\040\000M\000e\000t\000h\000o\000d\000s}{section.3}% 28
\BOOKMARK [3][-]{subsubsection.3.1.1}{\376\377\000B\000o\000s\000e\000-\000E\000i\000n\000s\000t\000e\000i\000n\000\040\000C\000o\000n\000d\000e\000n\000s\000a\000t\000e\000\040\000G\000r\000a\000v\000i\000t\000o\000m\000e\000t\000e\000r\000s}{subsection.3.1}% 29
\BOOKMARK [3][-]{subsubsection.3.1.2}{\376\377\000Q\000u\000a\000n\000t\000u\000m\000\040\000I\000n\000t\000e\000r\000f\000e\000r\000o\000m\000e\000t\000r\000y\000\040\000i\000n\000\040\000E\000a\000r\000t\000h\000'\000s\000\040\000G\000r\000a\000v\000i\000t\000a\000t\000i\000o\000n\000a\000l\000\040\000F\000i\000e\000l\000d}{subsection.3.1}% 30
\BOOKMARK [2][-]{subsection.3.2}{\376\377\000T\000h\000e\000o\000r\000e\000t\000i\000c\000a\000l\000\040\000I\000m\000p\000l\000i\000c\000a\000t\000i\000o\000n\000s}{section.3}% 31
\BOOKMARK [2][-]{subsection.3.3}{\376\377\000U\000n\000r\000u\000h\000\040\000E\000f\000f\000e\000c\000t\000\040\000V\000e\000r\000i\000f\000i\000c\000a\000t\000i\000o\000n}{section.3}% 32
\BOOKMARK [1][-]{section.4}{\376\377\000D\000a\000r\000k\000\040\000S\000e\000c\000t\000o\000r\000\040\000Q\000u\000a\000n\000t\000u\000m\000\040\000I\000n\000t\000e\000r\000a\000c\000t\000i\000o\000n\000s}{}% 33
\BOOKMARK [2][-]{subsection.4.1}{\376\377\000U\000n\000d\000e\000r\000g\000r\000o\000u\000n\000d\000\040\000Q\000u\000a\000n\000t\000u\000m\000\040\000S\000e\000n\000s\000o\000r\000\040\000N\000e\000t\000w\000o\000r\000k}{section.4}% 34
\BOOKMARK [3][-]{subsubsection.4.1.1}{\376\377\000E\000x\000p\000e\000r\000i\000m\000e\000n\000t\000a\000l\000\040\000I\000n\000f\000r\000a\000s\000t\000r\000u\000c\000t\000u\000r\000e}{subsection.4.1}% 35
\BOOKMARK [3][-]{subsubsection.4.1.2}{\376\377\000D\000a\000r\000k\000\040\000M\000a\000t\000t\000e\000r\000\040\000D\000e\000t\000e\000c\000t\000i\000o\000n\000\040\000R\000e\000s\000u\000l\000t\000s}{subsection.4.1}% 36
\BOOKMARK [3][-]{subsubsection.4.1.3}{\376\377\000D\000a\000r\000k\000\040\000E\000n\000e\000r\000g\000y\000\040\000C\000h\000a\000r\000a\000c\000t\000e\000r\000i\000z\000a\000t\000i\000o\000n}{subsection.4.1}% 37
\BOOKMARK [2][-]{subsection.4.2}{\376\377\000Q\000u\000a\000n\000t\000u\000m\000\040\000D\000a\000r\000k\000\040\000M\000a\000t\000t\000e\000r\000\040\000I\000n\000t\000e\000r\000a\000c\000t\000i\000o\000n\000s}{section.4}% 38
\BOOKMARK [1][-]{section.5}{\376\377\000P\000o\000s\000t\000-\000Q\000u\000a\000n\000t\000u\000m\000\040\000F\000o\000u\000n\000d\000a\000t\000i\000o\000n\000\040\000E\000x\000p\000e\000r\000i\000m\000e\000n\000t\000s}{}% 39
\BOOKMARK [2][-]{subsection.5.1}{\376\377\000Q\000B\000i\000s\000m\000\040\000\050\000Q\000u\000a\000n\000t\000u\000m\000\040\000B\000a\000y\000e\000s\000i\000a\000n\000i\000s\000m\000\051\000\040\000V\000e\000r\000i\000f\000i\000c\000a\000t\000i\000o\000n}{section.5}% 40
\BOOKMARK [3][-]{subsubsection.5.1.1}{\376\377\000A\000g\000e\000n\000t\000-\000D\000e\000p\000e\000n\000d\000e\000n\000t\000\040\000M\000e\000a\000s\000u\000r\000e\000m\000e\000n\000t\000\040\000P\000r\000o\000t\000o\000c\000o\000l}{subsection.5.1}% 41
\BOOKMARK [3][-]{subsubsection.5.1.2}{\376\377\000P\000h\000i\000l\000o\000s\000o\000p\000h\000i\000c\000a\000l\000\040\000I\000m\000p\000l\000i\000c\000a\000t\000i\000o\000n\000s}{subsection.5.1}% 42
\BOOKMARK [2][-]{subsection.5.2}{\376\377\000R\000e\000l\000a\000t\000i\000o\000n\000a\000l\000\040\000Q\000u\000a\000n\000t\000u\000m\000\040\000M\000e\000c\000h\000a\000n\000i\000c\000s\000\040\000T\000e\000s\000t\000s}{section.5}% 43
\BOOKMARK [3][-]{subsubsection.5.2.1}{\376\377\000O\000b\000s\000e\000r\000v\000e\000r\000-\000R\000e\000l\000a\000t\000i\000v\000e\000\040\000E\000n\000t\000a\000n\000g\000l\000e\000m\000e\000n\000t}{subsection.5.2}% 44
\BOOKMARK [2][-]{subsection.5.3}{\376\377\000C\000o\000n\000s\000t\000r\000u\000c\000t\000o\000r\000\040\000T\000h\000e\000o\000r\000y\000\040\000I\000n\000t\000e\000g\000r\000a\000t\000i\000o\000n}{section.5}% 45
\BOOKMARK [3][-]{subsubsection.5.3.1}{\376\377\000F\000u\000n\000d\000a\000m\000e\000n\000t\000a\000l\000\040\000T\000r\000a\000n\000s\000f\000o\000r\000m\000a\000t\000i\000o\000n\000\040\000L\000i\000m\000i\000t\000s}{subsection.5.3}% 46
\BOOKMARK [1][-]{section.6}{\376\377\000T\000o\000p\000o\000l\000o\000g\000i\000c\000a\000l\000\040\000Q\000u\000a\000n\000t\000u\000m\000\040\000E\000n\000g\000i\000n\000e\000e\000r\000i\000n\000g}{}% 47
\BOOKMARK [2][-]{subsection.6.1}{\376\377\000N\000o\000n\000-\000A\000b\000e\000l\000i\000a\000n\000\040\000A\000n\000y\000o\000n\000\040\000D\000e\000v\000e\000l\000o\000p\000m\000e\000n\000t}{section.6}% 48
\BOOKMARK [3][-]{subsubsection.6.1.1}{\376\377\000F\000i\000b\000o\000n\000a\000c\000c\000i\000\040\000A\000n\000y\000o\000n\000\040\000C\000r\000e\000a\000t\000i\000o\000n}{subsection.6.1}% 49
\BOOKMARK [3][-]{subsubsection.6.1.2}{\376\377\000M\000a\000j\000o\000r\000a\000n\000a\000\040\000F\000e\000r\000m\000i\000o\000n\000\040\000E\000n\000g\000i\000n\000e\000e\000r\000i\000n\000g}{subsection.6.1}% 50
\BOOKMARK [2][-]{subsection.6.2}{\376\377\000Q\000u\000a\000n\000t\000u\000m\000\040\000H\000a\000l\000l\000\040\000E\000f\000f\000e\000c\000t\000\040\000E\000x\000t\000e\000n\000s\000i\000o\000n\000s}{section.6}% 51
\BOOKMARK [3][-]{subsubsection.6.2.1}{\376\377\000H\000i\000g\000h\000e\000r\000-\000D\000i\000m\000e\000n\000s\000i\000o\000n\000a\000l\000\040\000Q\000u\000a\000n\000t\000u\000m\000\040\000H\000a\000l\000l\000\040\000S\000t\000a\000t\000e\000s}{subsection.6.2}% 52
\BOOKMARK [2][-]{subsection.6.3}{\376\377\000A\000n\000y\000o\000n\000i\000c\000\040\000Q\000u\000a\000n\000t\000u\000m\000\040\000C\000o\000m\000p\000u\000t\000i\000n\000g\000\040\000D\000e\000m\000o\000n\000s\000t\000r\000a\000t\000i\000o\000n\000s}{section.6}% 53
\BOOKMARK [3][-]{subsubsection.6.3.1}{\376\377\000F\000a\000u\000l\000t\000-\000T\000o\000l\000e\000r\000a\000n\000t\000\040\000Q\000u\000a\000n\000t\000u\000m\000\040\000G\000a\000t\000e\000s}{subsection.6.3}% 54
\BOOKMARK [1][-]{section.7}{\376\377\000B\000i\000o\000l\000o\000g\000i\000c\000a\000l\000\040\000Q\000u\000a\000n\000t\000u\000m\000\040\000C\000o\000h\000e\000r\000e\000n\000c\000e}{}% 55
\BOOKMARK [2][-]{subsection.7.1}{\376\377\000P\000h\000o\000t\000o\000s\000y\000n\000t\000h\000e\000t\000i\000c\000\040\000Q\000u\000a\000n\000t\000u\000m\000\040\000E\000f\000f\000i\000c\000i\000e\000n\000c\000y}{section.7}% 56
\BOOKMARK [3][-]{subsubsection.7.1.1}{\376\377\000F\000e\000n\000n\000a\000-\000M\000a\000t\000t\000h\000e\000w\000s\000-\000O\000l\000s\000o\000n\000\040\000\050\000F\000M\000O\000\051\000\040\000C\000o\000m\000p\000l\000e\000x\000\040\000A\000n\000a\000l\000y\000s\000i\000s}{subsection.7.1}% 57
\BOOKMARK [3][-]{subsubsection.7.1.2}{\376\377\000C\000r\000y\000p\000t\000o\000p\000h\000y\000t\000e\000\040\000A\000l\000g\000a\000e\000\040\000L\000i\000g\000h\000t\000-\000H\000a\000r\000v\000e\000s\000t\000i\000n\000g}{subsection.7.1}% 58
\BOOKMARK [2][-]{subsection.7.2}{\376\377\000A\000v\000i\000a\000n\000\040\000M\000a\000g\000n\000e\000t\000o\000r\000e\000c\000e\000p\000t\000i\000o\000n}{section.7}% 59
\BOOKMARK [3][-]{subsubsection.7.2.1}{\376\377\000C\000r\000y\000p\000t\000o\000c\000h\000r\000o\000m\000e\000\040\000R\000a\000d\000i\000c\000a\000l\000\040\000P\000a\000i\000r\000\040\000D\000y\000n\000a\000m\000i\000c\000s}{subsection.7.2}% 60
\BOOKMARK [3][-]{subsubsection.7.2.2}{\376\377\000N\000a\000v\000i\000g\000a\000t\000i\000o\000n\000\040\000A\000c\000c\000u\000r\000a\000c\000y\000\040\000A\000n\000a\000l\000y\000s\000i\000s}{subsection.7.2}% 61
\BOOKMARK [2][-]{subsection.7.3}{\376\377\000O\000l\000f\000a\000c\000t\000o\000r\000y\000\040\000Q\000u\000a\000n\000t\000u\000m\000\040\000T\000u\000n\000n\000e\000l\000i\000n\000g}{section.7}% 62
\BOOKMARK [3][-]{subsubsection.7.3.1}{\376\377\000V\000i\000b\000r\000a\000t\000i\000o\000n\000a\000l\000\040\000T\000h\000e\000o\000r\000y\000\040\000o\000f\000\040\000S\000m\000e\000l\000l}{subsection.7.3}% 63
\BOOKMARK [2][-]{subsection.7.4}{\376\377\000N\000e\000u\000r\000a\000l\000\040\000M\000i\000c\000r\000o\000t\000u\000b\000u\000l\000e\000\040\000C\000o\000h\000e\000r\000e\000n\000c\000e}{section.7}% 64
\BOOKMARK [3][-]{subsubsection.7.4.1}{\376\377\000C\000o\000n\000s\000c\000i\000o\000u\000s\000n\000e\000s\000s\000-\000Q\000u\000a\000n\000t\000u\000m\000\040\000I\000n\000t\000e\000r\000f\000a\000c\000e}{subsection.7.4}% 65
\BOOKMARK [1][-]{section.8}{\376\377\000Q\000u\000a\000n\000t\000u\000m\000\040\000S\000i\000m\000u\000l\000a\000t\000i\000o\000n\000\040\000o\000f\000\040\000U\000n\000s\000i\000m\000u\000l\000a\000t\000a\000b\000l\000e\000\040\000S\000y\000s\000t\000e\000m\000s}{}% 66
\BOOKMARK [2][-]{subsection.8.1}{\376\377\000Q\000u\000a\000r\000k\000-\000G\000l\000u\000o\000n\000\040\000P\000l\000a\000s\000m\000a\000\040\000S\000i\000m\000u\000l\000a\000t\000i\000o\000n}{section.8}% 67
\BOOKMARK [3][-]{subsubsection.8.1.1}{\376\377\000S\000t\000r\000o\000n\000g\000l\000y\000\040\000C\000o\000u\000p\000l\000e\000d\000\040\000Q\000C\000D}{subsection.8.1}% 68
\BOOKMARK [3][-]{subsubsection.8.1.2}{\376\377\000E\000m\000e\000r\000g\000e\000n\000t\000\040\000P\000h\000e\000n\000o\000m\000e\000n\000a}{subsection.8.1}% 69
\BOOKMARK [2][-]{subsection.8.2}{\376\377\000M\000a\000n\000y\000-\000B\000o\000d\000y\000\040\000L\000o\000c\000a\000l\000i\000z\000a\000t\000i\000o\000n\000\040\000\050\000M\000B\000L\000\051}{section.8}% 70
\BOOKMARK [3][-]{subsubsection.8.2.1}{\376\377\000C\000r\000i\000t\000i\000c\000a\000l\000\040\000D\000i\000s\000o\000r\000d\000e\000r\000\040\000S\000t\000r\000e\000n\000g\000t\000h}{subsection.8.2}% 71
\BOOKMARK [3][-]{subsubsection.8.2.2}{\376\377\000N\000o\000n\000-\000E\000q\000u\000i\000l\000i\000b\000r\000i\000u\000m\000\040\000D\000y\000n\000a\000m\000i\000c\000s}{subsection.8.2}% 72
\BOOKMARK [2][-]{subsection.8.3}{\376\377\000H\000o\000l\000o\000g\000r\000a\000p\000h\000i\000c\000\040\000D\000u\000a\000l\000i\000t\000y\000\040\000S\000i\000m\000u\000l\000a\000t\000i\000o\000n}{section.8}% 73
\BOOKMARK [3][-]{subsubsection.8.3.1}{\376\377\000A\000d\000S\000/\000C\000F\000T\000\040\000C\000o\000r\000r\000e\000s\000p\000o\000n\000d\000e\000n\000c\000e}{subsection.8.3}% 74
\BOOKMARK [3][-]{subsubsection.8.3.2}{\376\377\000Q\000u\000a\000n\000t\000u\000m\000\040\000E\000r\000r\000o\000r\000\040\000C\000o\000r\000r\000e\000c\000t\000i\000o\000n}{subsection.8.3}% 75
\BOOKMARK [1][-]{section.9}{\376\377\000E\000x\000p\000e\000r\000i\000m\000e\000n\000t\000a\000l\000\040\000R\000e\000s\000u\000l\000t\000s\000\040\000a\000n\000d\000\040\000A\000n\000a\000l\000y\000s\000i\000s}{}% 76
\BOOKMARK [2][-]{subsection.9.1}{\376\377\000C\000o\000m\000p\000r\000e\000h\000e\000n\000s\000i\000v\000e\000\040\000K\000-\000P\000a\000r\000a\000m\000e\000t\000e\000r\000\040\000M\000e\000a\000s\000u\000r\000e\000m\000e\000n\000t\000s}{section.9}% 77
\BOOKMARK [3][-]{subsubsection.9.1.1}{\376\377\000S\000t\000a\000n\000d\000a\000r\000d\000\040\000v\000s\000.\000\040\000E\000x\000t\000e\000n\000d\000e\000d\000\040\000F\000r\000a\000m\000e\000w\000o\000r\000k\000\040\000C\000o\000m\000p\000a\000r\000i\000s\000o\000n}{subsection.9.1}% 78
\BOOKMARK [3][-]{subsubsection.9.1.2}{\376\377\000M\000u\000l\000t\000i\000-\000P\000a\000r\000a\000m\000e\000t\000e\000r\000\040\000C\000o\000r\000r\000e\000l\000a\000t\000i\000o\000n\000s}{subsection.9.1}% 79
\BOOKMARK [2][-]{subsection.9.2}{\376\377\000E\000r\000r\000o\000r\000\040\000A\000n\000a\000l\000y\000s\000i\000s\000\040\000a\000n\000d\000\040\000S\000y\000s\000t\000e\000m\000a\000t\000i\000c\000\040\000E\000f\000f\000e\000c\000t\000s}{section.9}% 80
\BOOKMARK [3][-]{subsubsection.9.2.1}{\376\377\000S\000t\000a\000t\000i\000s\000t\000i\000c\000a\000l\000\040\000U\000n\000c\000e\000r\000t\000a\000i\000n\000t\000i\000e\000s}{subsection.9.2}% 81
\BOOKMARK [3][-]{subsubsection.9.2.2}{\376\377\000S\000y\000s\000t\000e\000m\000a\000t\000i\000c\000\040\000V\000a\000l\000i\000d\000a\000t\000i\000o\000n}{subsection.9.2}% 82
\BOOKMARK [2][-]{subsection.9.3}{\376\377\000D\000i\000s\000c\000o\000v\000e\000r\000y\000\040\000S\000i\000g\000n\000i\000f\000i\000c\000a\000n\000c\000e\000\040\000A\000s\000s\000e\000s\000s\000m\000e\000n\000t}{section.9}% 83
\BOOKMARK [3][-]{subsubsection.9.3.1}{\376\377\000S\000t\000a\000t\000i\000s\000t\000i\000c\000a\000l\000\040\000S\000i\000g\000n\000i\000f\000i\000c\000a\000n\000c\000e}{subsection.9.3}% 84
\BOOKMARK [3][-]{subsubsection.9.3.2}{\376\377\000R\000e\000p\000r\000o\000d\000u\000c\000i\000b\000i\000l\000i\000t\000y\000\040\000A\000n\000a\000l\000y\000s\000i\000s}{subsection.9.3}% 85
\BOOKMARK [1][-]{section.10}{\376\377\000T\000e\000c\000h\000n\000o\000l\000o\000g\000i\000c\000a\000l\000\040\000B\000r\000e\000a\000k\000t\000h\000r\000o\000u\000g\000h\000s}{}% 86
\BOOKMARK [2][-]{subsection.10.1}{\376\377\000Q\000u\000a\000n\000t\000u\000m\000\040\000C\000o\000m\000p\000u\000t\000i\000n\000g\000\040\000A\000d\000v\000a\000n\000c\000e\000s}{section.10}% 87
\BOOKMARK [3][-]{subsubsection.10.1.1}{\376\377\000B\000i\000o\000l\000o\000g\000i\000c\000a\000l\000\040\000Q\000u\000a\000n\000t\000u\000m\000\040\000P\000r\000o\000c\000e\000s\000s\000o\000r\000s}{subsection.10.1}% 88
\BOOKMARK [3][-]{subsubsection.10.1.2}{\376\377\000T\000o\000p\000o\000l\000o\000g\000i\000c\000a\000l\000\040\000Q\000u\000a\000n\000t\000u\000m\000\040\000C\000o\000m\000p\000u\000t\000i\000n\000g}{subsection.10.1}% 89
\BOOKMARK [2][-]{subsection.10.2}{\376\377\000G\000r\000a\000v\000i\000t\000a\000t\000i\000o\000n\000a\000l\000\040\000W\000a\000v\000e\000\040\000D\000e\000t\000e\000c\000t\000i\000o\000n\000\040\000R\000e\000v\000o\000l\000u\000t\000i\000o\000n}{section.10}% 90
\BOOKMARK [3][-]{subsubsection.10.2.1}{\376\377\000Q\000u\000a\000n\000t\000u\000m\000-\000E\000n\000h\000a\000n\000c\000e\000d\000\040\000I\000n\000t\000e\000r\000f\000e\000r\000o\000m\000e\000t\000r\000y}{subsection.10.2}% 91
\BOOKMARK [3][-]{subsubsection.10.2.2}{\376\377\000S\000p\000a\000c\000e\000-\000B\000a\000s\000e\000d\000\040\000Q\000u\000a\000n\000t\000u\000m\000\040\000S\000e\000n\000s\000o\000r\000s}{subsection.10.2}% 92
\BOOKMARK [2][-]{subsection.10.3}{\376\377\000E\000n\000e\000r\000g\000y\000\040\000T\000e\000c\000h\000n\000o\000l\000o\000g\000y\000\040\000R\000e\000v\000o\000l\000u\000t\000i\000o\000n}{section.10}% 93
\BOOKMARK [3][-]{subsubsection.10.3.1}{\376\377\000Q\000u\000a\000n\000t\000u\000m\000\040\000P\000h\000o\000t\000o\000s\000y\000n\000t\000h\000e\000t\000i\000c\000\040\000S\000o\000l\000a\000r\000\040\000C\000e\000l\000l\000s}{subsection.10.3}% 94
\BOOKMARK [3][-]{subsubsection.10.3.2}{\376\377\000Q\000u\000a\000n\000t\000u\000m\000\040\000E\000n\000e\000r\000g\000y\000\040\000S\000t\000o\000r\000a\000g\000e}{subsection.10.3}% 95
\BOOKMARK [2][-]{subsection.10.4}{\376\377\000N\000a\000v\000i\000g\000a\000t\000i\000o\000n\000\040\000a\000n\000d\000\040\000S\000e\000n\000s\000i\000n\000g}{section.10}% 96
\BOOKMARK [3][-]{subsubsection.10.4.1}{\376\377\000Q\000u\000a\000n\000t\000u\000m\000\040\000C\000o\000m\000p\000a\000s\000s\000\040\000T\000e\000c\000h\000n\000o\000l\000o\000g\000y}{subsection.10.4}% 97
\BOOKMARK [1][-]{section.11}{\376\377\000P\000h\000i\000l\000o\000s\000o\000p\000h\000i\000c\000a\000l\000\040\000I\000m\000p\000l\000i\000c\000a\000t\000i\000o\000n\000s}{}% 98
\BOOKMARK [2][-]{subsection.11.1}{\376\377\000N\000a\000t\000u\000r\000e\000\040\000o\000f\000\040\000Q\000u\000a\000n\000t\000u\000m\000\040\000R\000e\000a\000l\000i\000t\000y}{section.11}% 99
\BOOKMARK [3][-]{subsubsection.11.1.1}{\376\377\000O\000b\000s\000e\000r\000v\000e\000r\000-\000D\000e\000p\000e\000n\000d\000e\000n\000t\000\040\000P\000h\000y\000s\000i\000c\000s}{subsection.11.1}% 100
\BOOKMARK [3][-]{subsubsection.11.1.2}{\376\377\000C\000o\000n\000s\000c\000i\000o\000u\000s\000n\000e\000s\000s\000-\000Q\000u\000a\000n\000t\000u\000m\000\040\000I\000n\000t\000e\000r\000f\000a\000c\000e}{subsection.11.1}% 101
\BOOKMARK [2][-]{subsection.11.2}{\376\377\000F\000u\000n\000d\000a\000m\000e\000n\000t\000a\000l\000\040\000P\000h\000y\000s\000i\000c\000s\000\040\000P\000a\000r\000a\000d\000i\000g\000m\000\040\000S\000h\000i\000f\000t\000s}{section.11}% 102
\BOOKMARK [3][-]{subsubsection.11.2.1}{\376\377\000I\000n\000f\000o\000r\000m\000a\000t\000i\000o\000n\000-\000T\000h\000e\000o\000r\000e\000t\000i\000c\000\040\000P\000h\000y\000s\000i\000c\000s}{subsection.11.2}% 103
\BOOKMARK [3][-]{subsubsection.11.2.2}{\376\377\000M\000u\000l\000t\000i\000v\000e\000r\000s\000e\000\040\000E\000v\000i\000d\000e\000n\000c\000e}{subsection.11.2}% 104
\BOOKMARK [2][-]{subsection.11.3}{\376\377\000S\000c\000i\000e\000n\000t\000i\000f\000i\000c\000\040\000M\000e\000t\000h\000o\000d\000\040\000E\000v\000o\000l\000u\000t\000i\000o\000n}{section.11}% 105
\BOOKMARK [3][-]{subsubsection.11.3.1}{\376\377\000Q\000u\000a\000n\000t\000u\000m\000-\000E\000n\000h\000a\000n\000c\000e\000d\000\040\000S\000c\000i\000e\000n\000c\000e}{subsection.11.3}% 106
\BOOKMARK [1][-]{section.12}{\376\377\000F\000u\000t\000u\000r\000e\000\040\000R\000e\000s\000e\000a\000r\000c\000h\000\040\000D\000i\000r\000e\000c\000t\000i\000o\000n\000s}{}% 107
\BOOKMARK [2][-]{subsection.12.1}{\376\377\000I\000m\000m\000e\000d\000i\000a\000t\000e\000\040\000P\000r\000i\000o\000r\000i\000t\000i\000e\000s\000\040\000\050\0002\0000\0002\0005\000-\0002\0000\0002\0007\000\051}{section.12}% 108
\BOOKMARK [3][-]{subsubsection.12.1.1}{\376\377\000T\000e\000c\000h\000n\000o\000l\000o\000g\000y\000\040\000S\000c\000a\000l\000i\000n\000g}{subsection.12.1}% 109
\BOOKMARK [2][-]{subsection.12.2}{\376\377\000M\000e\000d\000i\000u\000m\000-\000T\000e\000r\000m\000\040\000G\000o\000a\000l\000s\000\040\000\050\0002\0000\0002\0007\000-\0002\0000\0003\0002\000\051}{section.12}% 110
\BOOKMARK [3][-]{subsubsection.12.2.1}{\376\377\000C\000o\000n\000s\000c\000i\000o\000u\000s\000n\000e\000s\000s\000\040\000S\000c\000i\000e\000n\000c\000e}{subsection.12.2}% 111
\BOOKMARK [3][-]{subsubsection.12.2.2}{\376\377\000S\000p\000a\000c\000e\000t\000i\000m\000e\000\040\000E\000n\000g\000i\000n\000e\000e\000r\000i\000n\000g}{subsection.12.2}% 112
\BOOKMARK [2][-]{subsection.12.3}{\376\377\000L\000o\000n\000g\000-\000T\000e\000r\000m\000\040\000V\000i\000s\000i\000o\000n\000\040\000\050\0002\0000\0003\0002\000-\0002\0000\0005\0000\000\051}{section.12}% 113
\BOOKMARK [3][-]{subsubsection.12.3.1}{\376\377\000P\000o\000s\000t\000-\000H\000u\000m\000a\000n\000\040\000T\000e\000c\000h\000n\000o\000l\000o\000g\000y}{subsection.12.3}% 114
\BOOKMARK [3][-]{subsubsection.12.3.2}{\376\377\000C\000o\000s\000m\000i\000c\000-\000S\000c\000a\000l\000e\000\040\000E\000n\000g\000i\000n\000e\000e\000r\000i\000n\000g}{subsection.12.3}% 115
\BOOKMARK [1][-]{section.13}{\376\377\000C\000o\000n\000c\000l\000u\000s\000i\000o\000n\000s}{}% 116
\BOOKMARK [2][-]{subsection.13.1}{\376\377\000R\000e\000v\000o\000l\000u\000t\000i\000o\000n\000a\000r\000y\000\040\000S\000c\000i\000e\000n\000t\000i\000f\000i\000c\000\040\000A\000c\000h\000i\000e\000v\000e\000m\000e\000n\000t\000s}{section.13}% 117
\BOOKMARK [3][-]{subsubsection.13.1.1}{\376\377\000F\000u\000n\000d\000a\000m\000e\000n\000t\000a\000l\000\040\000P\000h\000y\000s\000i\000c\000s\000\040\000D\000i\000s\000c\000o\000v\000e\000r\000i\000e\000s}{subsection.13.1}% 118
\BOOKMARK [3][-]{subsubsection.13.1.2}{\376\377\000T\000e\000c\000h\000n\000o\000l\000o\000g\000i\000c\000a\000l\000\040\000B\000r\000e\000a\000k\000t\000h\000r\000o\000u\000g\000h\000s}{subsection.13.1}% 119
\BOOKMARK [2][-]{subsection.13.2}{\376\377\000P\000a\000r\000a\000d\000i\000g\000m\000-\000S\000h\000i\000f\000t\000i\000n\000g\000\040\000I\000m\000p\000l\000i\000c\000a\000t\000i\000o\000n\000s}{section.13}% 120
\BOOKMARK [3][-]{subsubsection.13.2.1}{\376\377\000S\000c\000i\000e\000n\000t\000i\000f\000i\000c\000\040\000R\000e\000v\000o\000l\000u\000t\000i\000o\000n}{subsection.13.2}% 121
\BOOKMARK [3][-]{subsubsection.13.2.2}{\376\377\000P\000h\000i\000l\000o\000s\000o\000p\000h\000i\000c\000a\000l\000\040\000T\000r\000a\000n\000s\000f\000o\000r\000m\000a\000t\000i\000o\000n}{subsection.13.2}% 122
\BOOKMARK [2][-]{subsection.13.3}{\376\377\000F\000i\000n\000a\000l\000\040\000R\000e\000f\000l\000e\000c\000t\000i\000o\000n\000s}{section.13}% 123
\BOOKMARK [1][-]{section.14}{\376\377\000R\000e\000f\000e\000r\000e\000n\000c\000e\000s}{}% 124
\BOOKMARK [2][-]{subsection.14.1}{\376\377\000T\000h\000e\000o\000r\000e\000t\000i\000c\000a\000l\000\040\000F\000o\000u\000n\000d\000a\000t\000i\000o\000n\000s}{section.14}% 125
\BOOKMARK [2][-]{subsection.14.2}{\376\377\000Q\000u\000a\000n\000t\000u\000m\000\040\000G\000r\000a\000v\000i\000t\000y}{section.14}% 126
\BOOKMARK [2][-]{subsection.14.3}{\376\377\000D\000a\000r\000k\000\040\000S\000e\000c\000t\000o\000r\000\040\000P\000h\000y\000s\000i\000c\000s}{section.14}% 127
\BOOKMARK [2][-]{subsection.14.4}{\376\377\000Q\000u\000a\000n\000t\000u\000m\000\040\000B\000i\000o\000l\000o\000g\000y}{section.14}% 128
\BOOKMARK [2][-]{subsection.14.5}{\376\377\000T\000o\000p\000o\000l\000o\000g\000i\000c\000a\000l\000\040\000Q\000u\000a\000n\000t\000u\000m\000\040\000M\000a\000t\000t\000e\000r}{section.14}% 129
\BOOKMARK [2][-]{subsection.14.6}{\376\377\000Q\000u\000a\000n\000t\000u\000m\000\040\000I\000n\000f\000o\000r\000m\000a\000t\000i\000o\000n\000\040\000a\000n\000d\000\040\000C\000o\000m\000p\000u\000t\000a\000t\000i\000o\000n}{section.14}% 130
\BOOKMARK [2][-]{subsection.14.7}{\376\377\000H\000o\000l\000o\000g\000r\000a\000p\000h\000i\000c\000\040\000D\000u\000a\000l\000i\000t\000y}{section.14}% 131
\BOOKMARK [2][-]{subsection.14.8}{\376\377\000E\000x\000p\000e\000r\000i\000m\000e\000n\000t\000a\000l\000\040\000T\000e\000c\000h\000n\000i\000q\000u\000e\000s}{section.14}% 132
\BOOKMARK [2][-]{subsection.14.9}{\376\377\000Q\000u\000i\000l\000l\000o\000n\000\040\000Q\000-\000W\000a\000t\000e\000r\000B\000o\000t\000\040\000P\000l\000a\000t\000f\000o\000r\000m}{section.14}% 133
