\BOOKMARK [1][-]{section.1}{\376\377\000I\000n\000t\000r\000o\000d\000u\000c\000t\000i\000o\000n}{}% 1
\BOOKMARK [1][-]{section.2}{\376\377\000R\000e\000l\000a\000t\000e\000d\000\040\000W\000o\000r\000k}{}% 2
\BOOKMARK [2][-]{subsection.2.1}{\376\377\000P\000e\000e\000r\000-\000t\000o\000-\000P\000e\000e\000r\000\040\000N\000e\000t\000w\000o\000r\000k\000i\000n\000g}{section.2}% 3
\BOOKMARK [2][-]{subsection.2.2}{\376\377\000A\000n\000o\000n\000y\000m\000o\000u\000s\000\040\000C\000o\000m\000m\000u\000n\000i\000c\000a\000t\000i\000o\000n\000\040\000N\000e\000t\000w\000o\000r\000k\000s}{section.2}% 4
\BOOKMARK [2][-]{subsection.2.3}{\376\377\000S\000t\000e\000g\000a\000n\000o\000g\000r\000a\000p\000h\000i\000c\000\040\000C\000o\000m\000m\000u\000n\000i\000c\000a\000t\000i\000o\000n}{section.2}% 5
\BOOKMARK [2][-]{subsection.2.4}{\376\377\000Q\000u\000a\000n\000t\000u\000m\000-\000R\000e\000s\000i\000s\000t\000a\000n\000t\000\040\000N\000e\000t\000w\000o\000r\000k\000i\000n\000g}{section.2}% 6
\BOOKMARK [1][-]{section.3}{\376\377\000A\000r\000c\000h\000i\000t\000e\000c\000t\000u\000r\000e\000\040\000O\000v\000e\000r\000v\000i\000e\000w}{}% 7
\BOOKMARK [2][-]{subsection.3.1}{\376\377\000D\000e\000s\000i\000g\000n\000\040\000P\000r\000i\000n\000c\000i\000p\000l\000e\000s}{section.3}% 8
\BOOKMARK [2][-]{subsection.3.2}{\376\377\000S\000y\000s\000t\000e\000m\000\040\000C\000o\000m\000p\000o\000n\000e\000n\000t\000s}{section.3}% 9
\BOOKMARK [3][-]{subsubsection.3.2.1}{\376\377\000L\000a\000y\000e\000r\000\040\0001\000:\000\040\000l\000i\000b\000p\0002\000p\000\040\000S\000t\000r\000u\000c\000t\000u\000r\000e\000d\000\040\000N\000e\000t\000w\000o\000r\000k\000i\000n\000g}{subsection.3.2}% 10
\BOOKMARK [3][-]{subsubsection.3.2.2}{\376\377\000L\000a\000y\000e\000r\000\040\0002\000:\000\040\000T\000o\000r\000\040\000A\000n\000o\000n\000y\000m\000o\000u\000s\000\040\000N\000e\000t\000w\000o\000r\000k\000i\000n\000g}{subsection.3.2}% 11
\BOOKMARK [3][-]{subsubsection.3.2.3}{\376\377\000L\000a\000y\000e\000r\000\040\0003\000:\000\040\000D\000N\000S\000\040\000P\000h\000a\000n\000t\000o\000m\000\040\000S\000t\000e\000g\000a\000n\000o\000g\000r\000a\000p\000h\000y}{subsection.3.2}% 12
\BOOKMARK [3][-]{subsubsection.3.2.4}{\376\377\000L\000a\000y\000e\000r\000\040\0004\000:\000\040\000B\000i\000t\000T\000o\000r\000r\000e\000n\000t\000\040\000D\000H\000T\000\040\000D\000i\000s\000c\000o\000v\000e\000r\000y}{subsection.3.2}% 13
\BOOKMARK [1][-]{section.4}{\376\377\000U\000n\000i\000f\000i\000e\000d\000\040\000N\000e\000t\000w\000o\000r\000k\000\040\000C\000o\000o\000r\000d\000i\000n\000a\000t\000i\000o\000n\000\040\000S\000y\000s\000t\000e\000m}{}% 14
\BOOKMARK [2][-]{subsection.4.1}{\376\377\000I\000n\000t\000e\000l\000l\000i\000g\000e\000n\000t\000\040\000M\000u\000l\000t\000i\000-\000L\000a\000y\000e\000r\000\040\000I\000n\000t\000e\000g\000r\000a\000t\000i\000o\000n}{section.4}% 15
\BOOKMARK [3][-]{subsubsection.4.1.1}{\376\377\000A\000r\000c\000h\000i\000t\000e\000c\000t\000u\000r\000e\000\040\000o\000f\000\040\000t\000h\000e\000\040\000U\000n\000i\000f\000i\000e\000d\000\040\000N\000e\000t\000w\000o\000r\000k\000\040\000M\000a\000n\000a\000g\000e\000r}{subsection.4.1}% 16
\BOOKMARK [3][-]{subsubsection.4.1.2}{\376\377\000M\000e\000s\000s\000a\000g\000e\000\040\000C\000l\000a\000s\000s\000i\000f\000i\000c\000a\000t\000i\000o\000n\000\040\000S\000y\000s\000t\000e\000m}{subsection.4.1}% 17
\BOOKMARK [2][-]{subsection.4.2}{\376\377\000I\000n\000t\000e\000l\000l\000i\000g\000e\000n\000t\000\040\000R\000o\000u\000t\000i\000n\000g\000\040\000S\000t\000r\000a\000t\000e\000g\000i\000e\000s}{section.4}% 18
\BOOKMARK [3][-]{subsubsection.4.2.1}{\376\377\000P\000e\000r\000f\000o\000r\000m\000a\000n\000c\000e\000-\000F\000i\000r\000s\000t\000\040\000R\000o\000u\000t\000i\000n\000g}{subsection.4.2}% 19
\BOOKMARK [3][-]{subsubsection.4.2.2}{\376\377\000P\000r\000i\000v\000a\000c\000y\000-\000F\000i\000r\000s\000t\000\040\000R\000o\000u\000t\000i\000n\000g}{subsection.4.2}% 20
\BOOKMARK [3][-]{subsubsection.4.2.3}{\376\377\000A\000d\000a\000p\000t\000i\000v\000e\000\040\000R\000o\000u\000t\000i\000n\000g}{subsection.4.2}% 21
\BOOKMARK [2][-]{subsection.4.3}{\376\377\000R\000e\000a\000l\000-\000T\000i\000m\000e\000\040\000H\000e\000a\000l\000t\000h\000\040\000M\000o\000n\000i\000t\000o\000r\000i\000n\000g\000\040\000a\000n\000d\000\040\000O\000p\000t\000i\000m\000i\000z\000a\000t\000i\000o\000n}{section.4}% 22
\BOOKMARK [3][-]{subsubsection.4.3.1}{\376\377\000C\000o\000m\000p\000r\000e\000h\000e\000n\000s\000i\000v\000e\000\040\000M\000e\000t\000r\000i\000c\000s\000\040\000C\000o\000l\000l\000e\000c\000t\000i\000o\000n}{subsection.4.3}% 23
\BOOKMARK [3][-]{subsubsection.4.3.2}{\376\377\000P\000r\000e\000d\000i\000c\000t\000i\000v\000e\000\040\000F\000a\000i\000l\000u\000r\000e\000\040\000D\000e\000t\000e\000c\000t\000i\000o\000n}{subsection.4.3}% 24
\BOOKMARK [2][-]{subsection.4.4}{\376\377\000A\000d\000v\000a\000n\000c\000e\000d\000\040\000F\000a\000i\000l\000o\000v\000e\000r\000\040\000M\000e\000c\000h\000a\000n\000i\000s\000m\000s}{section.4}% 25
\BOOKMARK [3][-]{subsubsection.4.4.1}{\376\377\000I\000n\000t\000e\000l\000l\000i\000g\000e\000n\000t\000\040\000B\000a\000c\000k\000u\000p\000\040\000S\000e\000l\000e\000c\000t\000i\000o\000n}{subsection.4.4}% 26
\BOOKMARK [3][-]{subsubsection.4.4.2}{\376\377\000G\000r\000a\000c\000e\000f\000u\000l\000\040\000D\000e\000g\000r\000a\000d\000a\000t\000i\000o\000n\000\040\000S\000t\000r\000a\000t\000e\000g\000i\000e\000s}{subsection.4.4}% 27
\BOOKMARK [2][-]{subsection.4.5}{\376\377\000L\000o\000a\000d\000\040\000B\000a\000l\000a\000n\000c\000i\000n\000g\000\040\000a\000n\000d\000\040\000O\000p\000t\000i\000m\000i\000z\000a\000t\000i\000o\000n}{section.4}% 28
\BOOKMARK [3][-]{subsubsection.4.5.1}{\376\377\000D\000y\000n\000a\000m\000i\000c\000\040\000L\000o\000a\000d\000\040\000D\000i\000s\000t\000r\000i\000b\000u\000t\000i\000o\000n}{subsection.4.5}% 29
\BOOKMARK [3][-]{subsubsection.4.5.2}{\376\377\000P\000e\000r\000f\000o\000r\000m\000a\000n\000c\000e\000\040\000O\000p\000t\000i\000m\000i\000z\000a\000t\000i\000o\000n}{subsection.4.5}% 30
\BOOKMARK [2][-]{subsection.4.6}{\376\377\000C\000o\000o\000r\000d\000i\000n\000a\000t\000i\000o\000n\000\040\000B\000e\000n\000e\000f\000i\000t\000s\000\040\000a\000n\000d\000\040\000P\000e\000r\000f\000o\000r\000m\000a\000n\000c\000e\000\040\000I\000m\000p\000a\000c\000t}{section.4}% 31
\BOOKMARK [3][-]{subsubsection.4.6.1}{\376\377\000Q\000u\000a\000n\000t\000i\000f\000i\000e\000d\000\040\000I\000m\000p\000r\000o\000v\000e\000m\000e\000n\000t\000s}{subsection.4.6}% 32
\BOOKMARK [3][-]{subsubsection.4.6.2}{\376\377\000S\000c\000a\000l\000a\000b\000i\000l\000i\000t\000y\000\040\000A\000n\000a\000l\000y\000s\000i\000s}{subsection.4.6}% 33
\BOOKMARK [1][-]{section.5}{\376\377\000D\000e\000t\000a\000i\000l\000e\000d\000\040\000C\000o\000m\000p\000o\000n\000e\000n\000t\000\040\000A\000n\000a\000l\000y\000s\000i\000s}{}% 34
\BOOKMARK [2][-]{subsection.5.1}{\376\377\000l\000i\000b\000p\0002\000p\000\040\000N\000e\000t\000w\000o\000r\000k\000i\000n\000g\000\040\000L\000a\000y\000e\000r}{section.5}% 35
\BOOKMARK [3][-]{subsubsection.5.1.1}{\376\377\000P\000r\000o\000t\000o\000c\000o\000l\000\040\000S\000t\000a\000c\000k}{subsection.5.1}% 36
\BOOKMARK [3][-]{subsubsection.5.1.2}{\376\377\000P\000e\000e\000r\000\040\000D\000i\000s\000c\000o\000v\000e\000r\000y\000\040\000M\000e\000c\000h\000a\000n\000i\000s\000m}{subsection.5.1}% 37
\BOOKMARK [3][-]{subsubsection.5.1.3}{\376\377\000C\000o\000n\000n\000e\000c\000t\000i\000o\000n\000\040\000M\000a\000n\000a\000g\000e\000m\000e\000n\000t}{subsection.5.1}% 38
\BOOKMARK [2][-]{subsection.5.2}{\376\377\000T\000o\000r\000\040\000I\000n\000t\000e\000g\000r\000a\000t\000i\000o\000n\000\040\000L\000a\000y\000e\000r}{section.5}% 39
\BOOKMARK [3][-]{subsubsection.5.2.1}{\376\377\000C\000i\000r\000c\000u\000i\000t\000\040\000A\000r\000c\000h\000i\000t\000e\000c\000t\000u\000r\000e}{subsection.5.2}% 40
\BOOKMARK [3][-]{subsubsection.5.2.2}{\376\377\000C\000i\000r\000c\000u\000i\000t\000\040\000R\000o\000t\000a\000t\000i\000o\000n\000\040\000S\000t\000r\000a\000t\000e\000g\000y}{subsection.5.2}% 41
\BOOKMARK [3][-]{subsubsection.5.2.3}{\376\377\000O\000n\000i\000o\000n\000\040\000S\000e\000r\000v\000i\000c\000e\000\040\000M\000a\000n\000a\000g\000e\000m\000e\000n\000t}{subsection.5.2}% 42
\BOOKMARK [2][-]{subsection.5.3}{\376\377\000D\000N\000S\000\040\000P\000h\000a\000n\000t\000o\000m\000\040\000S\000t\000e\000g\000a\000n\000o\000g\000r\000a\000p\000h\000y}{section.5}% 43
\BOOKMARK [3][-]{subsubsection.5.3.1}{\376\377\000S\000t\000e\000g\000a\000n\000o\000g\000r\000a\000p\000h\000i\000c\000\040\000E\000n\000c\000o\000d\000i\000n\000g\000\040\000S\000c\000h\000e\000m\000e\000s}{subsection.5.3}% 44
\BOOKMARK [3][-]{subsubsection.5.3.2}{\376\377\000D\000N\000S\000-\000o\000v\000e\000r\000-\000H\000T\000T\000P\000S\000\040\000I\000n\000t\000e\000g\000r\000a\000t\000i\000o\000n}{subsection.5.3}% 45
\BOOKMARK [3][-]{subsubsection.5.3.3}{\376\377\000M\000e\000s\000h\000\040\000N\000e\000t\000w\000o\000r\000k\000\040\000T\000o\000p\000o\000l\000o\000g\000y}{subsection.5.3}% 46
\BOOKMARK [2][-]{subsection.5.4}{\376\377\000B\000i\000t\000T\000o\000r\000r\000e\000n\000t\000\040\000D\000H\000T\000\040\000D\000i\000s\000c\000o\000v\000e\000r\000y}{section.5}% 47
\BOOKMARK [3][-]{subsubsection.5.4.1}{\376\377\000B\000E\000P\000-\0004\0004\000\040\000I\000m\000p\000l\000e\000m\000e\000n\000t\000a\000t\000i\000o\000n}{subsection.5.4}% 48
\BOOKMARK [3][-]{subsubsection.5.4.2}{\376\377\000T\000i\000m\000e\000-\000B\000a\000s\000e\000d\000\040\000K\000e\000y\000\040\000R\000o\000t\000a\000t\000i\000o\000n}{subsection.5.4}% 49
\BOOKMARK [3][-]{subsubsection.5.4.3}{\376\377\000D\000e\000c\000o\000y\000\040\000T\000r\000a\000f\000f\000i\000c\000\040\000G\000e\000n\000e\000r\000a\000t\000i\000o\000n}{subsection.5.4}% 50
\BOOKMARK [1][-]{section.6}{\376\377\000S\000e\000c\000u\000r\000i\000t\000y\000\040\000A\000n\000a\000l\000y\000s\000i\000s}{}% 51
\BOOKMARK [2][-]{subsection.6.1}{\376\377\000T\000h\000r\000e\000a\000t\000\040\000M\000o\000d\000e\000l}{section.6}% 52
\BOOKMARK [3][-]{subsubsection.6.1.1}{\376\377\000N\000e\000t\000w\000o\000r\000k\000-\000L\000e\000v\000e\000l\000\040\000A\000d\000v\000e\000r\000s\000a\000r\000i\000e\000s}{subsection.6.1}% 53
\BOOKMARK [3][-]{subsubsection.6.1.2}{\376\377\000A\000p\000p\000l\000i\000c\000a\000t\000i\000o\000n\000-\000L\000e\000v\000e\000l\000\040\000A\000d\000v\000e\000r\000s\000a\000r\000i\000e\000s}{subsection.6.1}% 54
\BOOKMARK [3][-]{subsubsection.6.1.3}{\376\377\000C\000r\000y\000p\000t\000o\000g\000r\000a\000p\000h\000i\000c\000\040\000A\000d\000v\000e\000r\000s\000a\000r\000i\000e\000s}{subsection.6.1}% 55
\BOOKMARK [2][-]{subsection.6.2}{\376\377\000S\000e\000c\000u\000r\000i\000t\000y\000\040\000P\000r\000o\000p\000e\000r\000t\000i\000e\000s}{section.6}% 56
\BOOKMARK [3][-]{subsubsection.6.2.1}{\376\377\000A\000n\000o\000n\000y\000m\000i\000t\000y\000\040\000G\000u\000a\000r\000a\000n\000t\000e\000e\000s}{subsection.6.2}% 57
\BOOKMARK [3][-]{subsubsection.6.2.2}{\376\377\000C\000e\000n\000s\000o\000r\000s\000h\000i\000p\000\040\000R\000e\000s\000i\000s\000t\000a\000n\000c\000e}{subsection.6.2}% 58
\BOOKMARK [2][-]{subsection.6.3}{\376\377\000Q\000u\000a\000n\000t\000u\000m\000\040\000S\000e\000c\000u\000r\000i\000t\000y\000\040\000A\000n\000a\000l\000y\000s\000i\000s}{section.6}% 59
\BOOKMARK [3][-]{subsubsection.6.3.1}{\376\377\000P\000o\000s\000t\000-\000Q\000u\000a\000n\000t\000u\000m\000\040\000C\000r\000y\000p\000t\000o\000g\000r\000a\000p\000h\000i\000c\000\040\000I\000n\000t\000e\000g\000r\000a\000t\000i\000o\000n}{subsection.6.3}% 60
\BOOKMARK [3][-]{subsubsection.6.3.2}{\376\377\000H\000y\000b\000r\000i\000d\000\040\000S\000e\000c\000u\000r\000i\000t\000y\000\040\000M\000o\000d\000e\000s}{subsection.6.3}% 61
\BOOKMARK [1][-]{section.7}{\376\377\000P\000e\000r\000f\000o\000r\000m\000a\000n\000c\000e\000\040\000E\000v\000a\000l\000u\000a\000t\000i\000o\000n}{}% 62
\BOOKMARK [2][-]{subsection.7.1}{\376\377\000E\000x\000p\000e\000r\000i\000m\000e\000n\000t\000a\000l\000\040\000S\000e\000t\000u\000p}{section.7}% 63
\BOOKMARK [3][-]{subsubsection.7.1.1}{\376\377\000T\000e\000s\000t\000\040\000E\000n\000v\000i\000r\000o\000n\000m\000e\000n\000t}{subsection.7.1}% 64
\BOOKMARK [3][-]{subsubsection.7.1.2}{\376\377\000E\000v\000a\000l\000u\000a\000t\000i\000o\000n\000\040\000M\000e\000t\000r\000i\000c\000s}{subsection.7.1}% 65
\BOOKMARK [2][-]{subsection.7.2}{\376\377\000R\000e\000s\000u\000l\000t\000s}{section.7}% 66
\BOOKMARK [3][-]{subsubsection.7.2.1}{\376\377\000P\000e\000e\000r\000\040\000D\000i\000s\000c\000o\000v\000e\000r\000y\000\040\000P\000e\000r\000f\000o\000r\000m\000a\000n\000c\000e}{subsection.7.2}% 67
\BOOKMARK [3][-]{subsubsection.7.2.2}{\376\377\000L\000a\000t\000e\000n\000c\000y\000\040\000A\000n\000a\000l\000y\000s\000i\000s}{subsection.7.2}% 68
\BOOKMARK [3][-]{subsubsection.7.2.3}{\376\377\000T\000h\000r\000o\000u\000g\000h\000p\000u\000t\000\040\000M\000e\000a\000s\000u\000r\000e\000m\000e\000n\000t\000s}{subsection.7.2}% 69
\BOOKMARK [3][-]{subsubsection.7.2.4}{\376\377\000R\000e\000s\000i\000l\000i\000e\000n\000c\000e\000\040\000U\000n\000d\000e\000r\000\040\000A\000t\000t\000a\000c\000k}{subsection.7.2}% 70
\BOOKMARK [1][-]{section.8}{\376\377\000I\000m\000p\000l\000e\000m\000e\000n\000t\000a\000t\000i\000o\000n\000\040\000D\000e\000t\000a\000i\000l\000s}{}% 71
\BOOKMARK [2][-]{subsection.8.1}{\376\377\000S\000y\000s\000t\000e\000m\000\040\000A\000r\000c\000h\000i\000t\000e\000c\000t\000u\000r\000e}{section.8}% 72
\BOOKMARK [3][-]{subsubsection.8.1.1}{\376\377\000M\000o\000d\000u\000l\000e\000\040\000O\000r\000g\000a\000n\000i\000z\000a\000t\000i\000o\000n}{subsection.8.1}% 73
\BOOKMARK [3][-]{subsubsection.8.1.2}{\376\377\000C\000o\000n\000f\000i\000g\000u\000r\000a\000t\000i\000o\000n\000\040\000M\000a\000n\000a\000g\000e\000m\000e\000n\000t}{subsection.8.1}% 74
\BOOKMARK [2][-]{subsection.8.2}{\376\377\000I\000n\000t\000e\000g\000r\000a\000t\000i\000o\000n\000\040\000P\000a\000t\000t\000e\000r\000n\000s}{section.8}% 75
\BOOKMARK [3][-]{subsubsection.8.2.1}{\376\377\000E\000v\000e\000n\000t\000-\000D\000r\000i\000v\000e\000n\000\040\000A\000r\000c\000h\000i\000t\000e\000c\000t\000u\000r\000e}{subsection.8.2}% 76
\BOOKMARK [3][-]{subsubsection.8.2.2}{\376\377\000F\000a\000l\000l\000b\000a\000c\000k\000\040\000a\000n\000d\000\040\000R\000e\000c\000o\000v\000e\000r\000y}{subsection.8.2}% 77
\BOOKMARK [2][-]{subsection.8.3}{\376\377\000T\000e\000s\000t\000i\000n\000g\000\040\000a\000n\000d\000\040\000V\000a\000l\000i\000d\000a\000t\000i\000o\000n}{section.8}% 78
\BOOKMARK [3][-]{subsubsection.8.3.1}{\376\377\000A\000u\000t\000o\000m\000a\000t\000e\000d\000\040\000T\000e\000s\000t\000i\000n\000g\000\040\000S\000u\000i\000t\000e}{subsection.8.3}% 79
\BOOKMARK [3][-]{subsubsection.8.3.2}{\376\377\000C\000o\000n\000t\000i\000n\000u\000o\000u\000s\000\040\000I\000n\000t\000e\000g\000r\000a\000t\000i\000o\000n}{subsection.8.3}% 80
\BOOKMARK [1][-]{section.9}{\376\377\000F\000u\000t\000u\000r\000e\000\040\000W\000o\000r\000k\000\040\000a\000n\000d\000\040\000E\000x\000t\000e\000n\000s\000i\000o\000n\000s}{}% 81
\BOOKMARK [2][-]{subsection.9.1}{\376\377\000P\000l\000a\000n\000n\000e\000d\000\040\000E\000n\000h\000a\000n\000c\000e\000m\000e\000n\000t\000s}{section.9}% 82
\BOOKMARK [3][-]{subsubsection.9.1.1}{\376\377\000A\000d\000v\000a\000n\000c\000e\000d\000\040\000Q\000u\000a\000n\000t\000u\000m\000\040\000F\000e\000a\000t\000u\000r\000e\000s}{subsection.9.1}% 83
\BOOKMARK [3][-]{subsubsection.9.1.2}{\376\377\000E\000n\000h\000a\000n\000c\000e\000d\000\040\000P\000r\000i\000v\000a\000c\000y\000\040\000T\000e\000c\000h\000n\000o\000l\000o\000g\000i\000e\000s}{subsection.9.1}% 84
\BOOKMARK [3][-]{subsubsection.9.1.3}{\376\377\000S\000c\000a\000l\000a\000b\000i\000l\000i\000t\000y\000\040\000I\000m\000p\000r\000o\000v\000e\000m\000e\000n\000t\000s}{subsection.9.1}% 85
\BOOKMARK [2][-]{subsection.9.2}{\376\377\000R\000e\000s\000e\000a\000r\000c\000h\000\040\000D\000i\000r\000e\000c\000t\000i\000o\000n\000s}{section.9}% 86
\BOOKMARK [3][-]{subsubsection.9.2.1}{\376\377\000T\000h\000e\000o\000r\000e\000t\000i\000c\000a\000l\000\040\000A\000n\000a\000l\000y\000s\000i\000s}{subsection.9.2}% 87
\BOOKMARK [3][-]{subsubsection.9.2.2}{\376\377\000E\000m\000p\000i\000r\000i\000c\000a\000l\000\040\000S\000t\000u\000d\000i\000e\000s}{subsection.9.2}% 88
\BOOKMARK [1][-]{section.10}{\376\377\000C\000o\000n\000c\000l\000u\000s\000i\000o\000n}{}% 89
