\BOOKMARK [1][-]{section.1}{Introduction}{}% 1
\BOOKMARK [1][-]{section.2}{Background and Related Work}{}% 2
\BOOKMARK [2][-]{subsection.2.1}{Classical Virtual Machines}{section.2}% 3
\BOOKMARK [2][-]{subsection.2.2}{Post-Quantum Cryptography}{section.2}% 4
\BOOKMARK [2][-]{subsection.2.3}{Quantum Consensus Mechanisms}{section.2}% 5
\BOOKMARK [2][-]{subsection.2.4}{DAG-Knight and Narwhal}{section.2}% 6
\BOOKMARK [1][-]{section.3}{System Architecture}{}% 7
\BOOKMARK [2][-]{subsection.3.1}{Overview}{section.3}% 8
\BOOKMARK [2][-]{subsection.3.2}{Execution Engine}{section.3}% 9
\BOOKMARK [2][-]{subsection.3.3}{Consensus Integration}{section.3}% 10
\BOOKMARK [2][-]{subsection.3.4}{Quantum VDF Module}{section.3}% 11
\BOOKMARK [1][-]{section.4}{Cryptographic Framework}{}% 12
\BOOKMARK [2][-]{subsection.4.1}{Multi-Phase Security Model}{section.4}% 13
\BOOKMARK [2][-]{subsection.4.2}{Phase Transition Protocol}{section.4}% 14
\BOOKMARK [2][-]{subsection.4.3}{Security Analysis}{section.4}% 15
\BOOKMARK [1][-]{section.5}{Performance Analysis}{}% 16
\BOOKMARK [2][-]{subsection.5.1}{Throughput Benchmarks}{section.5}% 17
\BOOKMARK [2][-]{subsection.5.2}{Scalability Analysis}{section.5}% 18
\BOOKMARK [2][-]{subsection.5.3}{Gas Cost Analysis}{section.5}% 19
\BOOKMARK [1][-]{section.6}{Integration Architecture}{}% 20
\BOOKMARK [2][-]{subsection.6.1}{Transaction Processing Pipeline}{section.6}% 21
\BOOKMARK [2][-]{subsection.6.2}{State Management}{section.6}% 22
\BOOKMARK [2][-]{subsection.6.3}{Coordinator Implementation}{section.6}% 23
\BOOKMARK [1][-]{section.7}{Security Properties}{}% 24
\BOOKMARK [2][-]{subsection.7.1}{Byzantine Fault Tolerance}{section.7}% 25
\BOOKMARK [2][-]{subsection.7.2}{Quantum Resistance}{section.7}% 26
\BOOKMARK [2][-]{subsection.7.3}{Forward Security}{section.7}% 27
\BOOKMARK [1][-]{section.8}{Evaluation}{}% 28
\BOOKMARK [2][-]{subsection.8.1}{Experimental Setup}{section.8}% 29
\BOOKMARK [2][-]{subsection.8.2}{Throughput Results}{section.8}% 30
\BOOKMARK [2][-]{subsection.8.3}{Latency Analysis}{section.8}% 31
\BOOKMARK [2][-]{subsection.8.4}{Scalability Projections}{section.8}% 32
\BOOKMARK [1][-]{section.9}{Future Work}{}% 33
\BOOKMARK [2][-]{subsection.9.1}{Quantum Advantage}{section.9}% 34
\BOOKMARK [2][-]{subsection.9.2}{Hardware Acceleration}{section.9}% 35
\BOOKMARK [2][-]{subsection.9.3}{Privacy Enhancements}{section.9}% 36
\BOOKMARK [1][-]{section.10}{Conclusion}{}% 37
