\BOOKMARK [1][-]{section.1}{Introduction and Motivation}{}% 1
\BOOKMARK [2][-]{subsection.1.1}{The Quantum Revolution in Distributed Systems}{section.1}% 2
\BOOKMARK [2][-]{subsection.1.2}{Current Quantum Computing Landscape}{section.1}% 3
\BOOKMARK [2][-]{subsection.1.3}{Q-NarwhalKnight's Quantum Strategy}{section.1}% 4
\BOOKMARK [1][-]{section.2}{Quantum Mechanics Theoretical Foundations}{}% 5
\BOOKMARK [2][-]{subsection.2.1}{Quantum Superposition in Consensus Systems}{section.2}% 6
\BOOKMARK [3][-]{subsubsection.2.1.1}{Multi-State Consensus Modeling}{subsection.2.1}% 7
\BOOKMARK [2][-]{subsection.2.2}{Quantum Entanglement for Distributed Synchronization}{section.2}% 8
\BOOKMARK [3][-]{subsubsection.2.2.1}{Distributed State Correlation}{subsection.2.2}% 9
\BOOKMARK [2][-]{subsection.2.3}{Heisenberg Uncertainty and Consensus Timing}{section.2}% 10
\BOOKMARK [3][-]{subsubsection.2.3.1}{Application to Transaction Ordering}{subsection.2.3}% 11
\BOOKMARK [1][-]{section.3}{Post-Quantum Cryptographic Implementation}{}% 12
\BOOKMARK [2][-]{subsection.3.1}{Lattice-Based Cryptography Foundations}{section.3}% 13
\BOOKMARK [3][-]{subsubsection.3.1.1}{The Module Learning With Errors Problem}{subsection.3.1}% 14
\BOOKMARK [3][-]{subsubsection.3.1.2}{Quantum Hardness Analysis}{subsection.3.1}% 15
\BOOKMARK [2][-]{subsection.3.2}{Dilithium5 Digital Signatures}{section.3}% 16
\BOOKMARK [3][-]{subsubsection.3.2.1}{Algorithm Description}{subsection.3.2}% 17
\BOOKMARK [3][-]{subsubsection.3.2.2}{Security Parameters and Performance}{subsection.3.2}% 18
\BOOKMARK [3][-]{subsubsection.3.2.3}{Implementation in Q-NarwhalKnight}{subsection.3.2}% 19
\BOOKMARK [2][-]{subsection.3.3}{Kyber1024 Key Encapsulation Mechanism}{section.3}% 20
\BOOKMARK [3][-]{subsubsection.3.3.1}{Key Exchange Protocol}{subsection.3.3}% 21
\BOOKMARK [3][-]{subsubsection.3.3.2}{Performance Characteristics}{subsection.3.3}% 22
\BOOKMARK [1][-]{section.4}{Quantum Random Number Generation}{}% 23
\BOOKMARK [2][-]{subsection.4.1}{Theoretical Foundation of Quantum Randomness}{section.4}% 24
\BOOKMARK [2][-]{subsection.4.2}{QRNG Hardware Integration}{section.4}% 25
\BOOKMARK [3][-]{subsubsection.4.2.1}{Quantum Entropy Sources}{subsection.4.2}% 26
\BOOKMARK [3][-]{subsubsection.4.2.2}{QRNG Architecture}{subsection.4.2}% 27
\BOOKMARK [2][-]{subsection.4.3}{Entropy Extraction and Processing}{section.4}% 28
\BOOKMARK [3][-]{subsubsection.4.3.1}{Von Neumann Extractor}{subsection.4.3}% 29
\BOOKMARK [3][-]{subsubsection.4.3.2}{Advanced Randomness Extraction}{subsection.4.3}% 30
\BOOKMARK [2][-]{subsection.4.4}{Implementation Details}{section.4}% 31
\BOOKMARK [1][-]{section.5}{Quantum-Enhanced Consensus Mechanism}{}% 32
\BOOKMARK [2][-]{subsection.5.1}{DAG-Knight with Quantum Anchors}{section.5}% 33
\BOOKMARK [3][-]{subsubsection.5.1.1}{Quantum Anchor Election Algorithm}{subsection.5.1}% 34
\BOOKMARK [2][-]{subsection.5.2}{Quantum State Evolution in Consensus}{section.5}% 35
\BOOKMARK [3][-]{subsubsection.5.2.1}{Consensus State Visualization}{subsection.5.2}% 36
\BOOKMARK [2][-]{subsection.5.3}{Decoherence and Consensus Timing}{section.5}% 37
\BOOKMARK [1][-]{section.6}{Quantum Aesthetics and Visualization}{}% 38
\BOOKMARK [2][-]{subsection.6.1}{The Rainbow Box Technique}{section.6}% 39
\BOOKMARK [3][-]{subsubsection.6.1.1}{Mathematical Foundation}{subsection.6.1}% 40
\BOOKMARK [3][-]{subsubsection.6.1.2}{Implementation}{subsection.6.1}% 41
\BOOKMARK [2][-]{subsection.6.2}{Information-Theoretic Beauty}{section.6}% 42
\BOOKMARK [1][-]{section.7}{Quantum Key Distribution Integration \(Phase 4\)}{}% 43
\BOOKMARK [2][-]{subsection.7.1}{BB84 Protocol Implementation}{section.7}% 44
\BOOKMARK [3][-]{subsubsection.7.1.1}{Protocol Description}{subsection.7.1}% 45
\BOOKMARK [3][-]{subsubsection.7.1.2}{Security Analysis}{subsection.7.1}% 46
\BOOKMARK [2][-]{subsection.7.2}{Integration with Consensus}{section.7}% 47
\BOOKMARK [1][-]{section.8}{Performance Analysis and Experimental Results}{}% 48
\BOOKMARK [2][-]{subsection.8.1}{Comprehensive Performance Metrics}{section.8}% 49
\BOOKMARK [2][-]{subsection.8.2}{Experimental Validation}{section.8}% 50
\BOOKMARK [3][-]{subsubsection.8.2.1}{NIST Randomness Test Suite Results}{subsection.8.2}% 51
\BOOKMARK [3][-]{subsubsection.8.2.2}{Post-Quantum Cryptography Benchmarks}{subsection.8.2}% 52
\BOOKMARK [2][-]{subsection.8.3}{Scalability Analysis}{section.8}% 53
\BOOKMARK [3][-]{subsubsection.8.3.1}{Transaction Throughput vs Network Size}{subsection.8.3}% 54
\BOOKMARK [1][-]{section.9}{Security Analysis and Threat Mitigation}{}% 55
\BOOKMARK [2][-]{subsection.9.1}{Quantum Threat Model}{section.9}% 56
\BOOKMARK [2][-]{subsection.9.2}{Attack Scenario Analysis}{section.9}% 57
\BOOKMARK [3][-]{subsubsection.9.2.1}{Shor's Algorithm Attack}{subsection.9.2}% 58
\BOOKMARK [3][-]{subsubsection.9.2.2}{Grover's Algorithm Attack}{subsection.9.2}% 59
\BOOKMARK [3][-]{subsubsection.9.2.3}{Quantum Side-Channel Attacks}{subsection.9.2}% 60
\BOOKMARK [2][-]{subsection.9.3}{Formal Security Proofs}{section.9}% 61
\BOOKMARK [3][-]{subsubsection.9.3.1}{Theorem 1: Post-Quantum Security of Dilithium5}{subsection.9.3}% 62
\BOOKMARK [3][-]{subsubsection.9.3.2}{Theorem 2: QRNG Entropy Lower Bound}{subsection.9.3}% 63
\BOOKMARK [1][-]{section.10}{Future Research Directions}{}% 64
\BOOKMARK [2][-]{subsection.10.1}{Advanced Quantum Algorithms Integration}{section.10}% 65
\BOOKMARK [3][-]{subsubsection.10.1.1}{Variational Quantum Eigensolvers \(VQE\)}{subsection.10.1}% 66
\BOOKMARK [3][-]{subsubsection.10.1.2}{Quantum Approximate Optimization Algorithm \(QAOA\)}{subsection.10.1}% 67
\BOOKMARK [2][-]{subsection.10.2}{Quantum Machine Learning for Consensus}{section.10}% 68
\BOOKMARK [3][-]{subsubsection.10.2.1}{Quantum Neural Networks}{subsection.10.2}% 69
\BOOKMARK [3][-]{subsubsection.10.2.2}{Quantum Reinforcement Learning}{subsection.10.2}% 70
\BOOKMARK [2][-]{subsection.10.3}{Quantum Internet Integration}{section.10}% 71
\BOOKMARK [3][-]{subsubsection.10.3.1}{Distributed Quantum Computing}{subsection.10.3}% 72
\BOOKMARK [3][-]{subsubsection.10.3.2}{Quantum-Classical Hybrid Consensus}{subsection.10.3}% 73
\BOOKMARK [1][-]{section.11}{Implementation Roadmap and Deployment Strategy}{}% 74
\BOOKMARK [2][-]{subsection.11.1}{Development Timeline}{section.11}% 75
\BOOKMARK [2][-]{subsection.11.2}{Current Status: Phase 1 Deployment}{section.11}% 76
\BOOKMARK [2][-]{subsection.11.3}{Migration Strategy}{section.11}% 77
\BOOKMARK [3][-]{subsubsection.11.3.1}{Gradual Phase Transition}{subsection.11.3}% 78
\BOOKMARK [3][-]{subsubsection.11.3.2}{Network Effects}{subsection.11.3}% 79
\BOOKMARK [1][-]{section.12}{Conclusion and Future Outlook}{}% 80
\BOOKMARK [2][-]{subsection.12.1}{Achievements and Impact}{section.12}% 81
\BOOKMARK [2][-]{subsection.12.2}{Scientific Contributions}{section.12}% 82
\BOOKMARK [3][-]{subsubsection.12.2.1}{Theoretical Contributions}{subsection.12.2}% 83
\BOOKMARK [3][-]{subsubsection.12.2.2}{Practical Contributions}{subsection.12.2}% 84
\BOOKMARK [2][-]{subsection.12.3}{Industry Impact}{section.12}% 85
\BOOKMARK [2][-]{subsection.12.4}{Future Quantum Computing Integration}{section.12}% 86
\BOOKMARK [3][-]{subsubsection.12.4.1}{Near-term \(2025-2030\)}{subsection.12.4}% 87
\BOOKMARK [3][-]{subsubsection.12.4.2}{Medium-term \(2030-2040\)}{subsection.12.4}% 88
\BOOKMARK [3][-]{subsubsection.12.4.3}{Long-term \(2040+\)}{subsection.12.4}% 89
\BOOKMARK [2][-]{subsection.12.5}{Broader Implications}{section.12}% 90
\BOOKMARK [2][-]{subsection.12.6}{Call to Action}{section.12}% 91
