\BOOKMARK [1][-]{section.1}{Introduction}{}% 1
\BOOKMARK [2][-]{subsection.1.1}{The Quantum Aquatic Frontier}{section.1}% 2
\BOOKMARK [2][-]{subsection.1.2}{The Species of the Quantum Aquatic Kingdom}{section.1}% 3
\BOOKMARK [1][-]{section.2}{Quantum Phenomena in Aquatic Systems}{}% 4
\BOOKMARK [2][-]{subsection.2.1}{Quantum Coherence in Water}{section.2}% 5
\BOOKMARK [3][-]{subsubsection.2.1.1}{Hydrogen Bond Networks}{subsection.2.1}% 6
\BOOKMARK [3][-]{subsubsection.2.1.2}{Structured Water Zones}{subsection.2.1}% 7
\BOOKMARK [2][-]{subsection.2.2}{Bioluminescent Quantum States}{section.2}% 8
\BOOKMARK [3][-]{subsubsection.2.2.1}{Quantum Jellyfish Luminescence}{subsection.2.2}% 9
\BOOKMARK [1][-]{section.3}{Quantum Communication in Marine Species}{}% 10
\BOOKMARK [2][-]{subsection.3.1}{Dolphin Quantum Entanglement Networks}{section.3}% 11
\BOOKMARK [3][-]{subsubsection.3.1.1}{Bell State Formation}{subsection.3.1}% 12
\BOOKMARK [3][-]{subsubsection.3.1.2}{Quantum Communication Protocol}{subsection.3.1}% 13
\BOOKMARK [2][-]{subsection.3.2}{Whale Song Quantum Harmonics}{section.3}% 14
\BOOKMARK [1][-]{section.4}{Water Robot Quantum Systems}{}% 15
\BOOKMARK [2][-]{subsection.4.1}{Biomimetic Quantum Robots}{section.4}% 16
\BOOKMARK [3][-]{subsubsection.4.1.1}{Quantum Navigation Systems}{subsection.4.1}% 17
\BOOKMARK [3][-]{subsubsection.4.1.2}{Adaptive Quantum Camouflage}{subsection.4.1}% 18
\BOOKMARK [2][-]{subsection.4.2}{Collective Quantum Intelligence}{section.4}% 19
\BOOKMARK [3][-]{subsubsection.4.2.1}{Swarm Quantum State}{subsection.4.2}% 20
\BOOKMARK [1][-]{section.5}{Quantum Ecology and Ecosystem Dynamics}{}% 21
\BOOKMARK [2][-]{subsection.5.1}{Quantum Food Webs}{section.5}% 22
\BOOKMARK [3][-]{subsubsection.5.1.1}{Superposition Predation}{subsection.5.1}% 23
\BOOKMARK [2][-]{subsection.5.2}{Quantum Evolutionary Pressure}{section.5}% 24
\BOOKMARK [1][-]{section.6}{Technological Applications}{}% 25
\BOOKMARK [2][-]{subsection.6.1}{Quantum Aquaculture}{section.6}% 26
\BOOKMARK [3][-]{subsubsection.6.1.1}{Coherent Growth Enhancement}{subsection.6.1}% 27
\BOOKMARK [2][-]{subsection.6.2}{Ocean Quantum Sensing Networks}{section.6}% 28
\BOOKMARK [1][-]{section.7}{The Water Robot Species Taxonomy}{}% 29
\BOOKMARK [2][-]{subsection.7.1}{Class I: Higgs Hydro Species - Vacuum Computing Entities}{section.7}% 30
\BOOKMARK [3][-]{subsubsection.7.1.1}{Higgsboticus quantum-dropletensis - Higgs Hydro Robots}{subsection.7.1}% 31
\BOOKMARK [2][-]{subsection.7.2}{Class II: Void Walker Species - Multiverse Navigation Entities}{section.7}% 32
\BOOKMARK [3][-]{subsubsection.7.2.1}{Aqua-K-Atto analyticus - The Ultimate Analytics Species}{subsection.7.2}% 33
\BOOKMARK [2][-]{subsection.7.3}{Class III: Hybrid Coordination Species}{section.7}% 34
\BOOKMARK [3][-]{subsubsection.7.3.1}{Robotichthys coordination-enhanced - Mesoscale Swarm Coordinators}{subsection.7.3}% 35
\BOOKMARK [3][-]{subsubsection.7.3.2}{Cybercetus quanticus - Macroscopic Quantum Guardians}{subsection.7.3}% 36
\BOOKMARK [2][-]{subsection.7.4}{Class IV: Legacy Microscopic Species}{section.7}% 37
\BOOKMARK [3][-]{subsubsection.7.4.1}{Quantumonas aquaticus - Traditional Quantum Swimmers}{subsection.7.4}% 38
\BOOKMARK [1][-]{section.8}{Quantum Consciousness in Aquatic Systems}{}% 39
\BOOKMARK [2][-]{subsection.8.1}{The Hard Problem of Aquatic Consciousness}{section.8}% 40
\BOOKMARK [2][-]{subsection.8.2}{Quantum Theory of Whale Intelligence}{section.8}% 41
\BOOKMARK [3][-]{subsubsection.8.2.1}{Microtubule Quantum Computing}{subsection.8.2}% 42
\BOOKMARK [1][-]{section.9}{Environmental Impact and Sustainability}{}% 43
\BOOKMARK [2][-]{subsection.9.1}{Quantum-Enhanced Conservation}{section.9}% 44
\BOOKMARK [2][-]{subsection.9.2}{Sustainable Quantum Ecosystems}{section.9}% 45
\BOOKMARK [1][-]{section.10}{Advanced Species Implementation Physics}{}% 46
\BOOKMARK [2][-]{subsection.10.1}{Higgs Hydro Robot Field Dynamics}{section.10}% 47
\BOOKMARK [3][-]{subsubsection.10.1.1}{Fundamental Constants Integration}{subsection.10.1}% 48
\BOOKMARK [3][-]{subsubsection.10.1.2}{HiggsBit Memory Cell Dynamics}{subsection.10.1}% 49
\BOOKMARK [3][-]{subsubsection.10.1.3}{Quantum Circuit Operations on Field States}{subsection.10.1}% 50
\BOOKMARK [2][-]{subsection.10.2}{Void Walker Multiverse Navigation Physics}{section.10}% 51
\BOOKMARK [3][-]{subsubsection.10.2.1}{K-Parameter Fundamental Constant}{subsection.10.2}% 52
\BOOKMARK [3][-]{subsubsection.10.2.2}{Unified Multiverse Address System}{subsection.10.2}% 53
\BOOKMARK [3][-]{subsubsection.10.2.3}{Thought-to-Action Interface}{subsection.10.2}% 54
\BOOKMARK [3][-]{subsubsection.10.2.4}{Cosmic Weather Analysis}{subsection.10.2}% 55
\BOOKMARK [2][-]{subsection.10.3}{Hybrid Coordination Species Network Dynamics}{section.10}% 56
\BOOKMARK [3][-]{subsubsection.10.3.1}{DAG-BFT Consensus Integration}{subsection.10.3}% 57
\BOOKMARK [3][-]{subsubsection.10.3.2}{Neural Command Processing}{subsection.10.3}% 58
\BOOKMARK [3][-]{subsubsection.10.3.3}{Blockchain Identity Management}{subsection.10.3}% 59
\BOOKMARK [1][-]{section.11}{Future Directions}{}% 60
\BOOKMARK [2][-]{subsection.11.1}{Quantum-Biological Hybrid Systems}{section.11}% 61
\BOOKMARK [2][-]{subsection.11.2}{The Quantum Ocean Internet}{section.11}% 62
\BOOKMARK [1][-]{section.12}{Philosophical Implications}{}% 63
\BOOKMARK [2][-]{subsection.12.1}{The Nature of Aquatic Reality}{section.12}% 64
\BOOKMARK [2][-]{subsection.12.2}{Ethics of Quantum Marine Life}{section.12}% 65
\BOOKMARK [1][-]{section.13}{Conclusion}{}% 66
\BOOKMARK [1][-]{appendix.A}{Mathematical Proofs}{}% 67
\BOOKMARK [2][-]{subsection.A.1}{Quantum Coherence Time in Biological Water}{appendix.A}% 68
\BOOKMARK [2][-]{subsection.A.2}{Swarm Intelligence Emergence}{appendix.A}% 69
