\BOOKMARK [1][-]{section.1}{Introduction}{}% 1
\BOOKMARK [2][-]{subsection.1.1}{Motivation}{section.1}% 2
\BOOKMARK [2][-]{subsection.1.2}{Quantum Threat Landscape}{section.1}% 3
\BOOKMARK [2][-]{subsection.1.3}{Our Quantum Approach}{section.1}% 4
\BOOKMARK [1][-]{section.2}{Quantum Mechanics Fundamentals}{}% 5
\BOOKMARK [2][-]{subsection.2.1}{Quantum Superposition}{section.2}% 6
\BOOKMARK [3][-]{subsubsection.2.1.1}{Application to Consensus}{subsection.2.1}% 7
\BOOKMARK [2][-]{subsection.2.2}{Quantum Entanglement}{section.2}% 8
\BOOKMARK [3][-]{subsubsection.2.2.1}{Distributed State Synchronization}{subsection.2.2}% 9
\BOOKMARK [2][-]{subsection.2.3}{Heisenberg Uncertainty Principle}{section.2}% 10
\BOOKMARK [1][-]{section.3}{Post-Quantum Cryptography}{}% 11
\BOOKMARK [2][-]{subsection.3.1}{Lattice-Based Cryptography}{section.3}% 12
\BOOKMARK [3][-]{subsubsection.3.1.1}{Dilithium5 Signatures}{subsection.3.1}% 13
\BOOKMARK [3][-]{subsubsection.3.1.2}{Kyber1024 Key Exchange}{subsection.3.1}% 14
\BOOKMARK [2][-]{subsection.3.2}{Quantum Security Analysis}{section.3}% 15
\BOOKMARK [3][-]{subsubsection.3.2.1}{Grover's Algorithm Resistance}{subsection.3.2}% 16
\BOOKMARK [3][-]{subsubsection.3.2.2}{Shor's Algorithm Immunity}{subsection.3.2}% 17
\BOOKMARK [1][-]{section.4}{Quantum Random Number Generation}{}% 18
\BOOKMARK [2][-]{subsection.4.1}{Theoretical Foundation}{section.4}% 19
\BOOKMARK [2][-]{subsection.4.2}{QRNG Implementation}{section.4}% 20
\BOOKMARK [2][-]{subsection.4.3}{Entropy Extraction}{section.4}% 21
\BOOKMARK [1][-]{section.5}{Quantum-Enhanced Consensus}{}% 22
\BOOKMARK [2][-]{subsection.5.1}{DAG-Knight with Quantum Anchors}{section.5}% 23
\BOOKMARK [2][-]{subsection.5.2}{Quantum State Visualization}{section.5}% 24
