\BOOKMARK [1][-]{section.1}{Introduction}{}% 1
\BOOKMARK [2][-]{subsection.1.1}{Motivation}{section.1}% 2
\BOOKMARK [2][-]{subsection.1.2}{Contributions}{section.1}% 3
\BOOKMARK [1][-]{section.2}{Background and Related Work}{}% 4
\BOOKMARK [2][-]{subsection.2.1}{Privacy in Cryptocurrencies}{section.2}% 5
\BOOKMARK [2][-]{subsection.2.2}{Post-Quantum Cryptography}{section.2}% 6
\BOOKMARK [2][-]{subsection.2.3}{DAG-Based Consensus}{section.2}% 7
\BOOKMARK [1][-]{section.3}{The Ontology of Quillion Graph: A Philosophy of Quantum Privacy}{}% 8
\BOOKMARK [2][-]{subsection.3.1}{The Primacy of Entropy: The First Cause}{section.3}% 9
\BOOKMARK [3][-]{subsubsection.3.1.1}{Technical Implementation: Quantum Entropy Conservation}{subsection.3.1}% 10
\BOOKMARK [2][-]{subsection.3.2}{The Superposition of Identity: A Quantum Model of Self}{section.3}% 11
\BOOKMARK [3][-]{subsubsection.3.2.1}{Formal Privacy Analysis: Information-Theoretic Anonymity}{subsection.3.2}% 12
\BOOKMARK [2][-]{subsection.3.3}{The Unlinkability of Events: Breaking Causal Chains}{section.3}% 13
\BOOKMARK [3][-]{subsubsection.3.3.1}{Mathematical Foundation: Computational Indistinguishability}{subsection.3.3}% 14
\BOOKMARK [2][-]{subsection.3.4}{The Conservation of Privacy: A Cybernetic Law}{section.3}% 15
\BOOKMARK [3][-]{subsubsection.3.4.1}{Formal Privacy Conservation}{subsection.3.4}% 16
\BOOKMARK [2][-]{subsection.3.5}{The Ethical Imperative: A Right to Thermodynamic Liberty}{section.3}% 17
\BOOKMARK [3][-]{subsubsection.3.5.1}{Resistance Against Adversarial Analysis}{subsection.3.5}% 18
\BOOKMARK [1][-]{section.4}{System Architecture}{}% 19
\BOOKMARK [2][-]{subsection.4.1}{High-Level Overview}{section.4}% 20
\BOOKMARK [2][-]{subsection.4.2}{Crypto-Agile Framework}{section.4}% 21
\BOOKMARK [1][-]{section.5}{Quantum-Enhanced Cryptographic Primitives}{}% 22
\BOOKMARK [2][-]{subsection.5.1}{Hardware Quantum Random Number Generation}{section.5}% 23
\BOOKMARK [2][-]{subsection.5.2}{Lattice-Based Verifiable Random Functions}{section.5}% 24
\BOOKMARK [1][-]{section.6}{Privacy Mixing Protocol}{}% 25
\BOOKMARK [2][-]{subsection.6.1}{Ring Signature Enhancement}{section.6}% 26
\BOOKMARK [2][-]{subsection.6.2}{Stealth Address Protocol}{section.6}% 27
\BOOKMARK [2][-]{subsection.6.3}{Zero-Knowledge Proof System}{section.6}% 28
\BOOKMARK [1][-]{section.7}{Decoy Transaction System}{}% 29
\BOOKMARK [2][-]{subsection.7.1}{Traffic Analysis Resistance}{section.7}% 30
\BOOKMARK [2][-]{subsection.7.2}{Statistical Indistinguishability}{section.7}% 31
\BOOKMARK [2][-]{subsection.7.3}{Campaign Management}{section.7}% 32
\BOOKMARK [1][-]{section.8}{Integration with DAG-Knight Consensus}{}% 33
\BOOKMARK [2][-]{subsection.8.1}{Consensus Architecture}{section.8}% 34
\BOOKMARK [2][-]{subsection.8.2}{Network-Level Privacy}{section.8}% 35
\BOOKMARK [1][-]{section.9}{Performance Analysis}{}% 36
\BOOKMARK [2][-]{subsection.9.1}{Cryptographic Operation Benchmarks}{section.9}% 37
\BOOKMARK [2][-]{subsection.9.2}{System Throughput Analysis}{section.9}% 38
\BOOKMARK [2][-]{subsection.9.3}{Scalability Considerations}{section.9}% 39
\BOOKMARK [1][-]{section.10}{Security Analysis}{}% 40
\BOOKMARK [2][-]{subsection.10.1}{Threat Model}{section.10}% 41
\BOOKMARK [2][-]{subsection.10.2}{Privacy Guarantees}{section.10}% 42
\BOOKMARK [2][-]{subsection.10.3}{Post-Quantum Security}{section.10}% 43
\BOOKMARK [1][-]{section.11}{Implementation Details}{}% 44
\BOOKMARK [2][-]{subsection.11.1}{Codebase Architecture}{section.11}% 45
\BOOKMARK [2][-]{subsection.11.2}{Phase Implementation Results}{section.11}% 46
\BOOKMARK [2][-]{subsection.11.3}{Deployment Configuration}{section.11}% 47
\BOOKMARK [1][-]{section.12}{Experimental Evaluation}{}% 48
\BOOKMARK [2][-]{subsection.12.1}{Privacy Analysis}{section.12}% 49
\BOOKMARK [2][-]{subsection.12.2}{Comparison with Existing Systems}{section.12}% 50
\BOOKMARK [1][-]{section.13}{Advanced Zero-Knowledge Systems}{}% 51
\BOOKMARK [2][-]{subsection.13.1}{Recursive SNARKs Implementation}{section.13}% 52
\BOOKMARK [2][-]{subsection.13.2}{Universal Composability Framework}{section.13}% 53
\BOOKMARK [2][-]{subsection.13.3}{Integration with DAG-Knight Native Privacy}{section.13}% 54
\BOOKMARK [2][-]{subsection.13.4}{Enhanced Privacy Through Mixing Integration}{section.13}% 55
\BOOKMARK [2][-]{subsection.13.5}{Performance Analysis}{section.13}% 56
\BOOKMARK [1][-]{section.14}{Future Work}{}% 57
\BOOKMARK [1][-]{section.15}{Conclusion}{}% 58
