\BOOKMARK [1][-]{section.1}{Introduction}{}% 1
\BOOKMARK [2][-]{subsection.1.1}{Motivation}{section.1}% 2
\BOOKMARK [2][-]{subsection.1.2}{Quantum Threat Landscape}{section.1}% 3
\BOOKMARK [2][-]{subsection.1.3}{Our Quantum Approach}{section.1}% 4
\BOOKMARK [1][-]{section.2}{Quantum Mechanics Fundamentals}{}% 5
\BOOKMARK [2][-]{subsection.2.1}{Quantum Superposition}{section.2}% 6
\BOOKMARK [3][-]{subsubsection.2.1.1}{Application to Consensus}{subsection.2.1}% 7
\BOOKMARK [2][-]{subsection.2.2}{Quantum Entanglement}{section.2}% 8
\BOOKMARK [3][-]{subsubsection.2.2.1}{Distributed State Synchronization}{subsection.2.2}% 9
\BOOKMARK [2][-]{subsection.2.3}{Heisenberg Uncertainty Principle}{section.2}% 10
\BOOKMARK [1][-]{section.3}{Post-Quantum Cryptography}{}% 11
\BOOKMARK [2][-]{subsection.3.1}{Lattice-Based Cryptography}{section.3}% 12
\BOOKMARK [3][-]{subsubsection.3.1.1}{Dilithium5 Signatures}{subsection.3.1}% 13
\BOOKMARK [3][-]{subsubsection.3.1.2}{Kyber1024 Key Exchange}{subsection.3.1}% 14
\BOOKMARK [2][-]{subsection.3.2}{Quantum Security Analysis}{section.3}% 15
\BOOKMARK [3][-]{subsubsection.3.2.1}{Grover's Algorithm Resistance}{subsection.3.2}% 16
\BOOKMARK [3][-]{subsubsection.3.2.2}{Shor's Algorithm Immunity}{subsection.3.2}% 17
\BOOKMARK [1][-]{section.4}{Quantum Random Number Generation}{}% 18
\BOOKMARK [2][-]{subsection.4.1}{Theoretical Foundation}{section.4}% 19
\BOOKMARK [2][-]{subsection.4.2}{QRNG Implementation}{section.4}% 20
\BOOKMARK [2][-]{subsection.4.3}{Entropy Extraction}{section.4}% 21
\BOOKMARK [1][-]{section.5}{Quantum-Enhanced Consensus}{}% 22
\BOOKMARK [2][-]{subsection.5.1}{DAG-Knight with Quantum Anchors}{section.5}% 23
\BOOKMARK [2][-]{subsection.5.2}{Quantum State Visualization}{section.5}% 24
\BOOKMARK [2][-]{subsection.5.3}{Quantum Coherence Time}{section.5}% 25
\BOOKMARK [1][-]{section.6}{Quantum Aesthetics: The Rainbow Box}{}% 26
\BOOKMARK [2][-]{subsection.6.1}{Mathematical Beauty}{section.6}% 27
\BOOKMARK [2][-]{subsection.6.2}{Information-Theoretic Interpretation}{section.6}% 28
\BOOKMARK [1][-]{section.7}{Quantum Key Distribution \(Phase 4\)}{}% 29
\BOOKMARK [2][-]{subsection.7.1}{BB84 Protocol}{section.7}% 30
\BOOKMARK [2][-]{subsection.7.2}{Security Proof}{section.7}% 31
\BOOKMARK [1][-]{section.8}{Performance Analysis}{}% 32
\BOOKMARK [2][-]{subsection.8.1}{Quantum Advantage Metrics}{section.8}% 33
\BOOKMARK [2][-]{subsection.8.2}{Scalability Analysis}{section.8}% 34
\BOOKMARK [1][-]{section.9}{Experimental Results}{}% 35
\BOOKMARK [2][-]{subsection.9.1}{Quantum Entropy Quality}{section.9}% 36
\BOOKMARK [2][-]{subsection.9.2}{Post-Quantum Performance}{section.9}% 37
\BOOKMARK [1][-]{section.10}{Quantum Threat Mitigation}{}% 38
\BOOKMARK [2][-]{subsection.10.1}{Attack Scenarios}{section.10}% 39
\BOOKMARK [3][-]{subsubsection.10.1.1}{Quantum Computer Attack}{subsection.10.1}% 40
\BOOKMARK [3][-]{subsubsection.10.1.2}{Quantum Side-Channel Attack}{subsection.10.1}% 41
\BOOKMARK [2][-]{subsection.10.2}{Quantum-Safe Migration Path}{section.10}% 42
\BOOKMARK [1][-]{section.11}{Future Work}{}% 43
\BOOKMARK [2][-]{subsection.11.1}{Quantum Computing Integration}{section.11}% 44
\BOOKMARK [2][-]{subsection.11.2}{Advanced Quantum Primitives}{section.11}% 45
\BOOKMARK [3][-]{subsubsection.11.2.1}{Quantum Homomorphic Encryption}{subsection.11.2}% 46
\BOOKMARK [3][-]{subsubsection.11.2.2}{Quantum Zero-Knowledge Proofs}{subsection.11.2}% 47
\BOOKMARK [1][-]{section.12}{Conclusion}{}% 48
\BOOKMARK [1][-]{appendix.A}{Mathematical Proofs}{}% 49
\BOOKMARK [2][-]{subsection.A.1}{Quantum Security of Dilithium5}{appendix.A}% 50
\BOOKMARK [2][-]{subsection.A.2}{Entropy Bounds for QRNG}{appendix.A}% 51
