\BOOKMARK [1][-]{section.1}{Introduction: Revolutionary Privacy Architecture}{}% 1
\BOOKMARK [2][-]{subsection.1.1}{Revolutionary Paradigm Shift}{section.1}% 2
\BOOKMARK [2][-]{subsection.1.2}{Revolutionary Contributions}{section.1}% 3
\BOOKMARK [1][-]{section.2}{Revolutionary Enhancement 1: Shielded Pool Architecture}{}% 4
\BOOKMARK [2][-]{subsection.2.1}{Global Anonymity Set Paradigm}{section.2}% 5
\BOOKMARK [2][-]{subsection.2.2}{Mathematical Privacy Analysis}{section.2}% 6
\BOOKMARK [1][-]{section.3}{Revolutionary Enhancement 2: Decentralized Decoy Marketplace}{}% 7
\BOOKMARK [2][-]{subsection.3.1}{Economic Incentivization for Privacy}{section.3}% 8
\BOOKMARK [2][-]{subsection.3.2}{Machine Learning Quality Analysis}{section.3}% 9
\BOOKMARK [1][-]{section.4}{Revolutionary Enhancement 3: Adaptive AI/ML Mixing}{}% 10
\BOOKMARK [2][-]{subsection.4.1}{Real-Time Threat Detection and Optimization}{section.4}% 11
\BOOKMARK [2][-]{subsection.4.2}{Reinforcement Learning Optimization}{section.4}% 12
\BOOKMARK [1][-]{section.5}{Revolutionary Enhancement 4: Dual-Key Stealth Address Protocol}{}% 13
\BOOKMARK [2][-]{subsection.5.1}{Compliance-Preserving Privacy Architecture}{section.5}% 14
\BOOKMARK [2][-]{subsection.5.2}{Compliance Framework}{section.5}% 15
\BOOKMARK [1][-]{section.6}{Revolutionary Enhancement 5: Quantum-Resistant Signature Aggregation}{}% 16
\BOOKMARK [2][-]{subsection.6.1}{Lattice-Based BLS-Style Aggregation}{section.6}% 17
\BOOKMARK [2][-]{subsection.6.2}{Scalability Analysis}{section.6}% 18
\BOOKMARK [1][-]{section.7}{Revolutionary Enhancement 6: Enhanced Network Anonymity}{}% 19
\BOOKMARK [2][-]{subsection.7.1}{Quantum Loopix Mixnet Integration}{section.7}% 20
\BOOKMARK [2][-]{subsection.7.2}{Traffic Analysis Resistance}{section.7}% 21
\BOOKMARK [1][-]{section.8}{Performance Analysis: Revolutionary Improvements}{}% 22
\BOOKMARK [2][-]{subsection.8.1}{Comprehensive Performance Evaluation}{section.8}% 23
\BOOKMARK [2][-]{subsection.8.2}{Real-World Deployment Metrics}{section.8}% 24
\BOOKMARK [1][-]{section.9}{Security Analysis: Mathematical Privacy Guarantees}{}% 25
\BOOKMARK [2][-]{subsection.9.1}{Formal Privacy Guarantees}{section.9}% 26
\BOOKMARK [2][-]{subsection.9.2}{Post-Quantum Security}{section.9}% 27
\BOOKMARK [1][-]{section.10}{Implementation: Revolutionary Codebase}{}% 28
\BOOKMARK [2][-]{subsection.10.1}{Enhanced Codebase Architecture}{section.10}% 29
\BOOKMARK [2][-]{subsection.10.2}{Integration Architecture}{section.10}% 30
\BOOKMARK [1][-]{section.11}{Revolutionary Impact and Future Vision}{}% 31
\BOOKMARK [2][-]{subsection.11.1}{Paradigm Transformation}{section.11}% 32
\BOOKMARK [2][-]{subsection.11.2}{Mass Adoption Readiness}{section.11}% 33
\BOOKMARK [1][-]{section.12}{Conclusion: The Future of Private Digital Cash}{}% 34
\BOOKMARK [2][-]{subsection.12.1}{Revolutionary Achievements}{section.12}% 35
\BOOKMARK [2][-]{subsection.12.2}{Scientific Impact}{section.12}% 36
